[2026-06-05T14:09:45.107+0000] {processor.py:161} INFO - Started process (PID=182) to work on /opt/airflow/dags/dag_dq_checkpoint.py
[2026-06-05T14:09:45.108+0000] {processor.py:830} INFO - Processing file /opt/airflow/dags/dag_dq_checkpoint.py for tasks to queue
[2026-06-05T14:09:45.110+0000] {logging_mixin.py:188} INFO - [2026-06-05T14:09:45.109+0000] {dagbag.py:540} INFO - Filling up the DagBag from /opt/airflow/dags/dag_dq_checkpoint.py
[2026-06-05T14:09:45.143+0000] {processor.py:840} INFO - DAG(s) 'neuralretail_dq_checkpoint' retrieved from /opt/airflow/dags/dag_dq_checkpoint.py
[2026-06-05T14:09:45.249+0000] {logging_mixin.py:188} INFO - [2026-06-05T14:09:45.249+0000] {dag.py:3096} INFO - Sync 1 DAGs
[2026-06-05T14:09:45.257+0000] {logging_mixin.py:188} INFO - [2026-06-05T14:09:45.257+0000] {dag.py:3954} INFO - Setting next_dagrun for neuralretail_dq_checkpoint to None, run_after=None
[2026-06-05T14:09:45.276+0000] {processor.py:183} INFO - Processing /opt/airflow/dags/dag_dq_checkpoint.py took 0.173 seconds
[2026-06-05T14:10:15.507+0000] {processor.py:161} INFO - Started process (PID=202) to work on /opt/airflow/dags/dag_dq_checkpoint.py
[2026-06-05T14:10:15.509+0000] {processor.py:830} INFO - Processing file /opt/airflow/dags/dag_dq_checkpoint.py for tasks to queue
[2026-06-05T14:10:15.510+0000] {logging_mixin.py:188} INFO - [2026-06-05T14:10:15.510+0000] {dagbag.py:540} INFO - Filling up the DagBag from /opt/airflow/dags/dag_dq_checkpoint.py
[2026-06-05T14:10:15.607+0000] {processor.py:840} INFO - DAG(s) 'neuralretail_dq_checkpoint' retrieved from /opt/airflow/dags/dag_dq_checkpoint.py
[2026-06-05T14:10:15.640+0000] {logging_mixin.py:188} INFO - [2026-06-05T14:10:15.640+0000] {dag.py:3096} INFO - Sync 1 DAGs
[2026-06-05T14:10:15.650+0000] {logging_mixin.py:188} INFO - [2026-06-05T14:10:15.650+0000] {dag.py:3954} INFO - Setting next_dagrun for neuralretail_dq_checkpoint to None, run_after=None
[2026-06-05T14:10:15.668+0000] {processor.py:183} INFO - Processing /opt/airflow/dags/dag_dq_checkpoint.py took 0.165 seconds
[2026-06-05T14:10:46.208+0000] {processor.py:161} INFO - Started process (PID=222) to work on /opt/airflow/dags/dag_dq_checkpoint.py
[2026-06-05T14:10:46.210+0000] {processor.py:830} INFO - Processing file /opt/airflow/dags/dag_dq_checkpoint.py for tasks to queue
[2026-06-05T14:10:46.213+0000] {logging_mixin.py:188} INFO - [2026-06-05T14:10:46.213+0000] {dagbag.py:540} INFO - Filling up the DagBag from /opt/airflow/dags/dag_dq_checkpoint.py
[2026-06-05T14:10:46.315+0000] {processor.py:840} INFO - DAG(s) 'neuralretail_dq_checkpoint' retrieved from /opt/airflow/dags/dag_dq_checkpoint.py
[2026-06-05T14:10:46.403+0000] {logging_mixin.py:188} INFO - [2026-06-05T14:10:46.403+0000] {dag.py:3096} INFO - Sync 1 DAGs
[2026-06-05T14:10:46.413+0000] {logging_mixin.py:188} INFO - [2026-06-05T14:10:46.413+0000] {dag.py:3954} INFO - Setting next_dagrun for neuralretail_dq_checkpoint to None, run_after=None
[2026-06-05T14:10:46.496+0000] {processor.py:183} INFO - Processing /opt/airflow/dags/dag_dq_checkpoint.py took 0.304 seconds
[2026-06-05T14:11:16.863+0000] {processor.py:161} INFO - Started process (PID=242) to work on /opt/airflow/dags/dag_dq_checkpoint.py
[2026-06-05T14:11:16.866+0000] {processor.py:830} INFO - Processing file /opt/airflow/dags/dag_dq_checkpoint.py for tasks to queue
[2026-06-05T14:11:16.868+0000] {logging_mixin.py:188} INFO - [2026-06-05T14:11:16.868+0000] {dagbag.py:540} INFO - Filling up the DagBag from /opt/airflow/dags/dag_dq_checkpoint.py
[2026-06-05T14:11:16.968+0000] {processor.py:840} INFO - DAG(s) 'neuralretail_dq_checkpoint' retrieved from /opt/airflow/dags/dag_dq_checkpoint.py
[2026-06-05T14:11:17.067+0000] {logging_mixin.py:188} INFO - [2026-06-05T14:11:17.066+0000] {dag.py:3096} INFO - Sync 1 DAGs
[2026-06-05T14:11:17.094+0000] {logging_mixin.py:188} INFO - [2026-06-05T14:11:17.093+0000] {dag.py:3954} INFO - Setting next_dagrun for neuralretail_dq_checkpoint to None, run_after=None
[2026-06-05T14:11:17.143+0000] {processor.py:183} INFO - Processing /opt/airflow/dags/dag_dq_checkpoint.py took 0.294 seconds
[2026-06-05T14:11:47.388+0000] {processor.py:161} INFO - Started process (PID=262) to work on /opt/airflow/dags/dag_dq_checkpoint.py
[2026-06-05T14:11:47.390+0000] {processor.py:830} INFO - Processing file /opt/airflow/dags/dag_dq_checkpoint.py for tasks to queue
[2026-06-05T14:11:47.393+0000] {logging_mixin.py:188} INFO - [2026-06-05T14:11:47.392+0000] {dagbag.py:540} INFO - Filling up the DagBag from /opt/airflow/dags/dag_dq_checkpoint.py
[2026-06-05T14:11:47.426+0000] {processor.py:840} INFO - DAG(s) 'neuralretail_dq_checkpoint' retrieved from /opt/airflow/dags/dag_dq_checkpoint.py
[2026-06-05T14:11:47.463+0000] {logging_mixin.py:188} INFO - [2026-06-05T14:11:47.463+0000] {dag.py:3096} INFO - Sync 1 DAGs
[2026-06-05T14:11:47.475+0000] {logging_mixin.py:188} INFO - [2026-06-05T14:11:47.474+0000] {dag.py:3954} INFO - Setting next_dagrun for neuralretail_dq_checkpoint to None, run_after=None
[2026-06-05T14:11:47.495+0000] {processor.py:183} INFO - Processing /opt/airflow/dags/dag_dq_checkpoint.py took 0.115 seconds
[2026-06-05T14:12:17.979+0000] {processor.py:161} INFO - Started process (PID=282) to work on /opt/airflow/dags/dag_dq_checkpoint.py
[2026-06-05T14:12:17.982+0000] {processor.py:830} INFO - Processing file /opt/airflow/dags/dag_dq_checkpoint.py for tasks to queue
[2026-06-05T14:12:17.986+0000] {logging_mixin.py:188} INFO - [2026-06-05T14:12:17.985+0000] {dagbag.py:540} INFO - Filling up the DagBag from /opt/airflow/dags/dag_dq_checkpoint.py
[2026-06-05T14:12:18.060+0000] {processor.py:840} INFO - DAG(s) 'neuralretail_dq_checkpoint' retrieved from /opt/airflow/dags/dag_dq_checkpoint.py
[2026-06-05T14:12:18.097+0000] {logging_mixin.py:188} INFO - [2026-06-05T14:12:18.096+0000] {dag.py:3096} INFO - Sync 1 DAGs
[2026-06-05T14:12:18.107+0000] {logging_mixin.py:188} INFO - [2026-06-05T14:12:18.106+0000] {dag.py:3954} INFO - Setting next_dagrun for neuralretail_dq_checkpoint to None, run_after=None
[2026-06-05T14:12:18.124+0000] {processor.py:183} INFO - Processing /opt/airflow/dags/dag_dq_checkpoint.py took 0.152 seconds
[2026-06-05T14:12:48.347+0000] {processor.py:161} INFO - Started process (PID=302) to work on /opt/airflow/dags/dag_dq_checkpoint.py
[2026-06-05T14:12:48.349+0000] {processor.py:830} INFO - Processing file /opt/airflow/dags/dag_dq_checkpoint.py for tasks to queue
[2026-06-05T14:12:48.353+0000] {logging_mixin.py:188} INFO - [2026-06-05T14:12:48.352+0000] {dagbag.py:540} INFO - Filling up the DagBag from /opt/airflow/dags/dag_dq_checkpoint.py
[2026-06-05T14:12:48.459+0000] {processor.py:840} INFO - DAG(s) 'neuralretail_dq_checkpoint' retrieved from /opt/airflow/dags/dag_dq_checkpoint.py
[2026-06-05T14:12:48.553+0000] {logging_mixin.py:188} INFO - [2026-06-05T14:12:48.552+0000] {dag.py:3096} INFO - Sync 1 DAGs
[2026-06-05T14:12:48.584+0000] {logging_mixin.py:188} INFO - [2026-06-05T14:12:48.583+0000] {dag.py:3954} INFO - Setting next_dagrun for neuralretail_dq_checkpoint to None, run_after=None
[2026-06-05T14:12:48.628+0000] {processor.py:183} INFO - Processing /opt/airflow/dags/dag_dq_checkpoint.py took 0.296 seconds
[2026-06-05T14:13:19.013+0000] {processor.py:161} INFO - Started process (PID=320) to work on /opt/airflow/dags/dag_dq_checkpoint.py
[2026-06-05T14:13:19.014+0000] {processor.py:830} INFO - Processing file /opt/airflow/dags/dag_dq_checkpoint.py for tasks to queue
[2026-06-05T14:13:19.016+0000] {logging_mixin.py:188} INFO - [2026-06-05T14:13:19.016+0000] {dagbag.py:540} INFO - Filling up the DagBag from /opt/airflow/dags/dag_dq_checkpoint.py
[2026-06-05T14:13:19.051+0000] {processor.py:840} INFO - DAG(s) 'neuralretail_dq_checkpoint' retrieved from /opt/airflow/dags/dag_dq_checkpoint.py
[2026-06-05T14:13:19.093+0000] {logging_mixin.py:188} INFO - [2026-06-05T14:13:19.093+0000] {dag.py:3096} INFO - Sync 1 DAGs
[2026-06-05T14:13:19.102+0000] {logging_mixin.py:188} INFO - [2026-06-05T14:13:19.102+0000] {dag.py:3954} INFO - Setting next_dagrun for neuralretail_dq_checkpoint to None, run_after=None
[2026-06-05T14:13:19.117+0000] {processor.py:183} INFO - Processing /opt/airflow/dags/dag_dq_checkpoint.py took 0.109 seconds
[2026-06-05T14:13:49.853+0000] {processor.py:161} INFO - Started process (PID=342) to work on /opt/airflow/dags/dag_dq_checkpoint.py
[2026-06-05T14:13:49.855+0000] {processor.py:830} INFO - Processing file /opt/airflow/dags/dag_dq_checkpoint.py for tasks to queue
[2026-06-05T14:13:49.858+0000] {logging_mixin.py:188} INFO - [2026-06-05T14:13:49.857+0000] {dagbag.py:540} INFO - Filling up the DagBag from /opt/airflow/dags/dag_dq_checkpoint.py
[2026-06-05T14:13:49.906+0000] {processor.py:840} INFO - DAG(s) 'neuralretail_dq_checkpoint' retrieved from /opt/airflow/dags/dag_dq_checkpoint.py
[2026-06-05T14:13:49.961+0000] {logging_mixin.py:188} INFO - [2026-06-05T14:13:49.960+0000] {dag.py:3096} INFO - Sync 1 DAGs
[2026-06-05T14:13:49.975+0000] {logging_mixin.py:188} INFO - [2026-06-05T14:13:49.975+0000] {dag.py:3954} INFO - Setting next_dagrun for neuralretail_dq_checkpoint to None, run_after=None
[2026-06-05T14:13:50.011+0000] {processor.py:183} INFO - Processing /opt/airflow/dags/dag_dq_checkpoint.py took 0.163 seconds
[2026-06-05T14:14:20.639+0000] {processor.py:161} INFO - Started process (PID=360) to work on /opt/airflow/dags/dag_dq_checkpoint.py
[2026-06-05T14:14:20.641+0000] {processor.py:830} INFO - Processing file /opt/airflow/dags/dag_dq_checkpoint.py for tasks to queue
[2026-06-05T14:14:20.644+0000] {logging_mixin.py:188} INFO - [2026-06-05T14:14:20.643+0000] {dagbag.py:540} INFO - Filling up the DagBag from /opt/airflow/dags/dag_dq_checkpoint.py
[2026-06-05T14:14:20.724+0000] {processor.py:840} INFO - DAG(s) 'neuralretail_dq_checkpoint' retrieved from /opt/airflow/dags/dag_dq_checkpoint.py
[2026-06-05T14:14:20.802+0000] {logging_mixin.py:188} INFO - [2026-06-05T14:14:20.802+0000] {dag.py:3096} INFO - Sync 1 DAGs
[2026-06-05T14:14:20.815+0000] {logging_mixin.py:188} INFO - [2026-06-05T14:14:20.815+0000] {dag.py:3954} INFO - Setting next_dagrun for neuralretail_dq_checkpoint to None, run_after=None
[2026-06-05T14:14:20.832+0000] {processor.py:183} INFO - Processing /opt/airflow/dags/dag_dq_checkpoint.py took 0.199 seconds
[2026-06-05T14:14:54.458+0000] {processor.py:161} INFO - Started process (PID=382) to work on /opt/airflow/dags/dag_dq_checkpoint.py
[2026-06-05T14:14:54.471+0000] {processor.py:830} INFO - Processing file /opt/airflow/dags/dag_dq_checkpoint.py for tasks to queue
[2026-06-05T14:14:54.488+0000] {logging_mixin.py:188} INFO - [2026-06-05T14:14:54.487+0000] {dagbag.py:540} INFO - Filling up the DagBag from /opt/airflow/dags/dag_dq_checkpoint.py
[2026-06-05T14:14:55.347+0000] {processor.py:840} INFO - DAG(s) 'neuralretail_dq_checkpoint' retrieved from /opt/airflow/dags/dag_dq_checkpoint.py
[2026-06-05T14:14:56.148+0000] {logging_mixin.py:188} INFO - [2026-06-05T14:14:56.148+0000] {dag.py:3096} INFO - Sync 1 DAGs
[2026-06-05T14:14:56.186+0000] {logging_mixin.py:188} INFO - [2026-06-05T14:14:56.185+0000] {dag.py:3954} INFO - Setting next_dagrun for neuralretail_dq_checkpoint to None, run_after=None
[2026-06-05T14:14:56.342+0000] {processor.py:183} INFO - Processing /opt/airflow/dags/dag_dq_checkpoint.py took 1.896 seconds
[2026-06-05T14:15:26.698+0000] {processor.py:161} INFO - Started process (PID=402) to work on /opt/airflow/dags/dag_dq_checkpoint.py
[2026-06-05T14:15:26.704+0000] {processor.py:830} INFO - Processing file /opt/airflow/dags/dag_dq_checkpoint.py for tasks to queue
[2026-06-05T14:15:26.708+0000] {logging_mixin.py:188} INFO - [2026-06-05T14:15:26.708+0000] {dagbag.py:540} INFO - Filling up the DagBag from /opt/airflow/dags/dag_dq_checkpoint.py
[2026-06-05T14:15:26.821+0000] {processor.py:840} INFO - DAG(s) 'neuralretail_dq_checkpoint' retrieved from /opt/airflow/dags/dag_dq_checkpoint.py
[2026-06-05T14:15:26.882+0000] {logging_mixin.py:188} INFO - [2026-06-05T14:15:26.881+0000] {dag.py:3096} INFO - Sync 1 DAGs
[2026-06-05T14:15:26.902+0000] {logging_mixin.py:188} INFO - [2026-06-05T14:15:26.902+0000] {dag.py:3954} INFO - Setting next_dagrun for neuralretail_dq_checkpoint to None, run_after=None
[2026-06-05T14:15:26.944+0000] {processor.py:183} INFO - Processing /opt/airflow/dags/dag_dq_checkpoint.py took 0.254 seconds
[2026-06-05T14:15:57.034+0000] {processor.py:161} INFO - Started process (PID=422) to work on /opt/airflow/dags/dag_dq_checkpoint.py
[2026-06-05T14:15:57.037+0000] {processor.py:830} INFO - Processing file /opt/airflow/dags/dag_dq_checkpoint.py for tasks to queue
[2026-06-05T14:15:57.039+0000] {logging_mixin.py:188} INFO - [2026-06-05T14:15:57.039+0000] {dagbag.py:540} INFO - Filling up the DagBag from /opt/airflow/dags/dag_dq_checkpoint.py
[2026-06-05T14:15:57.085+0000] {processor.py:840} INFO - DAG(s) 'neuralretail_dq_checkpoint' retrieved from /opt/airflow/dags/dag_dq_checkpoint.py
[2026-06-05T14:15:57.130+0000] {logging_mixin.py:188} INFO - [2026-06-05T14:15:57.130+0000] {dag.py:3096} INFO - Sync 1 DAGs
[2026-06-05T14:15:57.145+0000] {logging_mixin.py:188} INFO - [2026-06-05T14:15:57.145+0000] {dag.py:3954} INFO - Setting next_dagrun for neuralretail_dq_checkpoint to None, run_after=None
[2026-06-05T14:15:57.166+0000] {processor.py:183} INFO - Processing /opt/airflow/dags/dag_dq_checkpoint.py took 0.140 seconds
[2026-06-05T14:16:27.830+0000] {processor.py:161} INFO - Started process (PID=442) to work on /opt/airflow/dags/dag_dq_checkpoint.py
[2026-06-05T14:16:27.832+0000] {processor.py:830} INFO - Processing file /opt/airflow/dags/dag_dq_checkpoint.py for tasks to queue
[2026-06-05T14:16:27.835+0000] {logging_mixin.py:188} INFO - [2026-06-05T14:16:27.834+0000] {dagbag.py:540} INFO - Filling up the DagBag from /opt/airflow/dags/dag_dq_checkpoint.py
[2026-06-05T14:16:27.930+0000] {processor.py:840} INFO - DAG(s) 'neuralretail_dq_checkpoint' retrieved from /opt/airflow/dags/dag_dq_checkpoint.py
[2026-06-05T14:16:27.963+0000] {logging_mixin.py:188} INFO - [2026-06-05T14:16:27.963+0000] {dag.py:3096} INFO - Sync 1 DAGs
[2026-06-05T14:16:27.975+0000] {logging_mixin.py:188} INFO - [2026-06-05T14:16:27.975+0000] {dag.py:3954} INFO - Setting next_dagrun for neuralretail_dq_checkpoint to None, run_after=None
[2026-06-05T14:16:28.001+0000] {processor.py:183} INFO - Processing /opt/airflow/dags/dag_dq_checkpoint.py took 0.181 seconds
[2026-06-05T14:16:58.138+0000] {processor.py:161} INFO - Started process (PID=462) to work on /opt/airflow/dags/dag_dq_checkpoint.py
[2026-06-05T14:16:58.140+0000] {processor.py:830} INFO - Processing file /opt/airflow/dags/dag_dq_checkpoint.py for tasks to queue
[2026-06-05T14:16:58.145+0000] {logging_mixin.py:188} INFO - [2026-06-05T14:16:58.144+0000] {dagbag.py:540} INFO - Filling up the DagBag from /opt/airflow/dags/dag_dq_checkpoint.py
[2026-06-05T14:16:58.251+0000] {processor.py:840} INFO - DAG(s) 'neuralretail_dq_checkpoint' retrieved from /opt/airflow/dags/dag_dq_checkpoint.py
[2026-06-05T14:16:58.285+0000] {logging_mixin.py:188} INFO - [2026-06-05T14:16:58.285+0000] {dag.py:3096} INFO - Sync 1 DAGs
[2026-06-05T14:16:58.295+0000] {logging_mixin.py:188} INFO - [2026-06-05T14:16:58.295+0000] {dag.py:3954} INFO - Setting next_dagrun for neuralretail_dq_checkpoint to None, run_after=None
[2026-06-05T14:16:58.314+0000] {processor.py:183} INFO - Processing /opt/airflow/dags/dag_dq_checkpoint.py took 0.188 seconds
[2026-06-05T14:17:28.555+0000] {processor.py:161} INFO - Started process (PID=482) to work on /opt/airflow/dags/dag_dq_checkpoint.py
[2026-06-05T14:17:28.556+0000] {processor.py:830} INFO - Processing file /opt/airflow/dags/dag_dq_checkpoint.py for tasks to queue
[2026-06-05T14:17:28.560+0000] {logging_mixin.py:188} INFO - [2026-06-05T14:17:28.559+0000] {dagbag.py:540} INFO - Filling up the DagBag from /opt/airflow/dags/dag_dq_checkpoint.py
[2026-06-05T14:17:28.680+0000] {processor.py:840} INFO - DAG(s) 'neuralretail_dq_checkpoint' retrieved from /opt/airflow/dags/dag_dq_checkpoint.py
[2026-06-05T14:17:28.798+0000] {logging_mixin.py:188} INFO - [2026-06-05T14:17:28.798+0000] {dag.py:3096} INFO - Sync 1 DAGs
[2026-06-05T14:17:28.835+0000] {logging_mixin.py:188} INFO - [2026-06-05T14:17:28.834+0000] {dag.py:3954} INFO - Setting next_dagrun for neuralretail_dq_checkpoint to None, run_after=None
[2026-06-05T14:17:28.902+0000] {processor.py:183} INFO - Processing /opt/airflow/dags/dag_dq_checkpoint.py took 0.362 seconds
[2026-06-05T14:17:59.927+0000] {processor.py:161} INFO - Started process (PID=502) to work on /opt/airflow/dags/dag_dq_checkpoint.py
[2026-06-05T14:17:59.928+0000] {processor.py:830} INFO - Processing file /opt/airflow/dags/dag_dq_checkpoint.py for tasks to queue
[2026-06-05T14:17:59.930+0000] {logging_mixin.py:188} INFO - [2026-06-05T14:17:59.930+0000] {dagbag.py:540} INFO - Filling up the DagBag from /opt/airflow/dags/dag_dq_checkpoint.py
[2026-06-05T14:17:59.968+0000] {processor.py:840} INFO - DAG(s) 'neuralretail_dq_checkpoint' retrieved from /opt/airflow/dags/dag_dq_checkpoint.py
[2026-06-05T14:17:59.998+0000] {logging_mixin.py:188} INFO - [2026-06-05T14:17:59.998+0000] {dag.py:3096} INFO - Sync 1 DAGs
[2026-06-05T14:18:00.008+0000] {logging_mixin.py:188} INFO - [2026-06-05T14:18:00.008+0000] {dag.py:3954} INFO - Setting next_dagrun for neuralretail_dq_checkpoint to None, run_after=None
[2026-06-05T14:18:00.058+0000] {processor.py:183} INFO - Processing /opt/airflow/dags/dag_dq_checkpoint.py took 0.135 seconds
[2026-06-05T14:18:30.511+0000] {processor.py:161} INFO - Started process (PID=522) to work on /opt/airflow/dags/dag_dq_checkpoint.py
[2026-06-05T14:18:30.514+0000] {processor.py:830} INFO - Processing file /opt/airflow/dags/dag_dq_checkpoint.py for tasks to queue
[2026-06-05T14:18:30.521+0000] {logging_mixin.py:188} INFO - [2026-06-05T14:18:30.520+0000] {dagbag.py:540} INFO - Filling up the DagBag from /opt/airflow/dags/dag_dq_checkpoint.py
[2026-06-05T14:18:30.656+0000] {processor.py:840} INFO - DAG(s) 'neuralretail_dq_checkpoint' retrieved from /opt/airflow/dags/dag_dq_checkpoint.py
[2026-06-05T14:18:30.762+0000] {logging_mixin.py:188} INFO - [2026-06-05T14:18:30.762+0000] {dag.py:3096} INFO - Sync 1 DAGs
[2026-06-05T14:18:30.791+0000] {logging_mixin.py:188} INFO - [2026-06-05T14:18:30.790+0000] {dag.py:3954} INFO - Setting next_dagrun for neuralretail_dq_checkpoint to None, run_after=None
[2026-06-05T14:18:30.856+0000] {processor.py:183} INFO - Processing /opt/airflow/dags/dag_dq_checkpoint.py took 0.357 seconds
[2026-06-05T14:19:01.682+0000] {processor.py:161} INFO - Started process (PID=542) to work on /opt/airflow/dags/dag_dq_checkpoint.py
[2026-06-05T14:19:01.685+0000] {processor.py:830} INFO - Processing file /opt/airflow/dags/dag_dq_checkpoint.py for tasks to queue
[2026-06-05T14:19:01.691+0000] {logging_mixin.py:188} INFO - [2026-06-05T14:19:01.690+0000] {dagbag.py:540} INFO - Filling up the DagBag from /opt/airflow/dags/dag_dq_checkpoint.py
[2026-06-05T14:19:01.763+0000] {processor.py:840} INFO - DAG(s) 'neuralretail_dq_checkpoint' retrieved from /opt/airflow/dags/dag_dq_checkpoint.py
[2026-06-05T14:19:01.801+0000] {logging_mixin.py:188} INFO - [2026-06-05T14:19:01.801+0000] {dag.py:3096} INFO - Sync 1 DAGs
[2026-06-05T14:19:01.815+0000] {logging_mixin.py:188} INFO - [2026-06-05T14:19:01.814+0000] {dag.py:3954} INFO - Setting next_dagrun for neuralretail_dq_checkpoint to None, run_after=None
[2026-06-05T14:19:01.836+0000] {processor.py:183} INFO - Processing /opt/airflow/dags/dag_dq_checkpoint.py took 0.160 seconds
[2026-06-05T14:19:32.085+0000] {processor.py:161} INFO - Started process (PID=562) to work on /opt/airflow/dags/dag_dq_checkpoint.py
[2026-06-05T14:19:32.086+0000] {processor.py:830} INFO - Processing file /opt/airflow/dags/dag_dq_checkpoint.py for tasks to queue
[2026-06-05T14:19:32.088+0000] {logging_mixin.py:188} INFO - [2026-06-05T14:19:32.087+0000] {dagbag.py:540} INFO - Filling up the DagBag from /opt/airflow/dags/dag_dq_checkpoint.py
[2026-06-05T14:19:32.123+0000] {processor.py:840} INFO - DAG(s) 'neuralretail_dq_checkpoint' retrieved from /opt/airflow/dags/dag_dq_checkpoint.py
[2026-06-05T14:19:32.166+0000] {logging_mixin.py:188} INFO - [2026-06-05T14:19:32.166+0000] {dag.py:3096} INFO - Sync 1 DAGs
[2026-06-05T14:19:32.190+0000] {logging_mixin.py:188} INFO - [2026-06-05T14:19:32.190+0000] {dag.py:3954} INFO - Setting next_dagrun for neuralretail_dq_checkpoint to None, run_after=None
[2026-06-05T14:19:32.233+0000] {processor.py:183} INFO - Processing /opt/airflow/dags/dag_dq_checkpoint.py took 0.154 seconds
[2026-06-05T14:20:03.267+0000] {processor.py:161} INFO - Started process (PID=582) to work on /opt/airflow/dags/dag_dq_checkpoint.py
[2026-06-05T14:20:03.269+0000] {processor.py:830} INFO - Processing file /opt/airflow/dags/dag_dq_checkpoint.py for tasks to queue
[2026-06-05T14:20:03.275+0000] {logging_mixin.py:188} INFO - [2026-06-05T14:20:03.274+0000] {dagbag.py:540} INFO - Filling up the DagBag from /opt/airflow/dags/dag_dq_checkpoint.py
[2026-06-05T14:20:03.404+0000] {processor.py:840} INFO - DAG(s) 'neuralretail_dq_checkpoint' retrieved from /opt/airflow/dags/dag_dq_checkpoint.py
[2026-06-05T14:20:03.504+0000] {logging_mixin.py:188} INFO - [2026-06-05T14:20:03.504+0000] {dag.py:3096} INFO - Sync 1 DAGs
[2026-06-05T14:20:03.533+0000] {logging_mixin.py:188} INFO - [2026-06-05T14:20:03.533+0000] {dag.py:3954} INFO - Setting next_dagrun for neuralretail_dq_checkpoint to None, run_after=None
[2026-06-05T14:20:03.578+0000] {processor.py:183} INFO - Processing /opt/airflow/dags/dag_dq_checkpoint.py took 0.325 seconds
[2026-06-05T14:20:34.655+0000] {processor.py:161} INFO - Started process (PID=602) to work on /opt/airflow/dags/dag_dq_checkpoint.py
[2026-06-05T14:20:34.658+0000] {processor.py:830} INFO - Processing file /opt/airflow/dags/dag_dq_checkpoint.py for tasks to queue
[2026-06-05T14:20:34.663+0000] {logging_mixin.py:188} INFO - [2026-06-05T14:20:34.662+0000] {dagbag.py:540} INFO - Filling up the DagBag from /opt/airflow/dags/dag_dq_checkpoint.py
[2026-06-05T14:20:34.760+0000] {processor.py:840} INFO - DAG(s) 'neuralretail_dq_checkpoint' retrieved from /opt/airflow/dags/dag_dq_checkpoint.py
[2026-06-05T14:20:34.867+0000] {logging_mixin.py:188} INFO - [2026-06-05T14:20:34.866+0000] {dag.py:3096} INFO - Sync 1 DAGs
[2026-06-05T14:20:34.892+0000] {logging_mixin.py:188} INFO - [2026-06-05T14:20:34.892+0000] {dag.py:3954} INFO - Setting next_dagrun for neuralretail_dq_checkpoint to None, run_after=None
[2026-06-05T14:20:34.928+0000] {processor.py:183} INFO - Processing /opt/airflow/dags/dag_dq_checkpoint.py took 0.290 seconds
[2026-06-05T14:21:05.168+0000] {processor.py:161} INFO - Started process (PID=622) to work on /opt/airflow/dags/dag_dq_checkpoint.py
[2026-06-05T14:21:05.171+0000] {processor.py:830} INFO - Processing file /opt/airflow/dags/dag_dq_checkpoint.py for tasks to queue
[2026-06-05T14:21:05.175+0000] {logging_mixin.py:188} INFO - [2026-06-05T14:21:05.174+0000] {dagbag.py:540} INFO - Filling up the DagBag from /opt/airflow/dags/dag_dq_checkpoint.py
[2026-06-05T14:21:05.232+0000] {processor.py:840} INFO - DAG(s) 'neuralretail_dq_checkpoint' retrieved from /opt/airflow/dags/dag_dq_checkpoint.py
[2026-06-05T14:21:05.274+0000] {logging_mixin.py:188} INFO - [2026-06-05T14:21:05.273+0000] {dag.py:3096} INFO - Sync 1 DAGs
[2026-06-05T14:21:05.287+0000] {logging_mixin.py:188} INFO - [2026-06-05T14:21:05.287+0000] {dag.py:3954} INFO - Setting next_dagrun for neuralretail_dq_checkpoint to None, run_after=None
[2026-06-05T14:21:05.309+0000] {processor.py:183} INFO - Processing /opt/airflow/dags/dag_dq_checkpoint.py took 0.155 seconds
[2026-06-05T14:21:35.637+0000] {processor.py:161} INFO - Started process (PID=642) to work on /opt/airflow/dags/dag_dq_checkpoint.py
[2026-06-05T14:21:35.640+0000] {processor.py:830} INFO - Processing file /opt/airflow/dags/dag_dq_checkpoint.py for tasks to queue
[2026-06-05T14:21:35.647+0000] {logging_mixin.py:188} INFO - [2026-06-05T14:21:35.645+0000] {dagbag.py:540} INFO - Filling up the DagBag from /opt/airflow/dags/dag_dq_checkpoint.py
[2026-06-05T14:21:35.714+0000] {processor.py:840} INFO - DAG(s) 'neuralretail_dq_checkpoint' retrieved from /opt/airflow/dags/dag_dq_checkpoint.py
[2026-06-05T14:21:35.805+0000] {logging_mixin.py:188} INFO - [2026-06-05T14:21:35.805+0000] {dag.py:3096} INFO - Sync 1 DAGs
[2026-06-05T14:21:35.845+0000] {logging_mixin.py:188} INFO - [2026-06-05T14:21:35.844+0000] {dag.py:3954} INFO - Setting next_dagrun for neuralretail_dq_checkpoint to None, run_after=None
[2026-06-05T14:21:35.894+0000] {processor.py:183} INFO - Processing /opt/airflow/dags/dag_dq_checkpoint.py took 0.276 seconds
[2026-06-05T14:22:06.375+0000] {processor.py:161} INFO - Started process (PID=662) to work on /opt/airflow/dags/dag_dq_checkpoint.py
[2026-06-05T14:22:06.376+0000] {processor.py:830} INFO - Processing file /opt/airflow/dags/dag_dq_checkpoint.py for tasks to queue
[2026-06-05T14:22:06.378+0000] {logging_mixin.py:188} INFO - [2026-06-05T14:22:06.378+0000] {dagbag.py:540} INFO - Filling up the DagBag from /opt/airflow/dags/dag_dq_checkpoint.py
[2026-06-05T14:22:06.433+0000] {processor.py:840} INFO - DAG(s) 'neuralretail_dq_checkpoint' retrieved from /opt/airflow/dags/dag_dq_checkpoint.py
[2026-06-05T14:22:06.470+0000] {logging_mixin.py:188} INFO - [2026-06-05T14:22:06.470+0000] {dag.py:3096} INFO - Sync 1 DAGs
[2026-06-05T14:22:06.480+0000] {logging_mixin.py:188} INFO - [2026-06-05T14:22:06.480+0000] {dag.py:3954} INFO - Setting next_dagrun for neuralretail_dq_checkpoint to None, run_after=None
[2026-06-05T14:22:06.500+0000] {processor.py:183} INFO - Processing /opt/airflow/dags/dag_dq_checkpoint.py took 0.132 seconds
[2026-06-05T14:22:36.650+0000] {processor.py:161} INFO - Started process (PID=682) to work on /opt/airflow/dags/dag_dq_checkpoint.py
[2026-06-05T14:22:36.653+0000] {processor.py:830} INFO - Processing file /opt/airflow/dags/dag_dq_checkpoint.py for tasks to queue
[2026-06-05T14:22:36.656+0000] {logging_mixin.py:188} INFO - [2026-06-05T14:22:36.655+0000] {dagbag.py:540} INFO - Filling up the DagBag from /opt/airflow/dags/dag_dq_checkpoint.py
[2026-06-05T14:22:36.714+0000] {processor.py:840} INFO - DAG(s) 'neuralretail_dq_checkpoint' retrieved from /opt/airflow/dags/dag_dq_checkpoint.py
[2026-06-05T14:22:36.766+0000] {logging_mixin.py:188} INFO - [2026-06-05T14:22:36.766+0000] {dag.py:3096} INFO - Sync 1 DAGs
[2026-06-05T14:22:36.787+0000] {logging_mixin.py:188} INFO - [2026-06-05T14:22:36.787+0000] {dag.py:3954} INFO - Setting next_dagrun for neuralretail_dq_checkpoint to None, run_after=None
[2026-06-05T14:22:36.809+0000] {processor.py:183} INFO - Processing /opt/airflow/dags/dag_dq_checkpoint.py took 0.168 seconds
[2026-06-05T14:23:07.626+0000] {processor.py:161} INFO - Started process (PID=702) to work on /opt/airflow/dags/dag_dq_checkpoint.py
[2026-06-05T14:23:07.628+0000] {processor.py:830} INFO - Processing file /opt/airflow/dags/dag_dq_checkpoint.py for tasks to queue
[2026-06-05T14:23:07.631+0000] {logging_mixin.py:188} INFO - [2026-06-05T14:23:07.630+0000] {dagbag.py:540} INFO - Filling up the DagBag from /opt/airflow/dags/dag_dq_checkpoint.py
[2026-06-05T14:23:07.680+0000] {processor.py:840} INFO - DAG(s) 'neuralretail_dq_checkpoint' retrieved from /opt/airflow/dags/dag_dq_checkpoint.py
[2026-06-05T14:23:07.713+0000] {logging_mixin.py:188} INFO - [2026-06-05T14:23:07.713+0000] {dag.py:3096} INFO - Sync 1 DAGs
[2026-06-05T14:23:07.724+0000] {logging_mixin.py:188} INFO - [2026-06-05T14:23:07.724+0000] {dag.py:3954} INFO - Setting next_dagrun for neuralretail_dq_checkpoint to None, run_after=None
[2026-06-05T14:23:07.748+0000] {processor.py:183} INFO - Processing /opt/airflow/dags/dag_dq_checkpoint.py took 0.130 seconds
[2026-06-05T14:23:38.188+0000] {processor.py:161} INFO - Started process (PID=722) to work on /opt/airflow/dags/dag_dq_checkpoint.py
[2026-06-05T14:23:38.192+0000] {processor.py:830} INFO - Processing file /opt/airflow/dags/dag_dq_checkpoint.py for tasks to queue
[2026-06-05T14:23:38.198+0000] {logging_mixin.py:188} INFO - [2026-06-05T14:23:38.197+0000] {dagbag.py:540} INFO - Filling up the DagBag from /opt/airflow/dags/dag_dq_checkpoint.py
[2026-06-05T14:23:38.277+0000] {processor.py:840} INFO - DAG(s) 'neuralretail_dq_checkpoint' retrieved from /opt/airflow/dags/dag_dq_checkpoint.py
[2026-06-05T14:23:38.353+0000] {logging_mixin.py:188} INFO - [2026-06-05T14:23:38.353+0000] {dag.py:3096} INFO - Sync 1 DAGs
[2026-06-05T14:23:38.379+0000] {logging_mixin.py:188} INFO - [2026-06-05T14:23:38.379+0000] {dag.py:3954} INFO - Setting next_dagrun for neuralretail_dq_checkpoint to None, run_after=None
[2026-06-05T14:23:38.415+0000] {processor.py:183} INFO - Processing /opt/airflow/dags/dag_dq_checkpoint.py took 0.238 seconds
[2026-06-05T14:24:09.513+0000] {processor.py:161} INFO - Started process (PID=742) to work on /opt/airflow/dags/dag_dq_checkpoint.py
[2026-06-05T14:24:09.515+0000] {processor.py:830} INFO - Processing file /opt/airflow/dags/dag_dq_checkpoint.py for tasks to queue
[2026-06-05T14:24:09.520+0000] {logging_mixin.py:188} INFO - [2026-06-05T14:24:09.519+0000] {dagbag.py:540} INFO - Filling up the DagBag from /opt/airflow/dags/dag_dq_checkpoint.py
[2026-06-05T14:24:09.592+0000] {processor.py:840} INFO - DAG(s) 'neuralretail_dq_checkpoint' retrieved from /opt/airflow/dags/dag_dq_checkpoint.py
[2026-06-05T14:24:09.705+0000] {logging_mixin.py:188} INFO - [2026-06-05T14:24:09.704+0000] {dag.py:3096} INFO - Sync 1 DAGs
[2026-06-05T14:24:09.759+0000] {logging_mixin.py:188} INFO - [2026-06-05T14:24:09.758+0000] {dag.py:3954} INFO - Setting next_dagrun for neuralretail_dq_checkpoint to None, run_after=None
[2026-06-05T14:24:09.836+0000] {processor.py:183} INFO - Processing /opt/airflow/dags/dag_dq_checkpoint.py took 0.336 seconds
[2026-06-05T14:24:40.026+0000] {processor.py:161} INFO - Started process (PID=762) to work on /opt/airflow/dags/dag_dq_checkpoint.py
[2026-06-05T14:24:40.028+0000] {processor.py:830} INFO - Processing file /opt/airflow/dags/dag_dq_checkpoint.py for tasks to queue
[2026-06-05T14:24:40.030+0000] {logging_mixin.py:188} INFO - [2026-06-05T14:24:40.030+0000] {dagbag.py:540} INFO - Filling up the DagBag from /opt/airflow/dags/dag_dq_checkpoint.py
[2026-06-05T14:24:40.084+0000] {processor.py:840} INFO - DAG(s) 'neuralretail_dq_checkpoint' retrieved from /opt/airflow/dags/dag_dq_checkpoint.py
[2026-06-05T14:24:40.128+0000] {logging_mixin.py:188} INFO - [2026-06-05T14:24:40.128+0000] {dag.py:3096} INFO - Sync 1 DAGs
[2026-06-05T14:24:40.140+0000] {logging_mixin.py:188} INFO - [2026-06-05T14:24:40.140+0000] {dag.py:3954} INFO - Setting next_dagrun for neuralretail_dq_checkpoint to None, run_after=None
[2026-06-05T14:24:40.162+0000] {processor.py:183} INFO - Processing /opt/airflow/dags/dag_dq_checkpoint.py took 0.141 seconds
[2026-06-05T14:25:11.167+0000] {processor.py:161} INFO - Started process (PID=782) to work on /opt/airflow/dags/dag_dq_checkpoint.py
[2026-06-05T14:25:11.170+0000] {processor.py:830} INFO - Processing file /opt/airflow/dags/dag_dq_checkpoint.py for tasks to queue
[2026-06-05T14:25:11.172+0000] {logging_mixin.py:188} INFO - [2026-06-05T14:25:11.172+0000] {dagbag.py:540} INFO - Filling up the DagBag from /opt/airflow/dags/dag_dq_checkpoint.py
[2026-06-05T14:25:11.217+0000] {processor.py:840} INFO - DAG(s) 'neuralretail_dq_checkpoint' retrieved from /opt/airflow/dags/dag_dq_checkpoint.py
[2026-06-05T14:25:11.296+0000] {logging_mixin.py:188} INFO - [2026-06-05T14:25:11.296+0000] {dag.py:3096} INFO - Sync 1 DAGs
[2026-06-05T14:25:11.319+0000] {logging_mixin.py:188} INFO - [2026-06-05T14:25:11.318+0000] {dag.py:3954} INFO - Setting next_dagrun for neuralretail_dq_checkpoint to None, run_after=None
[2026-06-05T14:25:11.349+0000] {processor.py:183} INFO - Processing /opt/airflow/dags/dag_dq_checkpoint.py took 0.188 seconds
[2026-06-05T14:25:42.071+0000] {processor.py:161} INFO - Started process (PID=802) to work on /opt/airflow/dags/dag_dq_checkpoint.py
[2026-06-05T14:25:42.073+0000] {processor.py:830} INFO - Processing file /opt/airflow/dags/dag_dq_checkpoint.py for tasks to queue
[2026-06-05T14:25:42.075+0000] {logging_mixin.py:188} INFO - [2026-06-05T14:25:42.075+0000] {dagbag.py:540} INFO - Filling up the DagBag from /opt/airflow/dags/dag_dq_checkpoint.py
[2026-06-05T14:25:42.121+0000] {processor.py:840} INFO - DAG(s) 'neuralretail_dq_checkpoint' retrieved from /opt/airflow/dags/dag_dq_checkpoint.py
[2026-06-05T14:25:42.164+0000] {logging_mixin.py:188} INFO - [2026-06-05T14:25:42.163+0000] {dag.py:3096} INFO - Sync 1 DAGs
[2026-06-05T14:25:42.182+0000] {logging_mixin.py:188} INFO - [2026-06-05T14:25:42.182+0000] {dag.py:3954} INFO - Setting next_dagrun for neuralretail_dq_checkpoint to None, run_after=None
[2026-06-05T14:25:42.205+0000] {processor.py:183} INFO - Processing /opt/airflow/dags/dag_dq_checkpoint.py took 0.138 seconds
[2026-06-05T14:26:13.273+0000] {processor.py:161} INFO - Started process (PID=822) to work on /opt/airflow/dags/dag_dq_checkpoint.py
[2026-06-05T14:26:13.278+0000] {processor.py:830} INFO - Processing file /opt/airflow/dags/dag_dq_checkpoint.py for tasks to queue
[2026-06-05T14:26:13.283+0000] {logging_mixin.py:188} INFO - [2026-06-05T14:26:13.282+0000] {dagbag.py:540} INFO - Filling up the DagBag from /opt/airflow/dags/dag_dq_checkpoint.py
[2026-06-05T14:26:13.366+0000] {processor.py:840} INFO - DAG(s) 'neuralretail_dq_checkpoint' retrieved from /opt/airflow/dags/dag_dq_checkpoint.py
[2026-06-05T14:26:13.449+0000] {logging_mixin.py:188} INFO - [2026-06-05T14:26:13.448+0000] {dag.py:3096} INFO - Sync 1 DAGs
[2026-06-05T14:26:13.477+0000] {logging_mixin.py:188} INFO - [2026-06-05T14:26:13.477+0000] {dag.py:3954} INFO - Setting next_dagrun for neuralretail_dq_checkpoint to None, run_after=None
[2026-06-05T14:26:13.528+0000] {processor.py:183} INFO - Processing /opt/airflow/dags/dag_dq_checkpoint.py took 0.268 seconds
[2026-06-05T14:26:44.543+0000] {processor.py:161} INFO - Started process (PID=842) to work on /opt/airflow/dags/dag_dq_checkpoint.py
[2026-06-05T14:26:44.546+0000] {processor.py:830} INFO - Processing file /opt/airflow/dags/dag_dq_checkpoint.py for tasks to queue
[2026-06-05T14:26:44.549+0000] {logging_mixin.py:188} INFO - [2026-06-05T14:26:44.549+0000] {dagbag.py:540} INFO - Filling up the DagBag from /opt/airflow/dags/dag_dq_checkpoint.py
[2026-06-05T14:26:44.609+0000] {processor.py:840} INFO - DAG(s) 'neuralretail_dq_checkpoint' retrieved from /opt/airflow/dags/dag_dq_checkpoint.py
[2026-06-05T14:26:44.675+0000] {logging_mixin.py:188} INFO - [2026-06-05T14:26:44.674+0000] {dag.py:3096} INFO - Sync 1 DAGs
[2026-06-05T14:26:44.693+0000] {logging_mixin.py:188} INFO - [2026-06-05T14:26:44.693+0000] {dag.py:3954} INFO - Setting next_dagrun for neuralretail_dq_checkpoint to None, run_after=None
[2026-06-05T14:26:44.721+0000] {processor.py:183} INFO - Processing /opt/airflow/dags/dag_dq_checkpoint.py took 0.183 seconds
[2026-06-05T14:27:15.653+0000] {processor.py:161} INFO - Started process (PID=862) to work on /opt/airflow/dags/dag_dq_checkpoint.py
[2026-06-05T14:27:15.654+0000] {processor.py:830} INFO - Processing file /opt/airflow/dags/dag_dq_checkpoint.py for tasks to queue
[2026-06-05T14:27:15.656+0000] {logging_mixin.py:188} INFO - [2026-06-05T14:27:15.656+0000] {dagbag.py:540} INFO - Filling up the DagBag from /opt/airflow/dags/dag_dq_checkpoint.py
[2026-06-05T14:27:15.707+0000] {processor.py:840} INFO - DAG(s) 'neuralretail_dq_checkpoint' retrieved from /opt/airflow/dags/dag_dq_checkpoint.py
[2026-06-05T14:27:15.765+0000] {logging_mixin.py:188} INFO - [2026-06-05T14:27:15.764+0000] {dag.py:3096} INFO - Sync 1 DAGs
[2026-06-05T14:27:15.779+0000] {logging_mixin.py:188} INFO - [2026-06-05T14:27:15.779+0000] {dag.py:3954} INFO - Setting next_dagrun for neuralretail_dq_checkpoint to None, run_after=None
[2026-06-05T14:27:15.805+0000] {processor.py:183} INFO - Processing /opt/airflow/dags/dag_dq_checkpoint.py took 0.158 seconds
[2026-06-05T14:27:45.916+0000] {processor.py:161} INFO - Started process (PID=882) to work on /opt/airflow/dags/dag_dq_checkpoint.py
[2026-06-05T14:27:45.919+0000] {processor.py:830} INFO - Processing file /opt/airflow/dags/dag_dq_checkpoint.py for tasks to queue
[2026-06-05T14:27:45.921+0000] {logging_mixin.py:188} INFO - [2026-06-05T14:27:45.921+0000] {dagbag.py:540} INFO - Filling up the DagBag from /opt/airflow/dags/dag_dq_checkpoint.py
[2026-06-05T14:27:45.975+0000] {processor.py:840} INFO - DAG(s) 'neuralretail_dq_checkpoint' retrieved from /opt/airflow/dags/dag_dq_checkpoint.py
[2026-06-05T14:27:46.020+0000] {logging_mixin.py:188} INFO - [2026-06-05T14:27:46.020+0000] {dag.py:3096} INFO - Sync 1 DAGs
[2026-06-05T14:27:46.037+0000] {logging_mixin.py:188} INFO - [2026-06-05T14:27:46.037+0000] {dag.py:3954} INFO - Setting next_dagrun for neuralretail_dq_checkpoint to None, run_after=None
[2026-06-05T14:27:46.072+0000] {processor.py:183} INFO - Processing /opt/airflow/dags/dag_dq_checkpoint.py took 0.167 seconds
[2026-06-05T14:28:16.354+0000] {processor.py:161} INFO - Started process (PID=902) to work on /opt/airflow/dags/dag_dq_checkpoint.py
[2026-06-05T14:28:16.357+0000] {processor.py:830} INFO - Processing file /opt/airflow/dags/dag_dq_checkpoint.py for tasks to queue
[2026-06-05T14:28:16.364+0000] {logging_mixin.py:188} INFO - [2026-06-05T14:28:16.363+0000] {dagbag.py:540} INFO - Filling up the DagBag from /opt/airflow/dags/dag_dq_checkpoint.py
[2026-06-05T14:28:16.461+0000] {processor.py:840} INFO - DAG(s) 'neuralretail_dq_checkpoint' retrieved from /opt/airflow/dags/dag_dq_checkpoint.py
[2026-06-05T14:28:16.520+0000] {logging_mixin.py:188} INFO - [2026-06-05T14:28:16.520+0000] {dag.py:3096} INFO - Sync 1 DAGs
[2026-06-05T14:28:16.534+0000] {logging_mixin.py:188} INFO - [2026-06-05T14:28:16.534+0000] {dag.py:3954} INFO - Setting next_dagrun for neuralretail_dq_checkpoint to None, run_after=None
[2026-06-05T14:28:16.558+0000] {processor.py:183} INFO - Processing /opt/airflow/dags/dag_dq_checkpoint.py took 0.217 seconds
[2026-06-05T14:28:46.744+0000] {processor.py:161} INFO - Started process (PID=922) to work on /opt/airflow/dags/dag_dq_checkpoint.py
[2026-06-05T14:28:46.747+0000] {processor.py:830} INFO - Processing file /opt/airflow/dags/dag_dq_checkpoint.py for tasks to queue
[2026-06-05T14:28:46.750+0000] {logging_mixin.py:188} INFO - [2026-06-05T14:28:46.750+0000] {dagbag.py:540} INFO - Filling up the DagBag from /opt/airflow/dags/dag_dq_checkpoint.py
[2026-06-05T14:28:46.857+0000] {processor.py:840} INFO - DAG(s) 'neuralretail_dq_checkpoint' retrieved from /opt/airflow/dags/dag_dq_checkpoint.py
[2026-06-05T14:28:46.919+0000] {logging_mixin.py:188} INFO - [2026-06-05T14:28:46.919+0000] {dag.py:3096} INFO - Sync 1 DAGs
[2026-06-05T14:28:46.933+0000] {logging_mixin.py:188} INFO - [2026-06-05T14:28:46.932+0000] {dag.py:3954} INFO - Setting next_dagrun for neuralretail_dq_checkpoint to None, run_after=None
[2026-06-05T14:28:46.954+0000] {processor.py:183} INFO - Processing /opt/airflow/dags/dag_dq_checkpoint.py took 0.228 seconds
[2026-06-05T14:29:17.161+0000] {processor.py:161} INFO - Started process (PID=942) to work on /opt/airflow/dags/dag_dq_checkpoint.py
[2026-06-05T14:29:17.164+0000] {processor.py:830} INFO - Processing file /opt/airflow/dags/dag_dq_checkpoint.py for tasks to queue
[2026-06-05T14:29:17.166+0000] {logging_mixin.py:188} INFO - [2026-06-05T14:29:17.165+0000] {dagbag.py:540} INFO - Filling up the DagBag from /opt/airflow/dags/dag_dq_checkpoint.py
[2026-06-05T14:29:17.226+0000] {processor.py:840} INFO - DAG(s) 'neuralretail_dq_checkpoint' retrieved from /opt/airflow/dags/dag_dq_checkpoint.py
[2026-06-05T14:29:17.264+0000] {logging_mixin.py:188} INFO - [2026-06-05T14:29:17.264+0000] {dag.py:3096} INFO - Sync 1 DAGs
[2026-06-05T14:29:17.276+0000] {logging_mixin.py:188} INFO - [2026-06-05T14:29:17.276+0000] {dag.py:3954} INFO - Setting next_dagrun for neuralretail_dq_checkpoint to None, run_after=None
[2026-06-05T14:29:17.298+0000] {processor.py:183} INFO - Processing /opt/airflow/dags/dag_dq_checkpoint.py took 0.145 seconds
[2026-06-05T14:29:47.854+0000] {processor.py:161} INFO - Started process (PID=962) to work on /opt/airflow/dags/dag_dq_checkpoint.py
[2026-06-05T14:29:47.856+0000] {processor.py:830} INFO - Processing file /opt/airflow/dags/dag_dq_checkpoint.py for tasks to queue
[2026-06-05T14:29:47.863+0000] {logging_mixin.py:188} INFO - [2026-06-05T14:29:47.861+0000] {dagbag.py:540} INFO - Filling up the DagBag from /opt/airflow/dags/dag_dq_checkpoint.py
[2026-06-05T14:29:47.963+0000] {processor.py:840} INFO - DAG(s) 'neuralretail_dq_checkpoint' retrieved from /opt/airflow/dags/dag_dq_checkpoint.py
[2026-06-05T14:29:48.046+0000] {logging_mixin.py:188} INFO - [2026-06-05T14:29:48.046+0000] {dag.py:3096} INFO - Sync 1 DAGs
[2026-06-05T14:29:48.072+0000] {logging_mixin.py:188} INFO - [2026-06-05T14:29:48.072+0000] {dag.py:3954} INFO - Setting next_dagrun for neuralretail_dq_checkpoint to None, run_after=None
[2026-06-05T14:29:48.124+0000] {processor.py:183} INFO - Processing /opt/airflow/dags/dag_dq_checkpoint.py took 0.281 seconds
[2026-06-05T14:30:18.433+0000] {processor.py:161} INFO - Started process (PID=982) to work on /opt/airflow/dags/dag_dq_checkpoint.py
[2026-06-05T14:30:18.436+0000] {processor.py:830} INFO - Processing file /opt/airflow/dags/dag_dq_checkpoint.py for tasks to queue
[2026-06-05T14:30:18.438+0000] {logging_mixin.py:188} INFO - [2026-06-05T14:30:18.437+0000] {dagbag.py:540} INFO - Filling up the DagBag from /opt/airflow/dags/dag_dq_checkpoint.py
[2026-06-05T14:30:18.491+0000] {processor.py:840} INFO - DAG(s) 'neuralretail_dq_checkpoint' retrieved from /opt/airflow/dags/dag_dq_checkpoint.py
[2026-06-05T14:30:18.585+0000] {logging_mixin.py:188} INFO - [2026-06-05T14:30:18.584+0000] {dag.py:3096} INFO - Sync 1 DAGs
[2026-06-05T14:30:18.801+0000] {logging_mixin.py:188} INFO - [2026-06-05T14:30:18.800+0000] {dag.py:3954} INFO - Setting next_dagrun for neuralretail_dq_checkpoint to None, run_after=None
[2026-06-05T14:30:18.853+0000] {processor.py:183} INFO - Processing /opt/airflow/dags/dag_dq_checkpoint.py took 0.427 seconds
[2026-06-05T14:30:49.310+0000] {processor.py:161} INFO - Started process (PID=1002) to work on /opt/airflow/dags/dag_dq_checkpoint.py
[2026-06-05T14:30:49.313+0000] {processor.py:830} INFO - Processing file /opt/airflow/dags/dag_dq_checkpoint.py for tasks to queue
[2026-06-05T14:30:49.317+0000] {logging_mixin.py:188} INFO - [2026-06-05T14:30:49.315+0000] {dagbag.py:540} INFO - Filling up the DagBag from /opt/airflow/dags/dag_dq_checkpoint.py
[2026-06-05T14:30:49.386+0000] {processor.py:840} INFO - DAG(s) 'neuralretail_dq_checkpoint' retrieved from /opt/airflow/dags/dag_dq_checkpoint.py
[2026-06-05T14:30:49.450+0000] {logging_mixin.py:188} INFO - [2026-06-05T14:30:49.449+0000] {dag.py:3096} INFO - Sync 1 DAGs
[2026-06-05T14:30:49.465+0000] {logging_mixin.py:188} INFO - [2026-06-05T14:30:49.465+0000] {dag.py:3954} INFO - Setting next_dagrun for neuralretail_dq_checkpoint to None, run_after=None
[2026-06-05T14:30:49.497+0000] {processor.py:183} INFO - Processing /opt/airflow/dags/dag_dq_checkpoint.py took 0.202 seconds
[2026-06-05T14:31:20.167+0000] {processor.py:161} INFO - Started process (PID=1022) to work on /opt/airflow/dags/dag_dq_checkpoint.py
[2026-06-05T14:31:20.169+0000] {processor.py:830} INFO - Processing file /opt/airflow/dags/dag_dq_checkpoint.py for tasks to queue
[2026-06-05T14:31:20.171+0000] {logging_mixin.py:188} INFO - [2026-06-05T14:31:20.171+0000] {dagbag.py:540} INFO - Filling up the DagBag from /opt/airflow/dags/dag_dq_checkpoint.py
[2026-06-05T14:31:20.213+0000] {processor.py:840} INFO - DAG(s) 'neuralretail_dq_checkpoint' retrieved from /opt/airflow/dags/dag_dq_checkpoint.py
[2026-06-05T14:31:20.249+0000] {logging_mixin.py:188} INFO - [2026-06-05T14:31:20.248+0000] {dag.py:3096} INFO - Sync 1 DAGs
[2026-06-05T14:31:20.260+0000] {logging_mixin.py:188} INFO - [2026-06-05T14:31:20.260+0000] {dag.py:3954} INFO - Setting next_dagrun for neuralretail_dq_checkpoint to None, run_after=None
[2026-06-05T14:31:20.282+0000] {processor.py:183} INFO - Processing /opt/airflow/dags/dag_dq_checkpoint.py took 0.120 seconds
[2026-06-05T14:31:50.789+0000] {processor.py:161} INFO - Started process (PID=1042) to work on /opt/airflow/dags/dag_dq_checkpoint.py
[2026-06-05T14:31:50.791+0000] {processor.py:830} INFO - Processing file /opt/airflow/dags/dag_dq_checkpoint.py for tasks to queue
[2026-06-05T14:31:50.793+0000] {logging_mixin.py:188} INFO - [2026-06-05T14:31:50.793+0000] {dagbag.py:540} INFO - Filling up the DagBag from /opt/airflow/dags/dag_dq_checkpoint.py
[2026-06-05T14:31:50.894+0000] {processor.py:840} INFO - DAG(s) 'neuralretail_dq_checkpoint' retrieved from /opt/airflow/dags/dag_dq_checkpoint.py
[2026-06-05T14:31:50.984+0000] {logging_mixin.py:188} INFO - [2026-06-05T14:31:50.983+0000] {dag.py:3096} INFO - Sync 1 DAGs
[2026-06-05T14:31:51.001+0000] {logging_mixin.py:188} INFO - [2026-06-05T14:31:51.001+0000] {dag.py:3954} INFO - Setting next_dagrun for neuralretail_dq_checkpoint to None, run_after=None
[2026-06-05T14:31:51.029+0000] {processor.py:183} INFO - Processing /opt/airflow/dags/dag_dq_checkpoint.py took 0.258 seconds
[2026-06-05T14:32:21.872+0000] {processor.py:161} INFO - Started process (PID=1062) to work on /opt/airflow/dags/dag_dq_checkpoint.py
[2026-06-05T14:32:21.875+0000] {processor.py:830} INFO - Processing file /opt/airflow/dags/dag_dq_checkpoint.py for tasks to queue
[2026-06-05T14:32:21.878+0000] {logging_mixin.py:188} INFO - [2026-06-05T14:32:21.878+0000] {dagbag.py:540} INFO - Filling up the DagBag from /opt/airflow/dags/dag_dq_checkpoint.py
[2026-06-05T14:32:21.931+0000] {processor.py:840} INFO - DAG(s) 'neuralretail_dq_checkpoint' retrieved from /opt/airflow/dags/dag_dq_checkpoint.py
[2026-06-05T14:32:21.971+0000] {logging_mixin.py:188} INFO - [2026-06-05T14:32:21.971+0000] {dag.py:3096} INFO - Sync 1 DAGs
[2026-06-05T14:32:21.981+0000] {logging_mixin.py:188} INFO - [2026-06-05T14:32:21.981+0000] {dag.py:3954} INFO - Setting next_dagrun for neuralretail_dq_checkpoint to None, run_after=None
[2026-06-05T14:32:22.006+0000] {processor.py:183} INFO - Processing /opt/airflow/dags/dag_dq_checkpoint.py took 0.143 seconds
[2026-06-05T14:32:52.305+0000] {processor.py:161} INFO - Started process (PID=1082) to work on /opt/airflow/dags/dag_dq_checkpoint.py
[2026-06-05T14:32:52.306+0000] {processor.py:830} INFO - Processing file /opt/airflow/dags/dag_dq_checkpoint.py for tasks to queue
[2026-06-05T14:32:52.309+0000] {logging_mixin.py:188} INFO - [2026-06-05T14:32:52.308+0000] {dagbag.py:540} INFO - Filling up the DagBag from /opt/airflow/dags/dag_dq_checkpoint.py
[2026-06-05T14:32:52.360+0000] {processor.py:840} INFO - DAG(s) 'neuralretail_dq_checkpoint' retrieved from /opt/airflow/dags/dag_dq_checkpoint.py
[2026-06-05T14:32:52.393+0000] {logging_mixin.py:188} INFO - [2026-06-05T14:32:52.393+0000] {dag.py:3096} INFO - Sync 1 DAGs
[2026-06-05T14:32:52.403+0000] {logging_mixin.py:188} INFO - [2026-06-05T14:32:52.403+0000] {dag.py:3954} INFO - Setting next_dagrun for neuralretail_dq_checkpoint to None, run_after=None
[2026-06-05T14:32:52.426+0000] {processor.py:183} INFO - Processing /opt/airflow/dags/dag_dq_checkpoint.py took 0.129 seconds
[2026-06-05T14:33:22.749+0000] {processor.py:161} INFO - Started process (PID=1102) to work on /opt/airflow/dags/dag_dq_checkpoint.py
[2026-06-05T14:33:22.756+0000] {processor.py:830} INFO - Processing file /opt/airflow/dags/dag_dq_checkpoint.py for tasks to queue
[2026-06-05T14:33:22.760+0000] {logging_mixin.py:188} INFO - [2026-06-05T14:33:22.759+0000] {dagbag.py:540} INFO - Filling up the DagBag from /opt/airflow/dags/dag_dq_checkpoint.py
[2026-06-05T14:33:22.820+0000] {processor.py:840} INFO - DAG(s) 'neuralretail_dq_checkpoint' retrieved from /opt/airflow/dags/dag_dq_checkpoint.py
[2026-06-05T14:33:22.869+0000] {logging_mixin.py:188} INFO - [2026-06-05T14:33:22.868+0000] {dag.py:3096} INFO - Sync 1 DAGs
[2026-06-05T14:33:22.882+0000] {logging_mixin.py:188} INFO - [2026-06-05T14:33:22.882+0000] {dag.py:3954} INFO - Setting next_dagrun for neuralretail_dq_checkpoint to None, run_after=None
[2026-06-05T14:33:22.906+0000] {processor.py:183} INFO - Processing /opt/airflow/dags/dag_dq_checkpoint.py took 0.162 seconds
[2026-06-05T14:33:53.344+0000] {processor.py:161} INFO - Started process (PID=1122) to work on /opt/airflow/dags/dag_dq_checkpoint.py
[2026-06-05T14:33:53.346+0000] {processor.py:830} INFO - Processing file /opt/airflow/dags/dag_dq_checkpoint.py for tasks to queue
[2026-06-05T14:33:53.348+0000] {logging_mixin.py:188} INFO - [2026-06-05T14:33:53.347+0000] {dagbag.py:540} INFO - Filling up the DagBag from /opt/airflow/dags/dag_dq_checkpoint.py
[2026-06-05T14:33:53.390+0000] {processor.py:840} INFO - DAG(s) 'neuralretail_dq_checkpoint' retrieved from /opt/airflow/dags/dag_dq_checkpoint.py
[2026-06-05T14:33:53.427+0000] {logging_mixin.py:188} INFO - [2026-06-05T14:33:53.427+0000] {dag.py:3096} INFO - Sync 1 DAGs
[2026-06-05T14:33:53.439+0000] {logging_mixin.py:188} INFO - [2026-06-05T14:33:53.439+0000] {dag.py:3954} INFO - Setting next_dagrun for neuralretail_dq_checkpoint to None, run_after=None
[2026-06-05T14:33:53.460+0000] {processor.py:183} INFO - Processing /opt/airflow/dags/dag_dq_checkpoint.py took 0.121 seconds
[2026-06-05T14:34:23.729+0000] {processor.py:161} INFO - Started process (PID=1142) to work on /opt/airflow/dags/dag_dq_checkpoint.py
[2026-06-05T14:34:23.730+0000] {processor.py:830} INFO - Processing file /opt/airflow/dags/dag_dq_checkpoint.py for tasks to queue
[2026-06-05T14:34:23.733+0000] {logging_mixin.py:188} INFO - [2026-06-05T14:34:23.732+0000] {dagbag.py:540} INFO - Filling up the DagBag from /opt/airflow/dags/dag_dq_checkpoint.py
[2026-06-05T14:34:23.797+0000] {processor.py:840} INFO - DAG(s) 'neuralretail_dq_checkpoint' retrieved from /opt/airflow/dags/dag_dq_checkpoint.py
[2026-06-05T14:34:23.854+0000] {logging_mixin.py:188} INFO - [2026-06-05T14:34:23.854+0000] {dag.py:3096} INFO - Sync 1 DAGs
[2026-06-05T14:34:23.870+0000] {logging_mixin.py:188} INFO - [2026-06-05T14:34:23.870+0000] {dag.py:3954} INFO - Setting next_dagrun for neuralretail_dq_checkpoint to None, run_after=None
[2026-06-05T14:34:23.904+0000] {processor.py:183} INFO - Processing /opt/airflow/dags/dag_dq_checkpoint.py took 0.181 seconds
[2026-06-05T14:34:54.274+0000] {processor.py:161} INFO - Started process (PID=1162) to work on /opt/airflow/dags/dag_dq_checkpoint.py
[2026-06-05T14:34:54.275+0000] {processor.py:830} INFO - Processing file /opt/airflow/dags/dag_dq_checkpoint.py for tasks to queue
[2026-06-05T14:34:54.277+0000] {logging_mixin.py:188} INFO - [2026-06-05T14:34:54.276+0000] {dagbag.py:540} INFO - Filling up the DagBag from /opt/airflow/dags/dag_dq_checkpoint.py
[2026-06-05T14:34:54.314+0000] {processor.py:840} INFO - DAG(s) 'neuralretail_dq_checkpoint' retrieved from /opt/airflow/dags/dag_dq_checkpoint.py
[2026-06-05T14:34:54.345+0000] {logging_mixin.py:188} INFO - [2026-06-05T14:34:54.345+0000] {dag.py:3096} INFO - Sync 1 DAGs
[2026-06-05T14:34:54.355+0000] {logging_mixin.py:188} INFO - [2026-06-05T14:34:54.355+0000] {dag.py:3954} INFO - Setting next_dagrun for neuralretail_dq_checkpoint to None, run_after=None
[2026-06-05T14:34:54.375+0000] {processor.py:183} INFO - Processing /opt/airflow/dags/dag_dq_checkpoint.py took 0.106 seconds
[2026-06-05T14:35:25.205+0000] {processor.py:161} INFO - Started process (PID=1182) to work on /opt/airflow/dags/dag_dq_checkpoint.py
[2026-06-05T14:35:25.206+0000] {processor.py:830} INFO - Processing file /opt/airflow/dags/dag_dq_checkpoint.py for tasks to queue
[2026-06-05T14:35:25.211+0000] {logging_mixin.py:188} INFO - [2026-06-05T14:35:25.211+0000] {dagbag.py:540} INFO - Filling up the DagBag from /opt/airflow/dags/dag_dq_checkpoint.py
[2026-06-05T14:35:25.257+0000] {processor.py:840} INFO - DAG(s) 'neuralretail_dq_checkpoint' retrieved from /opt/airflow/dags/dag_dq_checkpoint.py
[2026-06-05T14:35:25.300+0000] {logging_mixin.py:188} INFO - [2026-06-05T14:35:25.300+0000] {dag.py:3096} INFO - Sync 1 DAGs
[2026-06-05T14:35:25.312+0000] {logging_mixin.py:188} INFO - [2026-06-05T14:35:25.312+0000] {dag.py:3954} INFO - Setting next_dagrun for neuralretail_dq_checkpoint to None, run_after=None
[2026-06-05T14:35:25.333+0000] {processor.py:183} INFO - Processing /opt/airflow/dags/dag_dq_checkpoint.py took 0.135 seconds
[2026-06-05T14:35:55.755+0000] {processor.py:161} INFO - Started process (PID=1202) to work on /opt/airflow/dags/dag_dq_checkpoint.py
[2026-06-05T14:35:55.758+0000] {processor.py:830} INFO - Processing file /opt/airflow/dags/dag_dq_checkpoint.py for tasks to queue
[2026-06-05T14:35:55.760+0000] {logging_mixin.py:188} INFO - [2026-06-05T14:35:55.759+0000] {dagbag.py:540} INFO - Filling up the DagBag from /opt/airflow/dags/dag_dq_checkpoint.py
[2026-06-05T14:35:55.827+0000] {processor.py:840} INFO - DAG(s) 'neuralretail_dq_checkpoint' retrieved from /opt/airflow/dags/dag_dq_checkpoint.py
[2026-06-05T14:35:55.867+0000] {logging_mixin.py:188} INFO - [2026-06-05T14:35:55.866+0000] {dag.py:3096} INFO - Sync 1 DAGs
[2026-06-05T14:35:55.879+0000] {logging_mixin.py:188} INFO - [2026-06-05T14:35:55.879+0000] {dag.py:3954} INFO - Setting next_dagrun for neuralretail_dq_checkpoint to None, run_after=None
[2026-06-05T14:35:55.906+0000] {processor.py:183} INFO - Processing /opt/airflow/dags/dag_dq_checkpoint.py took 0.160 seconds
[2026-06-05T14:36:27.015+0000] {processor.py:161} INFO - Started process (PID=1222) to work on /opt/airflow/dags/dag_dq_checkpoint.py
[2026-06-05T14:36:27.017+0000] {processor.py:830} INFO - Processing file /opt/airflow/dags/dag_dq_checkpoint.py for tasks to queue
[2026-06-05T14:36:27.020+0000] {logging_mixin.py:188} INFO - [2026-06-05T14:36:27.020+0000] {dagbag.py:540} INFO - Filling up the DagBag from /opt/airflow/dags/dag_dq_checkpoint.py
[2026-06-05T14:36:27.091+0000] {processor.py:840} INFO - DAG(s) 'neuralretail_dq_checkpoint' retrieved from /opt/airflow/dags/dag_dq_checkpoint.py
[2026-06-05T14:36:27.161+0000] {logging_mixin.py:188} INFO - [2026-06-05T14:36:27.161+0000] {dag.py:3096} INFO - Sync 1 DAGs
[2026-06-05T14:36:27.172+0000] {logging_mixin.py:188} INFO - [2026-06-05T14:36:27.172+0000] {dag.py:3954} INFO - Setting next_dagrun for neuralretail_dq_checkpoint to None, run_after=None
[2026-06-05T14:36:27.193+0000] {processor.py:183} INFO - Processing /opt/airflow/dags/dag_dq_checkpoint.py took 0.186 seconds
[2026-06-05T14:36:57.569+0000] {processor.py:161} INFO - Started process (PID=1242) to work on /opt/airflow/dags/dag_dq_checkpoint.py
[2026-06-05T14:36:57.571+0000] {processor.py:830} INFO - Processing file /opt/airflow/dags/dag_dq_checkpoint.py for tasks to queue
[2026-06-05T14:36:57.575+0000] {logging_mixin.py:188} INFO - [2026-06-05T14:36:57.574+0000] {dagbag.py:540} INFO - Filling up the DagBag from /opt/airflow/dags/dag_dq_checkpoint.py
[2026-06-05T14:36:57.643+0000] {processor.py:840} INFO - DAG(s) 'neuralretail_dq_checkpoint' retrieved from /opt/airflow/dags/dag_dq_checkpoint.py
[2026-06-05T14:36:57.696+0000] {logging_mixin.py:188} INFO - [2026-06-05T14:36:57.696+0000] {dag.py:3096} INFO - Sync 1 DAGs
[2026-06-05T14:36:57.708+0000] {logging_mixin.py:188} INFO - [2026-06-05T14:36:57.707+0000] {dag.py:3954} INFO - Setting next_dagrun for neuralretail_dq_checkpoint to None, run_after=None
[2026-06-05T14:36:57.728+0000] {processor.py:183} INFO - Processing /opt/airflow/dags/dag_dq_checkpoint.py took 0.168 seconds
[2026-06-05T14:37:28.010+0000] {processor.py:161} INFO - Started process (PID=1262) to work on /opt/airflow/dags/dag_dq_checkpoint.py
[2026-06-05T14:37:28.011+0000] {processor.py:830} INFO - Processing file /opt/airflow/dags/dag_dq_checkpoint.py for tasks to queue
[2026-06-05T14:37:28.013+0000] {logging_mixin.py:188} INFO - [2026-06-05T14:37:28.013+0000] {dagbag.py:540} INFO - Filling up the DagBag from /opt/airflow/dags/dag_dq_checkpoint.py
[2026-06-05T14:37:28.063+0000] {processor.py:840} INFO - DAG(s) 'neuralretail_dq_checkpoint' retrieved from /opt/airflow/dags/dag_dq_checkpoint.py
[2026-06-05T14:37:28.114+0000] {logging_mixin.py:188} INFO - [2026-06-05T14:37:28.114+0000] {dag.py:3096} INFO - Sync 1 DAGs
[2026-06-05T14:37:28.126+0000] {logging_mixin.py:188} INFO - [2026-06-05T14:37:28.126+0000] {dag.py:3954} INFO - Setting next_dagrun for neuralretail_dq_checkpoint to None, run_after=None
[2026-06-05T14:37:28.150+0000] {processor.py:183} INFO - Processing /opt/airflow/dags/dag_dq_checkpoint.py took 0.147 seconds
[2026-06-05T14:37:58.353+0000] {processor.py:161} INFO - Started process (PID=1282) to work on /opt/airflow/dags/dag_dq_checkpoint.py
[2026-06-05T14:37:58.354+0000] {processor.py:830} INFO - Processing file /opt/airflow/dags/dag_dq_checkpoint.py for tasks to queue
[2026-06-05T14:37:58.356+0000] {logging_mixin.py:188} INFO - [2026-06-05T14:37:58.356+0000] {dagbag.py:540} INFO - Filling up the DagBag from /opt/airflow/dags/dag_dq_checkpoint.py
[2026-06-05T14:37:58.411+0000] {processor.py:840} INFO - DAG(s) 'neuralretail_dq_checkpoint' retrieved from /opt/airflow/dags/dag_dq_checkpoint.py
[2026-06-05T14:37:58.454+0000] {logging_mixin.py:188} INFO - [2026-06-05T14:37:58.454+0000] {dag.py:3096} INFO - Sync 1 DAGs
[2026-06-05T14:37:58.476+0000] {logging_mixin.py:188} INFO - [2026-06-05T14:37:58.476+0000] {dag.py:3954} INFO - Setting next_dagrun for neuralretail_dq_checkpoint to None, run_after=None
[2026-06-05T14:37:58.498+0000] {processor.py:183} INFO - Processing /opt/airflow/dags/dag_dq_checkpoint.py took 0.152 seconds
[2026-06-05T14:38:28.849+0000] {processor.py:161} INFO - Started process (PID=1302) to work on /opt/airflow/dags/dag_dq_checkpoint.py
[2026-06-05T14:38:28.851+0000] {processor.py:830} INFO - Processing file /opt/airflow/dags/dag_dq_checkpoint.py for tasks to queue
[2026-06-05T14:38:28.857+0000] {logging_mixin.py:188} INFO - [2026-06-05T14:38:28.856+0000] {dagbag.py:540} INFO - Filling up the DagBag from /opt/airflow/dags/dag_dq_checkpoint.py
[2026-06-05T14:38:28.941+0000] {processor.py:840} INFO - DAG(s) 'neuralretail_dq_checkpoint' retrieved from /opt/airflow/dags/dag_dq_checkpoint.py
[2026-06-05T14:38:29.004+0000] {logging_mixin.py:188} INFO - [2026-06-05T14:38:29.003+0000] {dag.py:3096} INFO - Sync 1 DAGs
[2026-06-05T14:38:29.020+0000] {logging_mixin.py:188} INFO - [2026-06-05T14:38:29.020+0000] {dag.py:3954} INFO - Setting next_dagrun for neuralretail_dq_checkpoint to None, run_after=None
[2026-06-05T14:38:29.054+0000] {processor.py:183} INFO - Processing /opt/airflow/dags/dag_dq_checkpoint.py took 0.219 seconds
