[2026-06-05T14:09:45.348+0000] {processor.py:161} INFO - Started process (PID=187) to work on /opt/airflow/dags/dag_bronze_ingestion.py
[2026-06-05T14:09:45.351+0000] {processor.py:830} INFO - Processing file /opt/airflow/dags/dag_bronze_ingestion.py for tasks to queue
[2026-06-05T14:09:45.353+0000] {logging_mixin.py:188} INFO - [2026-06-05T14:09:45.353+0000] {dagbag.py:540} INFO - Filling up the DagBag from /opt/airflow/dags/dag_bronze_ingestion.py
[2026-06-05T14:09:45.388+0000] {processor.py:840} INFO - DAG(s) 'neuralretail_bronze_ingestion' retrieved from /opt/airflow/dags/dag_bronze_ingestion.py
[2026-06-05T14:09:45.471+0000] {logging_mixin.py:188} INFO - [2026-06-05T14:09:45.471+0000] {dag.py:3096} INFO - Sync 1 DAGs
[2026-06-05T14:09:45.486+0000] {logging_mixin.py:188} INFO - [2026-06-05T14:09:45.485+0000] {dag.py:3954} INFO - Setting next_dagrun for neuralretail_bronze_ingestion to 2026-06-04 02:00:00+00:00, run_after=2026-06-05 02:00:00+00:00
[2026-06-05T14:09:45.505+0000] {processor.py:183} INFO - Processing /opt/airflow/dags/dag_bronze_ingestion.py took 0.162 seconds
[2026-06-05T14:10:15.745+0000] {processor.py:161} INFO - Started process (PID=207) to work on /opt/airflow/dags/dag_bronze_ingestion.py
[2026-06-05T14:10:15.746+0000] {processor.py:830} INFO - Processing file /opt/airflow/dags/dag_bronze_ingestion.py for tasks to queue
[2026-06-05T14:10:15.749+0000] {logging_mixin.py:188} INFO - [2026-06-05T14:10:15.748+0000] {dagbag.py:540} INFO - Filling up the DagBag from /opt/airflow/dags/dag_bronze_ingestion.py
[2026-06-05T14:10:15.794+0000] {processor.py:840} INFO - DAG(s) 'neuralretail_bronze_ingestion' retrieved from /opt/airflow/dags/dag_bronze_ingestion.py
[2026-06-05T14:10:15.820+0000] {logging_mixin.py:188} INFO - [2026-06-05T14:10:15.820+0000] {dag.py:3096} INFO - Sync 1 DAGs
[2026-06-05T14:10:15.843+0000] {logging_mixin.py:188} INFO - [2026-06-05T14:10:15.843+0000] {dag.py:3954} INFO - Setting next_dagrun for neuralretail_bronze_ingestion to 2026-06-04 02:00:00+00:00, run_after=2026-06-05 02:00:00+00:00
[2026-06-05T14:10:15.862+0000] {processor.py:183} INFO - Processing /opt/airflow/dags/dag_bronze_ingestion.py took 0.122 seconds
[2026-06-05T14:10:46.639+0000] {processor.py:161} INFO - Started process (PID=227) to work on /opt/airflow/dags/dag_bronze_ingestion.py
[2026-06-05T14:10:46.640+0000] {processor.py:830} INFO - Processing file /opt/airflow/dags/dag_bronze_ingestion.py for tasks to queue
[2026-06-05T14:10:46.646+0000] {logging_mixin.py:188} INFO - [2026-06-05T14:10:46.645+0000] {dagbag.py:540} INFO - Filling up the DagBag from /opt/airflow/dags/dag_bronze_ingestion.py
[2026-06-05T14:10:46.685+0000] {processor.py:840} INFO - DAG(s) 'neuralretail_bronze_ingestion' retrieved from /opt/airflow/dags/dag_bronze_ingestion.py
[2026-06-05T14:10:46.706+0000] {logging_mixin.py:188} INFO - [2026-06-05T14:10:46.706+0000] {dag.py:3096} INFO - Sync 1 DAGs
[2026-06-05T14:10:46.722+0000] {logging_mixin.py:188} INFO - [2026-06-05T14:10:46.722+0000] {dag.py:3954} INFO - Setting next_dagrun for neuralretail_bronze_ingestion to 2026-06-04 02:00:00+00:00, run_after=2026-06-05 02:00:00+00:00
[2026-06-05T14:10:46.743+0000] {processor.py:183} INFO - Processing /opt/airflow/dags/dag_bronze_ingestion.py took 0.110 seconds
[2026-06-05T14:11:17.305+0000] {processor.py:161} INFO - Started process (PID=247) to work on /opt/airflow/dags/dag_bronze_ingestion.py
[2026-06-05T14:11:17.318+0000] {processor.py:830} INFO - Processing file /opt/airflow/dags/dag_bronze_ingestion.py for tasks to queue
[2026-06-05T14:11:17.328+0000] {logging_mixin.py:188} INFO - [2026-06-05T14:11:17.327+0000] {dagbag.py:540} INFO - Filling up the DagBag from /opt/airflow/dags/dag_bronze_ingestion.py
[2026-06-05T14:11:17.424+0000] {processor.py:840} INFO - DAG(s) 'neuralretail_bronze_ingestion' retrieved from /opt/airflow/dags/dag_bronze_ingestion.py
[2026-06-05T14:11:17.453+0000] {logging_mixin.py:188} INFO - [2026-06-05T14:11:17.453+0000] {dag.py:3096} INFO - Sync 1 DAGs
[2026-06-05T14:11:17.519+0000] {logging_mixin.py:188} INFO - [2026-06-05T14:11:17.518+0000] {dag.py:3954} INFO - Setting next_dagrun for neuralretail_bronze_ingestion to 2026-06-04 02:00:00+00:00, run_after=2026-06-05 02:00:00+00:00
[2026-06-05T14:11:17.555+0000] {processor.py:183} INFO - Processing /opt/airflow/dags/dag_bronze_ingestion.py took 0.268 seconds
[2026-06-05T14:11:48.490+0000] {processor.py:161} INFO - Started process (PID=267) to work on /opt/airflow/dags/dag_bronze_ingestion.py
[2026-06-05T14:11:48.495+0000] {processor.py:830} INFO - Processing file /opt/airflow/dags/dag_bronze_ingestion.py for tasks to queue
[2026-06-05T14:11:48.501+0000] {logging_mixin.py:188} INFO - [2026-06-05T14:11:48.500+0000] {dagbag.py:540} INFO - Filling up the DagBag from /opt/airflow/dags/dag_bronze_ingestion.py
[2026-06-05T14:11:48.583+0000] {processor.py:840} INFO - DAG(s) 'neuralretail_bronze_ingestion' retrieved from /opt/airflow/dags/dag_bronze_ingestion.py
[2026-06-05T14:11:48.628+0000] {logging_mixin.py:188} INFO - [2026-06-05T14:11:48.628+0000] {dag.py:3096} INFO - Sync 1 DAGs
[2026-06-05T14:11:48.651+0000] {logging_mixin.py:188} INFO - [2026-06-05T14:11:48.651+0000] {dag.py:3954} INFO - Setting next_dagrun for neuralretail_bronze_ingestion to 2026-06-04 02:00:00+00:00, run_after=2026-06-05 02:00:00+00:00
[2026-06-05T14:11:48.683+0000] {processor.py:183} INFO - Processing /opt/airflow/dags/dag_bronze_ingestion.py took 0.212 seconds
[2026-06-05T14:12:19.087+0000] {processor.py:161} INFO - Started process (PID=287) to work on /opt/airflow/dags/dag_bronze_ingestion.py
[2026-06-05T14:12:19.090+0000] {processor.py:830} INFO - Processing file /opt/airflow/dags/dag_bronze_ingestion.py for tasks to queue
[2026-06-05T14:12:19.096+0000] {logging_mixin.py:188} INFO - [2026-06-05T14:12:19.094+0000] {dagbag.py:540} INFO - Filling up the DagBag from /opt/airflow/dags/dag_bronze_ingestion.py
[2026-06-05T14:12:19.162+0000] {processor.py:840} INFO - DAG(s) 'neuralretail_bronze_ingestion' retrieved from /opt/airflow/dags/dag_bronze_ingestion.py
[2026-06-05T14:12:19.192+0000] {logging_mixin.py:188} INFO - [2026-06-05T14:12:19.192+0000] {dag.py:3096} INFO - Sync 1 DAGs
[2026-06-05T14:12:19.213+0000] {logging_mixin.py:188} INFO - [2026-06-05T14:12:19.213+0000] {dag.py:3954} INFO - Setting next_dagrun for neuralretail_bronze_ingestion to 2026-06-04 02:00:00+00:00, run_after=2026-06-05 02:00:00+00:00
[2026-06-05T14:12:19.235+0000] {processor.py:183} INFO - Processing /opt/airflow/dags/dag_bronze_ingestion.py took 0.155 seconds
[2026-06-05T14:12:49.814+0000] {processor.py:161} INFO - Started process (PID=307) to work on /opt/airflow/dags/dag_bronze_ingestion.py
[2026-06-05T14:12:49.825+0000] {processor.py:830} INFO - Processing file /opt/airflow/dags/dag_bronze_ingestion.py for tasks to queue
[2026-06-05T14:12:49.837+0000] {logging_mixin.py:188} INFO - [2026-06-05T14:12:49.836+0000] {dagbag.py:540} INFO - Filling up the DagBag from /opt/airflow/dags/dag_bronze_ingestion.py
[2026-06-05T14:12:49.942+0000] {processor.py:840} INFO - DAG(s) 'neuralretail_bronze_ingestion' retrieved from /opt/airflow/dags/dag_bronze_ingestion.py
[2026-06-05T14:12:49.980+0000] {logging_mixin.py:188} INFO - [2026-06-05T14:12:49.980+0000] {dag.py:3096} INFO - Sync 1 DAGs
[2026-06-05T14:12:50.005+0000] {logging_mixin.py:188} INFO - [2026-06-05T14:12:50.005+0000] {dag.py:3954} INFO - Setting next_dagrun for neuralretail_bronze_ingestion to 2026-06-04 02:00:00+00:00, run_after=2026-06-05 02:00:00+00:00
[2026-06-05T14:12:50.026+0000] {processor.py:183} INFO - Processing /opt/airflow/dags/dag_bronze_ingestion.py took 0.218 seconds
[2026-06-05T14:13:20.484+0000] {processor.py:161} INFO - Started process (PID=327) to work on /opt/airflow/dags/dag_bronze_ingestion.py
[2026-06-05T14:13:20.487+0000] {processor.py:830} INFO - Processing file /opt/airflow/dags/dag_bronze_ingestion.py for tasks to queue
[2026-06-05T14:13:20.496+0000] {logging_mixin.py:188} INFO - [2026-06-05T14:13:20.495+0000] {dagbag.py:540} INFO - Filling up the DagBag from /opt/airflow/dags/dag_bronze_ingestion.py
[2026-06-05T14:13:20.629+0000] {processor.py:840} INFO - DAG(s) 'neuralretail_bronze_ingestion' retrieved from /opt/airflow/dags/dag_bronze_ingestion.py
[2026-06-05T14:13:20.659+0000] {logging_mixin.py:188} INFO - [2026-06-05T14:13:20.658+0000] {dag.py:3096} INFO - Sync 1 DAGs
[2026-06-05T14:13:20.686+0000] {logging_mixin.py:188} INFO - [2026-06-05T14:13:20.685+0000] {dag.py:3954} INFO - Setting next_dagrun for neuralretail_bronze_ingestion to 2026-06-04 02:00:00+00:00, run_after=2026-06-05 02:00:00+00:00
[2026-06-05T14:13:20.728+0000] {processor.py:183} INFO - Processing /opt/airflow/dags/dag_bronze_ingestion.py took 0.254 seconds
[2026-06-05T14:13:50.851+0000] {processor.py:161} INFO - Started process (PID=347) to work on /opt/airflow/dags/dag_bronze_ingestion.py
[2026-06-05T14:13:50.853+0000] {processor.py:830} INFO - Processing file /opt/airflow/dags/dag_bronze_ingestion.py for tasks to queue
[2026-06-05T14:13:50.857+0000] {logging_mixin.py:188} INFO - [2026-06-05T14:13:50.856+0000] {dagbag.py:540} INFO - Filling up the DagBag from /opt/airflow/dags/dag_bronze_ingestion.py
[2026-06-05T14:13:50.894+0000] {processor.py:840} INFO - DAG(s) 'neuralretail_bronze_ingestion' retrieved from /opt/airflow/dags/dag_bronze_ingestion.py
[2026-06-05T14:13:50.915+0000] {logging_mixin.py:188} INFO - [2026-06-05T14:13:50.915+0000] {dag.py:3096} INFO - Sync 1 DAGs
[2026-06-05T14:13:50.934+0000] {logging_mixin.py:188} INFO - [2026-06-05T14:13:50.934+0000] {dag.py:3954} INFO - Setting next_dagrun for neuralretail_bronze_ingestion to 2026-06-04 02:00:00+00:00, run_after=2026-06-05 02:00:00+00:00
[2026-06-05T14:13:50.952+0000] {processor.py:183} INFO - Processing /opt/airflow/dags/dag_bronze_ingestion.py took 0.106 seconds
[2026-06-05T14:14:21.698+0000] {processor.py:161} INFO - Started process (PID=367) to work on /opt/airflow/dags/dag_bronze_ingestion.py
[2026-06-05T14:14:21.701+0000] {processor.py:830} INFO - Processing file /opt/airflow/dags/dag_bronze_ingestion.py for tasks to queue
[2026-06-05T14:14:21.703+0000] {logging_mixin.py:188} INFO - [2026-06-05T14:14:21.702+0000] {dagbag.py:540} INFO - Filling up the DagBag from /opt/airflow/dags/dag_bronze_ingestion.py
[2026-06-05T14:14:21.779+0000] {processor.py:840} INFO - DAG(s) 'neuralretail_bronze_ingestion' retrieved from /opt/airflow/dags/dag_bronze_ingestion.py
[2026-06-05T14:14:21.804+0000] {logging_mixin.py:188} INFO - [2026-06-05T14:14:21.804+0000] {dag.py:3096} INFO - Sync 1 DAGs
[2026-06-05T14:14:21.821+0000] {logging_mixin.py:188} INFO - [2026-06-05T14:14:21.820+0000] {dag.py:3954} INFO - Setting next_dagrun for neuralretail_bronze_ingestion to 2026-06-04 02:00:00+00:00, run_after=2026-06-05 02:00:00+00:00
[2026-06-05T14:14:21.840+0000] {processor.py:183} INFO - Processing /opt/airflow/dags/dag_bronze_ingestion.py took 0.148 seconds
[2026-06-05T14:14:55.940+0000] {processor.py:161} INFO - Started process (PID=385) to work on /opt/airflow/dags/dag_bronze_ingestion.py
[2026-06-05T14:14:56.080+0000] {processor.py:830} INFO - Processing file /opt/airflow/dags/dag_bronze_ingestion.py for tasks to queue
[2026-06-05T14:14:56.141+0000] {logging_mixin.py:188} INFO - [2026-06-05T14:14:56.141+0000] {dagbag.py:540} INFO - Filling up the DagBag from /opt/airflow/dags/dag_bronze_ingestion.py
[2026-06-05T14:14:57.606+0000] {processor.py:840} INFO - DAG(s) 'neuralretail_bronze_ingestion' retrieved from /opt/airflow/dags/dag_bronze_ingestion.py
[2026-06-05T14:14:57.684+0000] {logging_mixin.py:188} INFO - [2026-06-05T14:14:57.684+0000] {dag.py:3096} INFO - Sync 1 DAGs
[2026-06-05T14:14:57.728+0000] {logging_mixin.py:188} INFO - [2026-06-05T14:14:57.728+0000] {dag.py:3954} INFO - Setting next_dagrun for neuralretail_bronze_ingestion to 2026-06-04 02:00:00+00:00, run_after=2026-06-05 02:00:00+00:00
[2026-06-05T14:14:57.840+0000] {processor.py:183} INFO - Processing /opt/airflow/dags/dag_bronze_ingestion.py took 1.913 seconds
[2026-06-05T14:15:28.344+0000] {processor.py:161} INFO - Started process (PID=407) to work on /opt/airflow/dags/dag_bronze_ingestion.py
[2026-06-05T14:15:28.346+0000] {processor.py:830} INFO - Processing file /opt/airflow/dags/dag_bronze_ingestion.py for tasks to queue
[2026-06-05T14:15:28.349+0000] {logging_mixin.py:188} INFO - [2026-06-05T14:15:28.349+0000] {dagbag.py:540} INFO - Filling up the DagBag from /opt/airflow/dags/dag_bronze_ingestion.py
[2026-06-05T14:15:28.410+0000] {processor.py:840} INFO - DAG(s) 'neuralretail_bronze_ingestion' retrieved from /opt/airflow/dags/dag_bronze_ingestion.py
[2026-06-05T14:15:28.441+0000] {logging_mixin.py:188} INFO - [2026-06-05T14:15:28.441+0000] {dag.py:3096} INFO - Sync 1 DAGs
[2026-06-05T14:15:28.466+0000] {logging_mixin.py:188} INFO - [2026-06-05T14:15:28.465+0000] {dag.py:3954} INFO - Setting next_dagrun for neuralretail_bronze_ingestion to 2026-06-04 02:00:00+00:00, run_after=2026-06-05 02:00:00+00:00
[2026-06-05T14:15:28.490+0000] {processor.py:183} INFO - Processing /opt/airflow/dags/dag_bronze_ingestion.py took 0.154 seconds
[2026-06-05T14:15:59.112+0000] {processor.py:161} INFO - Started process (PID=427) to work on /opt/airflow/dags/dag_bronze_ingestion.py
[2026-06-05T14:15:59.114+0000] {processor.py:830} INFO - Processing file /opt/airflow/dags/dag_bronze_ingestion.py for tasks to queue
[2026-06-05T14:15:59.118+0000] {logging_mixin.py:188} INFO - [2026-06-05T14:15:59.117+0000] {dagbag.py:540} INFO - Filling up the DagBag from /opt/airflow/dags/dag_bronze_ingestion.py
[2026-06-05T14:15:59.196+0000] {processor.py:840} INFO - DAG(s) 'neuralretail_bronze_ingestion' retrieved from /opt/airflow/dags/dag_bronze_ingestion.py
[2026-06-05T14:15:59.233+0000] {logging_mixin.py:188} INFO - [2026-06-05T14:15:59.233+0000] {dag.py:3096} INFO - Sync 1 DAGs
[2026-06-05T14:15:59.269+0000] {logging_mixin.py:188} INFO - [2026-06-05T14:15:59.269+0000] {dag.py:3954} INFO - Setting next_dagrun for neuralretail_bronze_ingestion to 2026-06-04 02:00:00+00:00, run_after=2026-06-05 02:00:00+00:00
[2026-06-05T14:15:59.306+0000] {processor.py:183} INFO - Processing /opt/airflow/dags/dag_bronze_ingestion.py took 0.201 seconds
[2026-06-05T14:16:29.959+0000] {processor.py:161} INFO - Started process (PID=447) to work on /opt/airflow/dags/dag_bronze_ingestion.py
[2026-06-05T14:16:29.962+0000] {processor.py:830} INFO - Processing file /opt/airflow/dags/dag_bronze_ingestion.py for tasks to queue
[2026-06-05T14:16:29.974+0000] {logging_mixin.py:188} INFO - [2026-06-05T14:16:29.972+0000] {dagbag.py:540} INFO - Filling up the DagBag from /opt/airflow/dags/dag_bronze_ingestion.py
[2026-06-05T14:16:30.077+0000] {processor.py:840} INFO - DAG(s) 'neuralretail_bronze_ingestion' retrieved from /opt/airflow/dags/dag_bronze_ingestion.py
[2026-06-05T14:16:30.135+0000] {logging_mixin.py:188} INFO - [2026-06-05T14:16:30.134+0000] {dag.py:3096} INFO - Sync 1 DAGs
[2026-06-05T14:16:30.175+0000] {logging_mixin.py:188} INFO - [2026-06-05T14:16:30.174+0000] {dag.py:3954} INFO - Setting next_dagrun for neuralretail_bronze_ingestion to 2026-06-04 02:00:00+00:00, run_after=2026-06-05 02:00:00+00:00
[2026-06-05T14:16:30.210+0000] {processor.py:183} INFO - Processing /opt/airflow/dags/dag_bronze_ingestion.py took 0.267 seconds
[2026-06-05T14:17:00.491+0000] {processor.py:161} INFO - Started process (PID=467) to work on /opt/airflow/dags/dag_bronze_ingestion.py
[2026-06-05T14:17:00.493+0000] {processor.py:830} INFO - Processing file /opt/airflow/dags/dag_bronze_ingestion.py for tasks to queue
[2026-06-05T14:17:00.495+0000] {logging_mixin.py:188} INFO - [2026-06-05T14:17:00.495+0000] {dagbag.py:540} INFO - Filling up the DagBag from /opt/airflow/dags/dag_bronze_ingestion.py
[2026-06-05T14:17:00.561+0000] {processor.py:840} INFO - DAG(s) 'neuralretail_bronze_ingestion' retrieved from /opt/airflow/dags/dag_bronze_ingestion.py
[2026-06-05T14:17:00.583+0000] {logging_mixin.py:188} INFO - [2026-06-05T14:17:00.583+0000] {dag.py:3096} INFO - Sync 1 DAGs
[2026-06-05T14:17:00.604+0000] {logging_mixin.py:188} INFO - [2026-06-05T14:17:00.604+0000] {dag.py:3954} INFO - Setting next_dagrun for neuralretail_bronze_ingestion to 2026-06-04 02:00:00+00:00, run_after=2026-06-05 02:00:00+00:00
[2026-06-05T14:17:00.626+0000] {processor.py:183} INFO - Processing /opt/airflow/dags/dag_bronze_ingestion.py took 0.139 seconds
[2026-06-05T14:17:31.126+0000] {processor.py:161} INFO - Started process (PID=487) to work on /opt/airflow/dags/dag_bronze_ingestion.py
[2026-06-05T14:17:31.129+0000] {processor.py:830} INFO - Processing file /opt/airflow/dags/dag_bronze_ingestion.py for tasks to queue
[2026-06-05T14:17:31.134+0000] {logging_mixin.py:188} INFO - [2026-06-05T14:17:31.134+0000] {dagbag.py:540} INFO - Filling up the DagBag from /opt/airflow/dags/dag_bronze_ingestion.py
[2026-06-05T14:17:31.243+0000] {processor.py:840} INFO - DAG(s) 'neuralretail_bronze_ingestion' retrieved from /opt/airflow/dags/dag_bronze_ingestion.py
[2026-06-05T14:17:31.309+0000] {logging_mixin.py:188} INFO - [2026-06-05T14:17:31.308+0000] {dag.py:3096} INFO - Sync 1 DAGs
[2026-06-05T14:17:31.377+0000] {logging_mixin.py:188} INFO - [2026-06-05T14:17:31.377+0000] {dag.py:3954} INFO - Setting next_dagrun for neuralretail_bronze_ingestion to 2026-06-04 02:00:00+00:00, run_after=2026-06-05 02:00:00+00:00
[2026-06-05T14:17:31.430+0000] {processor.py:183} INFO - Processing /opt/airflow/dags/dag_bronze_ingestion.py took 0.316 seconds
[2026-06-05T14:18:02.047+0000] {processor.py:161} INFO - Started process (PID=507) to work on /opt/airflow/dags/dag_bronze_ingestion.py
[2026-06-05T14:18:02.051+0000] {processor.py:830} INFO - Processing file /opt/airflow/dags/dag_bronze_ingestion.py for tasks to queue
[2026-06-05T14:18:02.055+0000] {logging_mixin.py:188} INFO - [2026-06-05T14:18:02.054+0000] {dagbag.py:540} INFO - Filling up the DagBag from /opt/airflow/dags/dag_bronze_ingestion.py
[2026-06-05T14:18:02.145+0000] {processor.py:840} INFO - DAG(s) 'neuralretail_bronze_ingestion' retrieved from /opt/airflow/dags/dag_bronze_ingestion.py
[2026-06-05T14:18:02.192+0000] {logging_mixin.py:188} INFO - [2026-06-05T14:18:02.192+0000] {dag.py:3096} INFO - Sync 1 DAGs
[2026-06-05T14:18:02.233+0000] {logging_mixin.py:188} INFO - [2026-06-05T14:18:02.233+0000] {dag.py:3954} INFO - Setting next_dagrun for neuralretail_bronze_ingestion to 2026-06-04 02:00:00+00:00, run_after=2026-06-05 02:00:00+00:00
[2026-06-05T14:18:02.264+0000] {processor.py:183} INFO - Processing /opt/airflow/dags/dag_bronze_ingestion.py took 0.236 seconds
[2026-06-05T14:18:32.582+0000] {processor.py:161} INFO - Started process (PID=527) to work on /opt/airflow/dags/dag_bronze_ingestion.py
[2026-06-05T14:18:32.583+0000] {processor.py:830} INFO - Processing file /opt/airflow/dags/dag_bronze_ingestion.py for tasks to queue
[2026-06-05T14:18:32.585+0000] {logging_mixin.py:188} INFO - [2026-06-05T14:18:32.585+0000] {dagbag.py:540} INFO - Filling up the DagBag from /opt/airflow/dags/dag_bronze_ingestion.py
[2026-06-05T14:18:32.617+0000] {processor.py:840} INFO - DAG(s) 'neuralretail_bronze_ingestion' retrieved from /opt/airflow/dags/dag_bronze_ingestion.py
[2026-06-05T14:18:32.641+0000] {logging_mixin.py:188} INFO - [2026-06-05T14:18:32.641+0000] {dag.py:3096} INFO - Sync 1 DAGs
[2026-06-05T14:18:32.660+0000] {logging_mixin.py:188} INFO - [2026-06-05T14:18:32.660+0000] {dag.py:3954} INFO - Setting next_dagrun for neuralretail_bronze_ingestion to 2026-06-04 02:00:00+00:00, run_after=2026-06-05 02:00:00+00:00
[2026-06-05T14:18:32.679+0000] {processor.py:183} INFO - Processing /opt/airflow/dags/dag_bronze_ingestion.py took 0.107 seconds
[2026-06-05T14:19:03.058+0000] {processor.py:161} INFO - Started process (PID=547) to work on /opt/airflow/dags/dag_bronze_ingestion.py
[2026-06-05T14:19:03.059+0000] {processor.py:830} INFO - Processing file /opt/airflow/dags/dag_bronze_ingestion.py for tasks to queue
[2026-06-05T14:19:03.062+0000] {logging_mixin.py:188} INFO - [2026-06-05T14:19:03.061+0000] {dagbag.py:540} INFO - Filling up the DagBag from /opt/airflow/dags/dag_bronze_ingestion.py
[2026-06-05T14:19:03.129+0000] {processor.py:840} INFO - DAG(s) 'neuralretail_bronze_ingestion' retrieved from /opt/airflow/dags/dag_bronze_ingestion.py
[2026-06-05T14:19:03.171+0000] {logging_mixin.py:188} INFO - [2026-06-05T14:19:03.171+0000] {dag.py:3096} INFO - Sync 1 DAGs
[2026-06-05T14:19:03.191+0000] {logging_mixin.py:188} INFO - [2026-06-05T14:19:03.191+0000] {dag.py:3954} INFO - Setting next_dagrun for neuralretail_bronze_ingestion to 2026-06-04 02:00:00+00:00, run_after=2026-06-05 02:00:00+00:00
[2026-06-05T14:19:03.228+0000] {processor.py:183} INFO - Processing /opt/airflow/dags/dag_bronze_ingestion.py took 0.176 seconds
[2026-06-05T14:19:33.366+0000] {processor.py:161} INFO - Started process (PID=567) to work on /opt/airflow/dags/dag_bronze_ingestion.py
[2026-06-05T14:19:33.370+0000] {processor.py:830} INFO - Processing file /opt/airflow/dags/dag_bronze_ingestion.py for tasks to queue
[2026-06-05T14:19:33.373+0000] {logging_mixin.py:188} INFO - [2026-06-05T14:19:33.373+0000] {dagbag.py:540} INFO - Filling up the DagBag from /opt/airflow/dags/dag_bronze_ingestion.py
[2026-06-05T14:19:33.433+0000] {processor.py:840} INFO - DAG(s) 'neuralretail_bronze_ingestion' retrieved from /opt/airflow/dags/dag_bronze_ingestion.py
[2026-06-05T14:19:33.480+0000] {logging_mixin.py:188} INFO - [2026-06-05T14:19:33.479+0000] {dag.py:3096} INFO - Sync 1 DAGs
[2026-06-05T14:19:33.535+0000] {logging_mixin.py:188} INFO - [2026-06-05T14:19:33.535+0000] {dag.py:3954} INFO - Setting next_dagrun for neuralretail_bronze_ingestion to 2026-06-04 02:00:00+00:00, run_after=2026-06-05 02:00:00+00:00
[2026-06-05T14:19:33.602+0000] {processor.py:183} INFO - Processing /opt/airflow/dags/dag_bronze_ingestion.py took 0.244 seconds
[2026-06-05T14:20:04.394+0000] {processor.py:161} INFO - Started process (PID=587) to work on /opt/airflow/dags/dag_bronze_ingestion.py
[2026-06-05T14:20:04.398+0000] {processor.py:830} INFO - Processing file /opt/airflow/dags/dag_bronze_ingestion.py for tasks to queue
[2026-06-05T14:20:04.405+0000] {logging_mixin.py:188} INFO - [2026-06-05T14:20:04.404+0000] {dagbag.py:540} INFO - Filling up the DagBag from /opt/airflow/dags/dag_bronze_ingestion.py
[2026-06-05T14:20:04.492+0000] {processor.py:840} INFO - DAG(s) 'neuralretail_bronze_ingestion' retrieved from /opt/airflow/dags/dag_bronze_ingestion.py
[2026-06-05T14:20:04.534+0000] {logging_mixin.py:188} INFO - [2026-06-05T14:20:04.533+0000] {dag.py:3096} INFO - Sync 1 DAGs
[2026-06-05T14:20:04.591+0000] {logging_mixin.py:188} INFO - [2026-06-05T14:20:04.591+0000] {dag.py:3954} INFO - Setting next_dagrun for neuralretail_bronze_ingestion to 2026-06-04 02:00:00+00:00, run_after=2026-06-05 02:00:00+00:00
[2026-06-05T14:20:04.642+0000] {processor.py:183} INFO - Processing /opt/airflow/dags/dag_bronze_ingestion.py took 0.260 seconds
[2026-06-05T14:20:35.034+0000] {processor.py:161} INFO - Started process (PID=607) to work on /opt/airflow/dags/dag_bronze_ingestion.py
[2026-06-05T14:20:35.036+0000] {processor.py:830} INFO - Processing file /opt/airflow/dags/dag_bronze_ingestion.py for tasks to queue
[2026-06-05T14:20:35.038+0000] {logging_mixin.py:188} INFO - [2026-06-05T14:20:35.037+0000] {dagbag.py:540} INFO - Filling up the DagBag from /opt/airflow/dags/dag_bronze_ingestion.py
[2026-06-05T14:20:35.079+0000] {processor.py:840} INFO - DAG(s) 'neuralretail_bronze_ingestion' retrieved from /opt/airflow/dags/dag_bronze_ingestion.py
[2026-06-05T14:20:35.116+0000] {logging_mixin.py:188} INFO - [2026-06-05T14:20:35.116+0000] {dag.py:3096} INFO - Sync 1 DAGs
[2026-06-05T14:20:35.158+0000] {logging_mixin.py:188} INFO - [2026-06-05T14:20:35.158+0000] {dag.py:3954} INFO - Setting next_dagrun for neuralretail_bronze_ingestion to 2026-06-04 02:00:00+00:00, run_after=2026-06-05 02:00:00+00:00
[2026-06-05T14:20:35.194+0000] {processor.py:183} INFO - Processing /opt/airflow/dags/dag_bronze_ingestion.py took 0.167 seconds
[2026-06-05T14:21:05.446+0000] {processor.py:161} INFO - Started process (PID=627) to work on /opt/airflow/dags/dag_bronze_ingestion.py
[2026-06-05T14:21:05.449+0000] {processor.py:830} INFO - Processing file /opt/airflow/dags/dag_bronze_ingestion.py for tasks to queue
[2026-06-05T14:21:05.455+0000] {logging_mixin.py:188} INFO - [2026-06-05T14:21:05.454+0000] {dagbag.py:540} INFO - Filling up the DagBag from /opt/airflow/dags/dag_bronze_ingestion.py
[2026-06-05T14:21:05.525+0000] {processor.py:840} INFO - DAG(s) 'neuralretail_bronze_ingestion' retrieved from /opt/airflow/dags/dag_bronze_ingestion.py
[2026-06-05T14:21:05.578+0000] {logging_mixin.py:188} INFO - [2026-06-05T14:21:05.578+0000] {dag.py:3096} INFO - Sync 1 DAGs
[2026-06-05T14:21:05.630+0000] {logging_mixin.py:188} INFO - [2026-06-05T14:21:05.629+0000] {dag.py:3954} INFO - Setting next_dagrun for neuralretail_bronze_ingestion to 2026-06-04 02:00:00+00:00, run_after=2026-06-05 02:00:00+00:00
[2026-06-05T14:21:05.676+0000] {processor.py:183} INFO - Processing /opt/airflow/dags/dag_bronze_ingestion.py took 0.244 seconds
[2026-06-05T14:21:35.993+0000] {processor.py:161} INFO - Started process (PID=647) to work on /opt/airflow/dags/dag_bronze_ingestion.py
[2026-06-05T14:21:35.996+0000] {processor.py:830} INFO - Processing file /opt/airflow/dags/dag_bronze_ingestion.py for tasks to queue
[2026-06-05T14:21:36.001+0000] {logging_mixin.py:188} INFO - [2026-06-05T14:21:36.000+0000] {dagbag.py:540} INFO - Filling up the DagBag from /opt/airflow/dags/dag_bronze_ingestion.py
[2026-06-05T14:21:36.089+0000] {processor.py:840} INFO - DAG(s) 'neuralretail_bronze_ingestion' retrieved from /opt/airflow/dags/dag_bronze_ingestion.py
[2026-06-05T14:21:36.148+0000] {logging_mixin.py:188} INFO - [2026-06-05T14:21:36.147+0000] {dag.py:3096} INFO - Sync 1 DAGs
[2026-06-05T14:21:36.191+0000] {logging_mixin.py:188} INFO - [2026-06-05T14:21:36.191+0000] {dag.py:3954} INFO - Setting next_dagrun for neuralretail_bronze_ingestion to 2026-06-04 02:00:00+00:00, run_after=2026-06-05 02:00:00+00:00
[2026-06-05T14:21:36.245+0000] {processor.py:183} INFO - Processing /opt/airflow/dags/dag_bronze_ingestion.py took 0.267 seconds
[2026-06-05T14:22:06.601+0000] {processor.py:161} INFO - Started process (PID=667) to work on /opt/airflow/dags/dag_bronze_ingestion.py
[2026-06-05T14:22:06.604+0000] {processor.py:830} INFO - Processing file /opt/airflow/dags/dag_bronze_ingestion.py for tasks to queue
[2026-06-05T14:22:06.609+0000] {logging_mixin.py:188} INFO - [2026-06-05T14:22:06.608+0000] {dagbag.py:540} INFO - Filling up the DagBag from /opt/airflow/dags/dag_bronze_ingestion.py
[2026-06-05T14:22:06.663+0000] {processor.py:840} INFO - DAG(s) 'neuralretail_bronze_ingestion' retrieved from /opt/airflow/dags/dag_bronze_ingestion.py
[2026-06-05T14:22:06.696+0000] {logging_mixin.py:188} INFO - [2026-06-05T14:22:06.695+0000] {dag.py:3096} INFO - Sync 1 DAGs
[2026-06-05T14:22:06.721+0000] {logging_mixin.py:188} INFO - [2026-06-05T14:22:06.721+0000] {dag.py:3954} INFO - Setting next_dagrun for neuralretail_bronze_ingestion to 2026-06-04 02:00:00+00:00, run_after=2026-06-05 02:00:00+00:00
[2026-06-05T14:22:06.738+0000] {processor.py:183} INFO - Processing /opt/airflow/dags/dag_bronze_ingestion.py took 0.151 seconds
[2026-06-05T14:22:36.890+0000] {processor.py:161} INFO - Started process (PID=687) to work on /opt/airflow/dags/dag_bronze_ingestion.py
[2026-06-05T14:22:36.892+0000] {processor.py:830} INFO - Processing file /opt/airflow/dags/dag_bronze_ingestion.py for tasks to queue
[2026-06-05T14:22:36.895+0000] {logging_mixin.py:188} INFO - [2026-06-05T14:22:36.894+0000] {dagbag.py:540} INFO - Filling up the DagBag from /opt/airflow/dags/dag_bronze_ingestion.py
[2026-06-05T14:22:36.932+0000] {processor.py:840} INFO - DAG(s) 'neuralretail_bronze_ingestion' retrieved from /opt/airflow/dags/dag_bronze_ingestion.py
[2026-06-05T14:22:36.955+0000] {logging_mixin.py:188} INFO - [2026-06-05T14:22:36.955+0000] {dag.py:3096} INFO - Sync 1 DAGs
[2026-06-05T14:22:36.980+0000] {logging_mixin.py:188} INFO - [2026-06-05T14:22:36.980+0000] {dag.py:3954} INFO - Setting next_dagrun for neuralretail_bronze_ingestion to 2026-06-04 02:00:00+00:00, run_after=2026-06-05 02:00:00+00:00
[2026-06-05T14:22:37.016+0000] {processor.py:183} INFO - Processing /opt/airflow/dags/dag_bronze_ingestion.py took 0.131 seconds
[2026-06-05T14:23:07.638+0000] {processor.py:161} INFO - Started process (PID=705) to work on /opt/airflow/dags/dag_bronze_ingestion.py
[2026-06-05T14:23:07.640+0000] {processor.py:830} INFO - Processing file /opt/airflow/dags/dag_bronze_ingestion.py for tasks to queue
[2026-06-05T14:23:07.643+0000] {logging_mixin.py:188} INFO - [2026-06-05T14:23:07.642+0000] {dagbag.py:540} INFO - Filling up the DagBag from /opt/airflow/dags/dag_bronze_ingestion.py
[2026-06-05T14:23:07.691+0000] {processor.py:840} INFO - DAG(s) 'neuralretail_bronze_ingestion' retrieved from /opt/airflow/dags/dag_bronze_ingestion.py
[2026-06-05T14:23:07.711+0000] {logging_mixin.py:188} INFO - [2026-06-05T14:23:07.711+0000] {dag.py:3096} INFO - Sync 1 DAGs
[2026-06-05T14:23:07.733+0000] {logging_mixin.py:188} INFO - [2026-06-05T14:23:07.732+0000] {dag.py:3954} INFO - Setting next_dagrun for neuralretail_bronze_ingestion to 2026-06-04 02:00:00+00:00, run_after=2026-06-05 02:00:00+00:00
[2026-06-05T14:23:07.752+0000] {processor.py:183} INFO - Processing /opt/airflow/dags/dag_bronze_ingestion.py took 0.120 seconds
[2026-06-05T14:23:38.207+0000] {processor.py:161} INFO - Started process (PID=725) to work on /opt/airflow/dags/dag_bronze_ingestion.py
[2026-06-05T14:23:38.209+0000] {processor.py:830} INFO - Processing file /opt/airflow/dags/dag_bronze_ingestion.py for tasks to queue
[2026-06-05T14:23:38.216+0000] {logging_mixin.py:188} INFO - [2026-06-05T14:23:38.214+0000] {dagbag.py:540} INFO - Filling up the DagBag from /opt/airflow/dags/dag_bronze_ingestion.py
[2026-06-05T14:23:38.299+0000] {processor.py:840} INFO - DAG(s) 'neuralretail_bronze_ingestion' retrieved from /opt/airflow/dags/dag_bronze_ingestion.py
[2026-06-05T14:23:38.352+0000] {logging_mixin.py:188} INFO - [2026-06-05T14:23:38.352+0000] {dag.py:3096} INFO - Sync 1 DAGs
[2026-06-05T14:23:38.395+0000] {logging_mixin.py:188} INFO - [2026-06-05T14:23:38.394+0000] {dag.py:3954} INFO - Setting next_dagrun for neuralretail_bronze_ingestion to 2026-06-04 02:00:00+00:00, run_after=2026-06-05 02:00:00+00:00
[2026-06-05T14:23:38.421+0000] {processor.py:183} INFO - Processing /opt/airflow/dags/dag_bronze_ingestion.py took 0.224 seconds
[2026-06-05T14:24:09.545+0000] {processor.py:161} INFO - Started process (PID=745) to work on /opt/airflow/dags/dag_bronze_ingestion.py
[2026-06-05T14:24:09.548+0000] {processor.py:830} INFO - Processing file /opt/airflow/dags/dag_bronze_ingestion.py for tasks to queue
[2026-06-05T14:24:09.554+0000] {logging_mixin.py:188} INFO - [2026-06-05T14:24:09.553+0000] {dagbag.py:540} INFO - Filling up the DagBag from /opt/airflow/dags/dag_bronze_ingestion.py
[2026-06-05T14:24:09.633+0000] {processor.py:840} INFO - DAG(s) 'neuralretail_bronze_ingestion' retrieved from /opt/airflow/dags/dag_bronze_ingestion.py
[2026-06-05T14:24:09.713+0000] {logging_mixin.py:188} INFO - [2026-06-05T14:24:09.712+0000] {dag.py:3096} INFO - Sync 1 DAGs
[2026-06-05T14:24:09.818+0000] {logging_mixin.py:188} INFO - [2026-06-05T14:24:09.817+0000] {dag.py:3954} INFO - Setting next_dagrun for neuralretail_bronze_ingestion to 2026-06-04 02:00:00+00:00, run_after=2026-06-05 02:00:00+00:00
[2026-06-05T14:24:09.891+0000] {processor.py:183} INFO - Processing /opt/airflow/dags/dag_bronze_ingestion.py took 0.362 seconds
[2026-06-05T14:24:40.055+0000] {processor.py:161} INFO - Started process (PID=765) to work on /opt/airflow/dags/dag_bronze_ingestion.py
[2026-06-05T14:24:40.057+0000] {processor.py:830} INFO - Processing file /opt/airflow/dags/dag_bronze_ingestion.py for tasks to queue
[2026-06-05T14:24:40.060+0000] {logging_mixin.py:188} INFO - [2026-06-05T14:24:40.059+0000] {dagbag.py:540} INFO - Filling up the DagBag from /opt/airflow/dags/dag_bronze_ingestion.py
[2026-06-05T14:24:40.107+0000] {processor.py:840} INFO - DAG(s) 'neuralretail_bronze_ingestion' retrieved from /opt/airflow/dags/dag_bronze_ingestion.py
[2026-06-05T14:24:40.133+0000] {logging_mixin.py:188} INFO - [2026-06-05T14:24:40.133+0000] {dag.py:3096} INFO - Sync 1 DAGs
[2026-06-05T14:24:40.154+0000] {logging_mixin.py:188} INFO - [2026-06-05T14:24:40.154+0000] {dag.py:3954} INFO - Setting next_dagrun for neuralretail_bronze_ingestion to 2026-06-04 02:00:00+00:00, run_after=2026-06-05 02:00:00+00:00
[2026-06-05T14:24:40.173+0000] {processor.py:183} INFO - Processing /opt/airflow/dags/dag_bronze_ingestion.py took 0.131 seconds
[2026-06-05T14:25:11.183+0000] {processor.py:161} INFO - Started process (PID=785) to work on /opt/airflow/dags/dag_bronze_ingestion.py
[2026-06-05T14:25:11.184+0000] {processor.py:830} INFO - Processing file /opt/airflow/dags/dag_bronze_ingestion.py for tasks to queue
[2026-06-05T14:25:11.188+0000] {logging_mixin.py:188} INFO - [2026-06-05T14:25:11.187+0000] {dagbag.py:540} INFO - Filling up the DagBag from /opt/airflow/dags/dag_bronze_ingestion.py
[2026-06-05T14:25:11.240+0000] {processor.py:840} INFO - DAG(s) 'neuralretail_bronze_ingestion' retrieved from /opt/airflow/dags/dag_bronze_ingestion.py
[2026-06-05T14:25:11.284+0000] {logging_mixin.py:188} INFO - [2026-06-05T14:25:11.283+0000] {dag.py:3096} INFO - Sync 1 DAGs
[2026-06-05T14:25:11.324+0000] {logging_mixin.py:188} INFO - [2026-06-05T14:25:11.324+0000] {dag.py:3954} INFO - Setting next_dagrun for neuralretail_bronze_ingestion to 2026-06-04 02:00:00+00:00, run_after=2026-06-05 02:00:00+00:00
[2026-06-05T14:25:11.354+0000] {processor.py:183} INFO - Processing /opt/airflow/dags/dag_bronze_ingestion.py took 0.176 seconds
[2026-06-05T14:25:42.080+0000] {processor.py:161} INFO - Started process (PID=805) to work on /opt/airflow/dags/dag_bronze_ingestion.py
[2026-06-05T14:25:42.081+0000] {processor.py:830} INFO - Processing file /opt/airflow/dags/dag_bronze_ingestion.py for tasks to queue
[2026-06-05T14:25:42.084+0000] {logging_mixin.py:188} INFO - [2026-06-05T14:25:42.083+0000] {dagbag.py:540} INFO - Filling up the DagBag from /opt/airflow/dags/dag_bronze_ingestion.py
[2026-06-05T14:25:42.133+0000] {processor.py:840} INFO - DAG(s) 'neuralretail_bronze_ingestion' retrieved from /opt/airflow/dags/dag_bronze_ingestion.py
[2026-06-05T14:25:42.161+0000] {logging_mixin.py:188} INFO - [2026-06-05T14:25:42.161+0000] {dag.py:3096} INFO - Sync 1 DAGs
[2026-06-05T14:25:42.191+0000] {logging_mixin.py:188} INFO - [2026-06-05T14:25:42.191+0000] {dag.py:3954} INFO - Setting next_dagrun for neuralretail_bronze_ingestion to 2026-06-04 02:00:00+00:00, run_after=2026-06-05 02:00:00+00:00
[2026-06-05T14:25:42.214+0000] {processor.py:183} INFO - Processing /opt/airflow/dags/dag_bronze_ingestion.py took 0.139 seconds
[2026-06-05T14:26:13.308+0000] {processor.py:161} INFO - Started process (PID=825) to work on /opt/airflow/dags/dag_bronze_ingestion.py
[2026-06-05T14:26:13.311+0000] {processor.py:830} INFO - Processing file /opt/airflow/dags/dag_bronze_ingestion.py for tasks to queue
[2026-06-05T14:26:13.317+0000] {logging_mixin.py:188} INFO - [2026-06-05T14:26:13.316+0000] {dagbag.py:540} INFO - Filling up the DagBag from /opt/airflow/dags/dag_bronze_ingestion.py
[2026-06-05T14:26:13.399+0000] {processor.py:840} INFO - DAG(s) 'neuralretail_bronze_ingestion' retrieved from /opt/airflow/dags/dag_bronze_ingestion.py
[2026-06-05T14:26:13.458+0000] {logging_mixin.py:188} INFO - [2026-06-05T14:26:13.458+0000] {dag.py:3096} INFO - Sync 1 DAGs
[2026-06-05T14:26:13.517+0000] {logging_mixin.py:188} INFO - [2026-06-05T14:26:13.516+0000] {dag.py:3954} INFO - Setting next_dagrun for neuralretail_bronze_ingestion to 2026-06-04 02:00:00+00:00, run_after=2026-06-05 02:00:00+00:00
[2026-06-05T14:26:13.574+0000] {processor.py:183} INFO - Processing /opt/airflow/dags/dag_bronze_ingestion.py took 0.279 seconds
[2026-06-05T14:26:44.559+0000] {processor.py:161} INFO - Started process (PID=845) to work on /opt/airflow/dags/dag_bronze_ingestion.py
[2026-06-05T14:26:44.561+0000] {processor.py:830} INFO - Processing file /opt/airflow/dags/dag_bronze_ingestion.py for tasks to queue
[2026-06-05T14:26:44.566+0000] {logging_mixin.py:188} INFO - [2026-06-05T14:26:44.566+0000] {dagbag.py:540} INFO - Filling up the DagBag from /opt/airflow/dags/dag_bronze_ingestion.py
[2026-06-05T14:26:44.627+0000] {processor.py:840} INFO - DAG(s) 'neuralretail_bronze_ingestion' retrieved from /opt/airflow/dags/dag_bronze_ingestion.py
[2026-06-05T14:26:44.663+0000] {logging_mixin.py:188} INFO - [2026-06-05T14:26:44.662+0000] {dag.py:3096} INFO - Sync 1 DAGs
[2026-06-05T14:26:44.696+0000] {logging_mixin.py:188} INFO - [2026-06-05T14:26:44.696+0000] {dag.py:3954} INFO - Setting next_dagrun for neuralretail_bronze_ingestion to 2026-06-04 02:00:00+00:00, run_after=2026-06-05 02:00:00+00:00
[2026-06-05T14:26:44.722+0000] {processor.py:183} INFO - Processing /opt/airflow/dags/dag_bronze_ingestion.py took 0.170 seconds
[2026-06-05T14:27:15.667+0000] {processor.py:161} INFO - Started process (PID=865) to work on /opt/airflow/dags/dag_bronze_ingestion.py
[2026-06-05T14:27:15.668+0000] {processor.py:830} INFO - Processing file /opt/airflow/dags/dag_bronze_ingestion.py for tasks to queue
[2026-06-05T14:27:15.670+0000] {logging_mixin.py:188} INFO - [2026-06-05T14:27:15.670+0000] {dagbag.py:540} INFO - Filling up the DagBag from /opt/airflow/dags/dag_bronze_ingestion.py
[2026-06-05T14:27:15.725+0000] {processor.py:840} INFO - DAG(s) 'neuralretail_bronze_ingestion' retrieved from /opt/airflow/dags/dag_bronze_ingestion.py
[2026-06-05T14:27:15.754+0000] {logging_mixin.py:188} INFO - [2026-06-05T14:27:15.753+0000] {dag.py:3096} INFO - Sync 1 DAGs
[2026-06-05T14:27:15.780+0000] {logging_mixin.py:188} INFO - [2026-06-05T14:27:15.780+0000] {dag.py:3954} INFO - Setting next_dagrun for neuralretail_bronze_ingestion to 2026-06-04 02:00:00+00:00, run_after=2026-06-05 02:00:00+00:00
[2026-06-05T14:27:15.806+0000] {processor.py:183} INFO - Processing /opt/airflow/dags/dag_bronze_ingestion.py took 0.146 seconds
[2026-06-05T14:27:46.190+0000] {processor.py:161} INFO - Started process (PID=887) to work on /opt/airflow/dags/dag_bronze_ingestion.py
[2026-06-05T14:27:46.192+0000] {processor.py:830} INFO - Processing file /opt/airflow/dags/dag_bronze_ingestion.py for tasks to queue
[2026-06-05T14:27:46.194+0000] {logging_mixin.py:188} INFO - [2026-06-05T14:27:46.194+0000] {dagbag.py:540} INFO - Filling up the DagBag from /opt/airflow/dags/dag_bronze_ingestion.py
[2026-06-05T14:27:46.264+0000] {processor.py:840} INFO - DAG(s) 'neuralretail_bronze_ingestion' retrieved from /opt/airflow/dags/dag_bronze_ingestion.py
[2026-06-05T14:27:46.301+0000] {logging_mixin.py:188} INFO - [2026-06-05T14:27:46.301+0000] {dag.py:3096} INFO - Sync 1 DAGs
[2026-06-05T14:27:46.328+0000] {logging_mixin.py:188} INFO - [2026-06-05T14:27:46.328+0000] {dag.py:3954} INFO - Setting next_dagrun for neuralretail_bronze_ingestion to 2026-06-04 02:00:00+00:00, run_after=2026-06-05 02:00:00+00:00
[2026-06-05T14:27:46.347+0000] {processor.py:183} INFO - Processing /opt/airflow/dags/dag_bronze_ingestion.py took 0.166 seconds
[2026-06-05T14:28:16.692+0000] {processor.py:161} INFO - Started process (PID=907) to work on /opt/airflow/dags/dag_bronze_ingestion.py
[2026-06-05T14:28:16.694+0000] {processor.py:830} INFO - Processing file /opt/airflow/dags/dag_bronze_ingestion.py for tasks to queue
[2026-06-05T14:28:16.696+0000] {logging_mixin.py:188} INFO - [2026-06-05T14:28:16.696+0000] {dagbag.py:540} INFO - Filling up the DagBag from /opt/airflow/dags/dag_bronze_ingestion.py
[2026-06-05T14:28:16.781+0000] {processor.py:840} INFO - DAG(s) 'neuralretail_bronze_ingestion' retrieved from /opt/airflow/dags/dag_bronze_ingestion.py
[2026-06-05T14:28:16.815+0000] {logging_mixin.py:188} INFO - [2026-06-05T14:28:16.815+0000] {dag.py:3096} INFO - Sync 1 DAGs
[2026-06-05T14:28:16.844+0000] {logging_mixin.py:188} INFO - [2026-06-05T14:28:16.843+0000] {dag.py:3954} INFO - Setting next_dagrun for neuralretail_bronze_ingestion to 2026-06-04 02:00:00+00:00, run_after=2026-06-05 02:00:00+00:00
[2026-06-05T14:28:16.863+0000] {processor.py:183} INFO - Processing /opt/airflow/dags/dag_bronze_ingestion.py took 0.187 seconds
[2026-06-05T14:28:47.113+0000] {processor.py:161} INFO - Started process (PID=927) to work on /opt/airflow/dags/dag_bronze_ingestion.py
[2026-06-05T14:28:47.117+0000] {processor.py:830} INFO - Processing file /opt/airflow/dags/dag_bronze_ingestion.py for tasks to queue
[2026-06-05T14:28:47.124+0000] {logging_mixin.py:188} INFO - [2026-06-05T14:28:47.123+0000] {dagbag.py:540} INFO - Filling up the DagBag from /opt/airflow/dags/dag_bronze_ingestion.py
[2026-06-05T14:28:47.188+0000] {processor.py:840} INFO - DAG(s) 'neuralretail_bronze_ingestion' retrieved from /opt/airflow/dags/dag_bronze_ingestion.py
[2026-06-05T14:28:47.213+0000] {logging_mixin.py:188} INFO - [2026-06-05T14:28:47.213+0000] {dag.py:3096} INFO - Sync 1 DAGs
[2026-06-05T14:28:47.335+0000] {logging_mixin.py:188} INFO - [2026-06-05T14:28:47.335+0000] {dag.py:3954} INFO - Setting next_dagrun for neuralretail_bronze_ingestion to 2026-06-04 02:00:00+00:00, run_after=2026-06-05 02:00:00+00:00
[2026-06-05T14:28:47.365+0000] {processor.py:183} INFO - Processing /opt/airflow/dags/dag_bronze_ingestion.py took 0.267 seconds
[2026-06-05T14:29:18.182+0000] {processor.py:161} INFO - Started process (PID=947) to work on /opt/airflow/dags/dag_bronze_ingestion.py
[2026-06-05T14:29:18.184+0000] {processor.py:830} INFO - Processing file /opt/airflow/dags/dag_bronze_ingestion.py for tasks to queue
[2026-06-05T14:29:18.186+0000] {logging_mixin.py:188} INFO - [2026-06-05T14:29:18.185+0000] {dagbag.py:540} INFO - Filling up the DagBag from /opt/airflow/dags/dag_bronze_ingestion.py
[2026-06-05T14:29:18.228+0000] {processor.py:840} INFO - DAG(s) 'neuralretail_bronze_ingestion' retrieved from /opt/airflow/dags/dag_bronze_ingestion.py
[2026-06-05T14:29:18.249+0000] {logging_mixin.py:188} INFO - [2026-06-05T14:29:18.249+0000] {dag.py:3096} INFO - Sync 1 DAGs
[2026-06-05T14:29:18.266+0000] {logging_mixin.py:188} INFO - [2026-06-05T14:29:18.266+0000] {dag.py:3954} INFO - Setting next_dagrun for neuralretail_bronze_ingestion to 2026-06-04 02:00:00+00:00, run_after=2026-06-05 02:00:00+00:00
[2026-06-05T14:29:18.285+0000] {processor.py:183} INFO - Processing /opt/airflow/dags/dag_bronze_ingestion.py took 0.108 seconds
[2026-06-05T14:29:48.891+0000] {processor.py:161} INFO - Started process (PID=967) to work on /opt/airflow/dags/dag_bronze_ingestion.py
[2026-06-05T14:29:48.893+0000] {processor.py:830} INFO - Processing file /opt/airflow/dags/dag_bronze_ingestion.py for tasks to queue
[2026-06-05T14:29:48.896+0000] {logging_mixin.py:188} INFO - [2026-06-05T14:29:48.896+0000] {dagbag.py:540} INFO - Filling up the DagBag from /opt/airflow/dags/dag_bronze_ingestion.py
[2026-06-05T14:29:48.942+0000] {processor.py:840} INFO - DAG(s) 'neuralretail_bronze_ingestion' retrieved from /opt/airflow/dags/dag_bronze_ingestion.py
[2026-06-05T14:29:48.964+0000] {logging_mixin.py:188} INFO - [2026-06-05T14:29:48.964+0000] {dag.py:3096} INFO - Sync 1 DAGs
[2026-06-05T14:29:48.982+0000] {logging_mixin.py:188} INFO - [2026-06-05T14:29:48.982+0000] {dag.py:3954} INFO - Setting next_dagrun for neuralretail_bronze_ingestion to 2026-06-04 02:00:00+00:00, run_after=2026-06-05 02:00:00+00:00
[2026-06-05T14:29:49.351+0000] {processor.py:183} INFO - Processing /opt/airflow/dags/dag_bronze_ingestion.py took 0.467 seconds
[2026-06-05T14:30:19.734+0000] {processor.py:161} INFO - Started process (PID=987) to work on /opt/airflow/dags/dag_bronze_ingestion.py
[2026-06-05T14:30:19.737+0000] {processor.py:830} INFO - Processing file /opt/airflow/dags/dag_bronze_ingestion.py for tasks to queue
[2026-06-05T14:30:19.742+0000] {logging_mixin.py:188} INFO - [2026-06-05T14:30:19.741+0000] {dagbag.py:540} INFO - Filling up the DagBag from /opt/airflow/dags/dag_bronze_ingestion.py
[2026-06-05T14:30:19.851+0000] {processor.py:840} INFO - DAG(s) 'neuralretail_bronze_ingestion' retrieved from /opt/airflow/dags/dag_bronze_ingestion.py
[2026-06-05T14:30:20.002+0000] {logging_mixin.py:188} INFO - [2026-06-05T14:30:20.002+0000] {dag.py:3096} INFO - Sync 1 DAGs
[2026-06-05T14:30:20.019+0000] {logging_mixin.py:188} INFO - [2026-06-05T14:30:20.019+0000] {dag.py:3954} INFO - Setting next_dagrun for neuralretail_bronze_ingestion to 2026-06-04 02:00:00+00:00, run_after=2026-06-05 02:00:00+00:00
[2026-06-05T14:30:20.040+0000] {processor.py:183} INFO - Processing /opt/airflow/dags/dag_bronze_ingestion.py took 0.319 seconds
[2026-06-05T14:30:50.621+0000] {processor.py:161} INFO - Started process (PID=1007) to work on /opt/airflow/dags/dag_bronze_ingestion.py
[2026-06-05T14:30:50.623+0000] {processor.py:830} INFO - Processing file /opt/airflow/dags/dag_bronze_ingestion.py for tasks to queue
[2026-06-05T14:30:50.627+0000] {logging_mixin.py:188} INFO - [2026-06-05T14:30:50.627+0000] {dagbag.py:540} INFO - Filling up the DagBag from /opt/airflow/dags/dag_bronze_ingestion.py
[2026-06-05T14:30:50.786+0000] {processor.py:840} INFO - DAG(s) 'neuralretail_bronze_ingestion' retrieved from /opt/airflow/dags/dag_bronze_ingestion.py
[2026-06-05T14:30:50.813+0000] {logging_mixin.py:188} INFO - [2026-06-05T14:30:50.813+0000] {dag.py:3096} INFO - Sync 1 DAGs
[2026-06-05T14:30:50.840+0000] {logging_mixin.py:188} INFO - [2026-06-05T14:30:50.839+0000] {dag.py:3954} INFO - Setting next_dagrun for neuralretail_bronze_ingestion to 2026-06-04 02:00:00+00:00, run_after=2026-06-05 02:00:00+00:00
[2026-06-05T14:30:50.869+0000] {processor.py:183} INFO - Processing /opt/airflow/dags/dag_bronze_ingestion.py took 0.257 seconds
[2026-06-05T14:31:21.318+0000] {processor.py:161} INFO - Started process (PID=1027) to work on /opt/airflow/dags/dag_bronze_ingestion.py
[2026-06-05T14:31:21.320+0000] {processor.py:830} INFO - Processing file /opt/airflow/dags/dag_bronze_ingestion.py for tasks to queue
[2026-06-05T14:31:21.324+0000] {logging_mixin.py:188} INFO - [2026-06-05T14:31:21.323+0000] {dagbag.py:540} INFO - Filling up the DagBag from /opt/airflow/dags/dag_bronze_ingestion.py
[2026-06-05T14:31:21.388+0000] {processor.py:840} INFO - DAG(s) 'neuralretail_bronze_ingestion' retrieved from /opt/airflow/dags/dag_bronze_ingestion.py
[2026-06-05T14:31:21.451+0000] {logging_mixin.py:188} INFO - [2026-06-05T14:31:21.450+0000] {dag.py:3096} INFO - Sync 1 DAGs
[2026-06-05T14:31:21.478+0000] {logging_mixin.py:188} INFO - [2026-06-05T14:31:21.477+0000] {dag.py:3954} INFO - Setting next_dagrun for neuralretail_bronze_ingestion to 2026-06-04 02:00:00+00:00, run_after=2026-06-05 02:00:00+00:00
[2026-06-05T14:31:21.501+0000] {processor.py:183} INFO - Processing /opt/airflow/dags/dag_bronze_ingestion.py took 0.192 seconds
[2026-06-05T14:31:51.851+0000] {processor.py:161} INFO - Started process (PID=1047) to work on /opt/airflow/dags/dag_bronze_ingestion.py
[2026-06-05T14:31:51.855+0000] {processor.py:830} INFO - Processing file /opt/airflow/dags/dag_bronze_ingestion.py for tasks to queue
[2026-06-05T14:31:51.859+0000] {logging_mixin.py:188} INFO - [2026-06-05T14:31:51.858+0000] {dagbag.py:540} INFO - Filling up the DagBag from /opt/airflow/dags/dag_bronze_ingestion.py
[2026-06-05T14:31:51.938+0000] {processor.py:840} INFO - DAG(s) 'neuralretail_bronze_ingestion' retrieved from /opt/airflow/dags/dag_bronze_ingestion.py
[2026-06-05T14:31:51.967+0000] {logging_mixin.py:188} INFO - [2026-06-05T14:31:51.967+0000] {dag.py:3096} INFO - Sync 1 DAGs
[2026-06-05T14:31:51.988+0000] {logging_mixin.py:188} INFO - [2026-06-05T14:31:51.987+0000] {dag.py:3954} INFO - Setting next_dagrun for neuralretail_bronze_ingestion to 2026-06-04 02:00:00+00:00, run_after=2026-06-05 02:00:00+00:00
[2026-06-05T14:31:52.008+0000] {processor.py:183} INFO - Processing /opt/airflow/dags/dag_bronze_ingestion.py took 0.172 seconds
[2026-06-05T14:32:22.134+0000] {processor.py:161} INFO - Started process (PID=1067) to work on /opt/airflow/dags/dag_bronze_ingestion.py
[2026-06-05T14:32:22.136+0000] {processor.py:830} INFO - Processing file /opt/airflow/dags/dag_bronze_ingestion.py for tasks to queue
[2026-06-05T14:32:22.138+0000] {logging_mixin.py:188} INFO - [2026-06-05T14:32:22.138+0000] {dagbag.py:540} INFO - Filling up the DagBag from /opt/airflow/dags/dag_bronze_ingestion.py
[2026-06-05T14:32:22.212+0000] {processor.py:840} INFO - DAG(s) 'neuralretail_bronze_ingestion' retrieved from /opt/airflow/dags/dag_bronze_ingestion.py
[2026-06-05T14:32:22.250+0000] {logging_mixin.py:188} INFO - [2026-06-05T14:32:22.249+0000] {dag.py:3096} INFO - Sync 1 DAGs
[2026-06-05T14:32:22.277+0000] {logging_mixin.py:188} INFO - [2026-06-05T14:32:22.277+0000] {dag.py:3954} INFO - Setting next_dagrun for neuralretail_bronze_ingestion to 2026-06-04 02:00:00+00:00, run_after=2026-06-05 02:00:00+00:00
[2026-06-05T14:32:22.296+0000] {processor.py:183} INFO - Processing /opt/airflow/dags/dag_bronze_ingestion.py took 0.174 seconds
[2026-06-05T14:32:52.525+0000] {processor.py:161} INFO - Started process (PID=1087) to work on /opt/airflow/dags/dag_bronze_ingestion.py
[2026-06-05T14:32:52.528+0000] {processor.py:830} INFO - Processing file /opt/airflow/dags/dag_bronze_ingestion.py for tasks to queue
[2026-06-05T14:32:52.530+0000] {logging_mixin.py:188} INFO - [2026-06-05T14:32:52.529+0000] {dagbag.py:540} INFO - Filling up the DagBag from /opt/airflow/dags/dag_bronze_ingestion.py
[2026-06-05T14:32:52.596+0000] {processor.py:840} INFO - DAG(s) 'neuralretail_bronze_ingestion' retrieved from /opt/airflow/dags/dag_bronze_ingestion.py
[2026-06-05T14:32:52.650+0000] {logging_mixin.py:188} INFO - [2026-06-05T14:32:52.649+0000] {dag.py:3096} INFO - Sync 1 DAGs
[2026-06-05T14:32:52.686+0000] {logging_mixin.py:188} INFO - [2026-06-05T14:32:52.686+0000] {dag.py:3954} INFO - Setting next_dagrun for neuralretail_bronze_ingestion to 2026-06-04 02:00:00+00:00, run_after=2026-06-05 02:00:00+00:00
[2026-06-05T14:32:52.730+0000] {processor.py:183} INFO - Processing /opt/airflow/dags/dag_bronze_ingestion.py took 0.209 seconds
[2026-06-05T14:33:23.043+0000] {processor.py:161} INFO - Started process (PID=1107) to work on /opt/airflow/dags/dag_bronze_ingestion.py
[2026-06-05T14:33:23.049+0000] {processor.py:830} INFO - Processing file /opt/airflow/dags/dag_bronze_ingestion.py for tasks to queue
[2026-06-05T14:33:23.051+0000] {logging_mixin.py:188} INFO - [2026-06-05T14:33:23.050+0000] {dagbag.py:540} INFO - Filling up the DagBag from /opt/airflow/dags/dag_bronze_ingestion.py
[2026-06-05T14:33:23.110+0000] {processor.py:840} INFO - DAG(s) 'neuralretail_bronze_ingestion' retrieved from /opt/airflow/dags/dag_bronze_ingestion.py
[2026-06-05T14:33:23.136+0000] {logging_mixin.py:188} INFO - [2026-06-05T14:33:23.136+0000] {dag.py:3096} INFO - Sync 1 DAGs
[2026-06-05T14:33:23.165+0000] {logging_mixin.py:188} INFO - [2026-06-05T14:33:23.164+0000] {dag.py:3954} INFO - Setting next_dagrun for neuralretail_bronze_ingestion to 2026-06-04 02:00:00+00:00, run_after=2026-06-05 02:00:00+00:00
[2026-06-05T14:33:23.190+0000] {processor.py:183} INFO - Processing /opt/airflow/dags/dag_bronze_ingestion.py took 0.153 seconds
[2026-06-05T14:33:53.357+0000] {processor.py:161} INFO - Started process (PID=1125) to work on /opt/airflow/dags/dag_bronze_ingestion.py
[2026-06-05T14:33:53.358+0000] {processor.py:830} INFO - Processing file /opt/airflow/dags/dag_bronze_ingestion.py for tasks to queue
[2026-06-05T14:33:53.360+0000] {logging_mixin.py:188} INFO - [2026-06-05T14:33:53.359+0000] {dagbag.py:540} INFO - Filling up the DagBag from /opt/airflow/dags/dag_bronze_ingestion.py
[2026-06-05T14:33:53.409+0000] {processor.py:840} INFO - DAG(s) 'neuralretail_bronze_ingestion' retrieved from /opt/airflow/dags/dag_bronze_ingestion.py
[2026-06-05T14:33:53.433+0000] {logging_mixin.py:188} INFO - [2026-06-05T14:33:53.432+0000] {dag.py:3096} INFO - Sync 1 DAGs
[2026-06-05T14:33:53.451+0000] {logging_mixin.py:188} INFO - [2026-06-05T14:33:53.451+0000] {dag.py:3954} INFO - Setting next_dagrun for neuralretail_bronze_ingestion to 2026-06-04 02:00:00+00:00, run_after=2026-06-05 02:00:00+00:00
[2026-06-05T14:33:53.470+0000] {processor.py:183} INFO - Processing /opt/airflow/dags/dag_bronze_ingestion.py took 0.123 seconds
[2026-06-05T14:34:23.753+0000] {processor.py:161} INFO - Started process (PID=1145) to work on /opt/airflow/dags/dag_bronze_ingestion.py
[2026-06-05T14:34:23.755+0000] {processor.py:830} INFO - Processing file /opt/airflow/dags/dag_bronze_ingestion.py for tasks to queue
[2026-06-05T14:34:23.759+0000] {logging_mixin.py:188} INFO - [2026-06-05T14:34:23.758+0000] {dagbag.py:540} INFO - Filling up the DagBag from /opt/airflow/dags/dag_bronze_ingestion.py
[2026-06-05T14:34:23.831+0000] {processor.py:840} INFO - DAG(s) 'neuralretail_bronze_ingestion' retrieved from /opt/airflow/dags/dag_bronze_ingestion.py
[2026-06-05T14:34:23.862+0000] {logging_mixin.py:188} INFO - [2026-06-05T14:34:23.862+0000] {dag.py:3096} INFO - Sync 1 DAGs
[2026-06-05T14:34:23.895+0000] {logging_mixin.py:188} INFO - [2026-06-05T14:34:23.895+0000] {dag.py:3954} INFO - Setting next_dagrun for neuralretail_bronze_ingestion to 2026-06-04 02:00:00+00:00, run_after=2026-06-05 02:00:00+00:00
[2026-06-05T14:34:23.917+0000] {processor.py:183} INFO - Processing /opt/airflow/dags/dag_bronze_ingestion.py took 0.174 seconds
[2026-06-05T14:34:54.288+0000] {processor.py:161} INFO - Started process (PID=1165) to work on /opt/airflow/dags/dag_bronze_ingestion.py
[2026-06-05T14:34:54.289+0000] {processor.py:830} INFO - Processing file /opt/airflow/dags/dag_bronze_ingestion.py for tasks to queue
[2026-06-05T14:34:54.291+0000] {logging_mixin.py:188} INFO - [2026-06-05T14:34:54.291+0000] {dagbag.py:540} INFO - Filling up the DagBag from /opt/airflow/dags/dag_bronze_ingestion.py
[2026-06-05T14:34:54.327+0000] {processor.py:840} INFO - DAG(s) 'neuralretail_bronze_ingestion' retrieved from /opt/airflow/dags/dag_bronze_ingestion.py
[2026-06-05T14:34:54.346+0000] {logging_mixin.py:188} INFO - [2026-06-05T14:34:54.346+0000] {dag.py:3096} INFO - Sync 1 DAGs
[2026-06-05T14:34:54.364+0000] {logging_mixin.py:188} INFO - [2026-06-05T14:34:54.363+0000] {dag.py:3954} INFO - Setting next_dagrun for neuralretail_bronze_ingestion to 2026-06-04 02:00:00+00:00, run_after=2026-06-05 02:00:00+00:00
[2026-06-05T14:34:54.380+0000] {processor.py:183} INFO - Processing /opt/airflow/dags/dag_bronze_ingestion.py took 0.096 seconds
[2026-06-05T14:35:25.218+0000] {processor.py:161} INFO - Started process (PID=1185) to work on /opt/airflow/dags/dag_bronze_ingestion.py
[2026-06-05T14:35:25.220+0000] {processor.py:830} INFO - Processing file /opt/airflow/dags/dag_bronze_ingestion.py for tasks to queue
[2026-06-05T14:35:25.223+0000] {logging_mixin.py:188} INFO - [2026-06-05T14:35:25.222+0000] {dagbag.py:540} INFO - Filling up the DagBag from /opt/airflow/dags/dag_bronze_ingestion.py
[2026-06-05T14:35:25.269+0000] {processor.py:840} INFO - DAG(s) 'neuralretail_bronze_ingestion' retrieved from /opt/airflow/dags/dag_bronze_ingestion.py
[2026-06-05T14:35:25.294+0000] {logging_mixin.py:188} INFO - [2026-06-05T14:35:25.293+0000] {dag.py:3096} INFO - Sync 1 DAGs
[2026-06-05T14:35:25.315+0000] {logging_mixin.py:188} INFO - [2026-06-05T14:35:25.315+0000] {dag.py:3954} INFO - Setting next_dagrun for neuralretail_bronze_ingestion to 2026-06-04 02:00:00+00:00, run_after=2026-06-05 02:00:00+00:00
[2026-06-05T14:35:25.333+0000] {processor.py:183} INFO - Processing /opt/airflow/dags/dag_bronze_ingestion.py took 0.120 seconds
[2026-06-05T14:35:55.767+0000] {processor.py:161} INFO - Started process (PID=1205) to work on /opt/airflow/dags/dag_bronze_ingestion.py
[2026-06-05T14:35:55.771+0000] {processor.py:830} INFO - Processing file /opt/airflow/dags/dag_bronze_ingestion.py for tasks to queue
[2026-06-05T14:35:55.775+0000] {logging_mixin.py:188} INFO - [2026-06-05T14:35:55.774+0000] {dagbag.py:540} INFO - Filling up the DagBag from /opt/airflow/dags/dag_bronze_ingestion.py
[2026-06-05T14:35:55.835+0000] {processor.py:840} INFO - DAG(s) 'neuralretail_bronze_ingestion' retrieved from /opt/airflow/dags/dag_bronze_ingestion.py
[2026-06-05T14:35:55.858+0000] {logging_mixin.py:188} INFO - [2026-06-05T14:35:55.858+0000] {dag.py:3096} INFO - Sync 1 DAGs
[2026-06-05T14:35:55.880+0000] {logging_mixin.py:188} INFO - [2026-06-05T14:35:55.880+0000] {dag.py:3954} INFO - Setting next_dagrun for neuralretail_bronze_ingestion to 2026-06-04 02:00:00+00:00, run_after=2026-06-05 02:00:00+00:00
[2026-06-05T14:35:55.907+0000] {processor.py:183} INFO - Processing /opt/airflow/dags/dag_bronze_ingestion.py took 0.144 seconds
[2026-06-05T14:36:27.036+0000] {processor.py:161} INFO - Started process (PID=1225) to work on /opt/airflow/dags/dag_bronze_ingestion.py
[2026-06-05T14:36:27.039+0000] {processor.py:830} INFO - Processing file /opt/airflow/dags/dag_bronze_ingestion.py for tasks to queue
[2026-06-05T14:36:27.043+0000] {logging_mixin.py:188} INFO - [2026-06-05T14:36:27.043+0000] {dagbag.py:540} INFO - Filling up the DagBag from /opt/airflow/dags/dag_bronze_ingestion.py
[2026-06-05T14:36:27.129+0000] {processor.py:840} INFO - DAG(s) 'neuralretail_bronze_ingestion' retrieved from /opt/airflow/dags/dag_bronze_ingestion.py
[2026-06-05T14:36:27.167+0000] {logging_mixin.py:188} INFO - [2026-06-05T14:36:27.166+0000] {dag.py:3096} INFO - Sync 1 DAGs
[2026-06-05T14:36:27.186+0000] {logging_mixin.py:188} INFO - [2026-06-05T14:36:27.186+0000] {dag.py:3954} INFO - Setting next_dagrun for neuralretail_bronze_ingestion to 2026-06-04 02:00:00+00:00, run_after=2026-06-05 02:00:00+00:00
[2026-06-05T14:36:27.210+0000] {processor.py:183} INFO - Processing /opt/airflow/dags/dag_bronze_ingestion.py took 0.184 seconds
[2026-06-05T14:36:57.586+0000] {processor.py:161} INFO - Started process (PID=1245) to work on /opt/airflow/dags/dag_bronze_ingestion.py
[2026-06-05T14:36:57.589+0000] {processor.py:830} INFO - Processing file /opt/airflow/dags/dag_bronze_ingestion.py for tasks to queue
[2026-06-05T14:36:57.595+0000] {logging_mixin.py:188} INFO - [2026-06-05T14:36:57.594+0000] {dagbag.py:540} INFO - Filling up the DagBag from /opt/airflow/dags/dag_bronze_ingestion.py
[2026-06-05T14:36:57.660+0000] {processor.py:840} INFO - DAG(s) 'neuralretail_bronze_ingestion' retrieved from /opt/airflow/dags/dag_bronze_ingestion.py
[2026-06-05T14:36:57.696+0000] {logging_mixin.py:188} INFO - [2026-06-05T14:36:57.696+0000] {dag.py:3096} INFO - Sync 1 DAGs
[2026-06-05T14:36:57.717+0000] {logging_mixin.py:188} INFO - [2026-06-05T14:36:57.717+0000] {dag.py:3954} INFO - Setting next_dagrun for neuralretail_bronze_ingestion to 2026-06-04 02:00:00+00:00, run_after=2026-06-05 02:00:00+00:00
[2026-06-05T14:36:57.738+0000] {processor.py:183} INFO - Processing /opt/airflow/dags/dag_bronze_ingestion.py took 0.160 seconds
[2026-06-05T14:37:28.021+0000] {processor.py:161} INFO - Started process (PID=1265) to work on /opt/airflow/dags/dag_bronze_ingestion.py
[2026-06-05T14:37:28.023+0000] {processor.py:830} INFO - Processing file /opt/airflow/dags/dag_bronze_ingestion.py for tasks to queue
[2026-06-05T14:37:28.025+0000] {logging_mixin.py:188} INFO - [2026-06-05T14:37:28.024+0000] {dagbag.py:540} INFO - Filling up the DagBag from /opt/airflow/dags/dag_bronze_ingestion.py
[2026-06-05T14:37:28.076+0000] {processor.py:840} INFO - DAG(s) 'neuralretail_bronze_ingestion' retrieved from /opt/airflow/dags/dag_bronze_ingestion.py
[2026-06-05T14:37:28.108+0000] {logging_mixin.py:188} INFO - [2026-06-05T14:37:28.108+0000] {dag.py:3096} INFO - Sync 1 DAGs
[2026-06-05T14:37:28.132+0000] {logging_mixin.py:188} INFO - [2026-06-05T14:37:28.132+0000] {dag.py:3954} INFO - Setting next_dagrun for neuralretail_bronze_ingestion to 2026-06-04 02:00:00+00:00, run_after=2026-06-05 02:00:00+00:00
[2026-06-05T14:37:28.156+0000] {processor.py:183} INFO - Processing /opt/airflow/dags/dag_bronze_ingestion.py took 0.140 seconds
[2026-06-05T14:37:58.362+0000] {processor.py:161} INFO - Started process (PID=1285) to work on /opt/airflow/dags/dag_bronze_ingestion.py
[2026-06-05T14:37:58.364+0000] {processor.py:830} INFO - Processing file /opt/airflow/dags/dag_bronze_ingestion.py for tasks to queue
[2026-06-05T14:37:58.366+0000] {logging_mixin.py:188} INFO - [2026-06-05T14:37:58.365+0000] {dagbag.py:540} INFO - Filling up the DagBag from /opt/airflow/dags/dag_bronze_ingestion.py
[2026-06-05T14:37:58.421+0000] {processor.py:840} INFO - DAG(s) 'neuralretail_bronze_ingestion' retrieved from /opt/airflow/dags/dag_bronze_ingestion.py
[2026-06-05T14:37:58.443+0000] {logging_mixin.py:188} INFO - [2026-06-05T14:37:58.443+0000] {dag.py:3096} INFO - Sync 1 DAGs
[2026-06-05T14:37:58.473+0000] {logging_mixin.py:188} INFO - [2026-06-05T14:37:58.473+0000] {dag.py:3954} INFO - Setting next_dagrun for neuralretail_bronze_ingestion to 2026-06-04 02:00:00+00:00, run_after=2026-06-05 02:00:00+00:00
[2026-06-05T14:37:58.497+0000] {processor.py:183} INFO - Processing /opt/airflow/dags/dag_bronze_ingestion.py took 0.139 seconds
[2026-06-05T14:38:28.879+0000] {processor.py:161} INFO - Started process (PID=1305) to work on /opt/airflow/dags/dag_bronze_ingestion.py
[2026-06-05T14:38:28.881+0000] {processor.py:830} INFO - Processing file /opt/airflow/dags/dag_bronze_ingestion.py for tasks to queue
[2026-06-05T14:38:28.885+0000] {logging_mixin.py:188} INFO - [2026-06-05T14:38:28.884+0000] {dagbag.py:540} INFO - Filling up the DagBag from /opt/airflow/dags/dag_bronze_ingestion.py
[2026-06-05T14:38:28.971+0000] {processor.py:840} INFO - DAG(s) 'neuralretail_bronze_ingestion' retrieved from /opt/airflow/dags/dag_bronze_ingestion.py
[2026-06-05T14:38:29.010+0000] {logging_mixin.py:188} INFO - [2026-06-05T14:38:29.010+0000] {dag.py:3096} INFO - Sync 1 DAGs
[2026-06-05T14:38:29.041+0000] {logging_mixin.py:188} INFO - [2026-06-05T14:38:29.041+0000] {dag.py:3954} INFO - Setting next_dagrun for neuralretail_bronze_ingestion to 2026-06-04 02:00:00+00:00, run_after=2026-06-05 02:00:00+00:00
[2026-06-05T14:38:29.068+0000] {processor.py:183} INFO - Processing /opt/airflow/dags/dag_bronze_ingestion.py took 0.204 seconds
