[2026-06-05T14:09:44.825+0000] {processor.py:161} INFO - Started process (PID=172) to work on /opt/airflow/dags/dag_retrain_pipeline.py
[2026-06-05T14:09:44.827+0000] {processor.py:830} INFO - Processing file /opt/airflow/dags/dag_retrain_pipeline.py for tasks to queue
[2026-06-05T14:09:44.829+0000] {logging_mixin.py:188} INFO - [2026-06-05T14:09:44.828+0000] {dagbag.py:540} INFO - Filling up the DagBag from /opt/airflow/dags/dag_retrain_pipeline.py
[2026-06-05T14:09:44.885+0000] {processor.py:840} INFO - DAG(s) 'neuralretail_retrain_pipeline' retrieved from /opt/airflow/dags/dag_retrain_pipeline.py
[2026-06-05T14:09:45.013+0000] {logging_mixin.py:188} INFO - [2026-06-05T14:09:45.013+0000] {dag.py:3096} INFO - Sync 1 DAGs
[2026-06-05T14:09:45.026+0000] {logging_mixin.py:188} INFO - [2026-06-05T14:09:45.026+0000] {dag.py:3954} INFO - Setting next_dagrun for neuralretail_retrain_pipeline to None, run_after=None
[2026-06-05T14:09:45.047+0000] {processor.py:183} INFO - Processing /opt/airflow/dags/dag_retrain_pipeline.py took 0.227 seconds
[2026-06-05T14:10:15.305+0000] {processor.py:161} INFO - Started process (PID=192) to work on /opt/airflow/dags/dag_retrain_pipeline.py
[2026-06-05T14:10:15.307+0000] {processor.py:830} INFO - Processing file /opt/airflow/dags/dag_retrain_pipeline.py for tasks to queue
[2026-06-05T14:10:15.310+0000] {logging_mixin.py:188} INFO - [2026-06-05T14:10:15.309+0000] {dagbag.py:540} INFO - Filling up the DagBag from /opt/airflow/dags/dag_retrain_pipeline.py
[2026-06-05T14:10:15.369+0000] {processor.py:840} INFO - DAG(s) 'neuralretail_retrain_pipeline' retrieved from /opt/airflow/dags/dag_retrain_pipeline.py
[2026-06-05T14:10:15.398+0000] {logging_mixin.py:188} INFO - [2026-06-05T14:10:15.398+0000] {dag.py:3096} INFO - Sync 1 DAGs
[2026-06-05T14:10:15.416+0000] {logging_mixin.py:188} INFO - [2026-06-05T14:10:15.416+0000] {dag.py:3954} INFO - Setting next_dagrun for neuralretail_retrain_pipeline to None, run_after=None
[2026-06-05T14:10:15.442+0000] {processor.py:183} INFO - Processing /opt/airflow/dags/dag_retrain_pipeline.py took 0.146 seconds
[2026-06-05T14:10:45.788+0000] {processor.py:161} INFO - Started process (PID=212) to work on /opt/airflow/dags/dag_retrain_pipeline.py
[2026-06-05T14:10:45.790+0000] {processor.py:830} INFO - Processing file /opt/airflow/dags/dag_retrain_pipeline.py for tasks to queue
[2026-06-05T14:10:45.795+0000] {logging_mixin.py:188} INFO - [2026-06-05T14:10:45.794+0000] {dagbag.py:540} INFO - Filling up the DagBag from /opt/airflow/dags/dag_retrain_pipeline.py
[2026-06-05T14:10:45.881+0000] {processor.py:840} INFO - DAG(s) 'neuralretail_retrain_pipeline' retrieved from /opt/airflow/dags/dag_retrain_pipeline.py
[2026-06-05T14:10:45.906+0000] {logging_mixin.py:188} INFO - [2026-06-05T14:10:45.906+0000] {dag.py:3096} INFO - Sync 1 DAGs
[2026-06-05T14:10:45.920+0000] {logging_mixin.py:188} INFO - [2026-06-05T14:10:45.920+0000] {dag.py:3954} INFO - Setting next_dagrun for neuralretail_retrain_pipeline to None, run_after=None
[2026-06-05T14:10:45.959+0000] {processor.py:183} INFO - Processing /opt/airflow/dags/dag_retrain_pipeline.py took 0.179 seconds
[2026-06-05T14:11:16.534+0000] {processor.py:161} INFO - Started process (PID=232) to work on /opt/airflow/dags/dag_retrain_pipeline.py
[2026-06-05T14:11:16.536+0000] {processor.py:830} INFO - Processing file /opt/airflow/dags/dag_retrain_pipeline.py for tasks to queue
[2026-06-05T14:11:16.546+0000] {logging_mixin.py:188} INFO - [2026-06-05T14:11:16.546+0000] {dagbag.py:540} INFO - Filling up the DagBag from /opt/airflow/dags/dag_retrain_pipeline.py
[2026-06-05T14:11:16.603+0000] {processor.py:840} INFO - DAG(s) 'neuralretail_retrain_pipeline' retrieved from /opt/airflow/dags/dag_retrain_pipeline.py
[2026-06-05T14:11:16.673+0000] {logging_mixin.py:188} INFO - [2026-06-05T14:11:16.672+0000] {dag.py:3096} INFO - Sync 1 DAGs
[2026-06-05T14:11:16.693+0000] {logging_mixin.py:188} INFO - [2026-06-05T14:11:16.693+0000] {dag.py:3954} INFO - Setting next_dagrun for neuralretail_retrain_pipeline to None, run_after=None
[2026-06-05T14:11:16.727+0000] {processor.py:183} INFO - Processing /opt/airflow/dags/dag_retrain_pipeline.py took 0.198 seconds
[2026-06-05T14:11:47.025+0000] {processor.py:161} INFO - Started process (PID=252) to work on /opt/airflow/dags/dag_retrain_pipeline.py
[2026-06-05T14:11:47.055+0000] {processor.py:830} INFO - Processing file /opt/airflow/dags/dag_retrain_pipeline.py for tasks to queue
[2026-06-05T14:11:47.063+0000] {logging_mixin.py:188} INFO - [2026-06-05T14:11:47.062+0000] {dagbag.py:540} INFO - Filling up the DagBag from /opt/airflow/dags/dag_retrain_pipeline.py
[2026-06-05T14:11:47.219+0000] {processor.py:840} INFO - DAG(s) 'neuralretail_retrain_pipeline' retrieved from /opt/airflow/dags/dag_retrain_pipeline.py
[2026-06-05T14:11:47.253+0000] {logging_mixin.py:188} INFO - [2026-06-05T14:11:47.252+0000] {dag.py:3096} INFO - Sync 1 DAGs
[2026-06-05T14:11:47.280+0000] {logging_mixin.py:188} INFO - [2026-06-05T14:11:47.279+0000] {dag.py:3954} INFO - Setting next_dagrun for neuralretail_retrain_pipeline to None, run_after=None
[2026-06-05T14:11:47.312+0000] {processor.py:183} INFO - Processing /opt/airflow/dags/dag_retrain_pipeline.py took 0.294 seconds
[2026-06-05T14:12:17.733+0000] {processor.py:161} INFO - Started process (PID=272) to work on /opt/airflow/dags/dag_retrain_pipeline.py
[2026-06-05T14:12:17.735+0000] {processor.py:830} INFO - Processing file /opt/airflow/dags/dag_retrain_pipeline.py for tasks to queue
[2026-06-05T14:12:17.737+0000] {logging_mixin.py:188} INFO - [2026-06-05T14:12:17.737+0000] {dagbag.py:540} INFO - Filling up the DagBag from /opt/airflow/dags/dag_retrain_pipeline.py
[2026-06-05T14:12:17.831+0000] {processor.py:840} INFO - DAG(s) 'neuralretail_retrain_pipeline' retrieved from /opt/airflow/dags/dag_retrain_pipeline.py
[2026-06-05T14:12:17.870+0000] {logging_mixin.py:188} INFO - [2026-06-05T14:12:17.870+0000] {dag.py:3096} INFO - Sync 1 DAGs
[2026-06-05T14:12:17.890+0000] {logging_mixin.py:188} INFO - [2026-06-05T14:12:17.890+0000] {dag.py:3954} INFO - Setting next_dagrun for neuralretail_retrain_pipeline to None, run_after=None
[2026-06-05T14:12:17.914+0000] {processor.py:183} INFO - Processing /opt/airflow/dags/dag_retrain_pipeline.py took 0.188 seconds
[2026-06-05T14:12:48.093+0000] {processor.py:161} INFO - Started process (PID=292) to work on /opt/airflow/dags/dag_retrain_pipeline.py
[2026-06-05T14:12:48.095+0000] {processor.py:830} INFO - Processing file /opt/airflow/dags/dag_retrain_pipeline.py for tasks to queue
[2026-06-05T14:12:48.098+0000] {logging_mixin.py:188} INFO - [2026-06-05T14:12:48.097+0000] {dagbag.py:540} INFO - Filling up the DagBag from /opt/airflow/dags/dag_retrain_pipeline.py
[2026-06-05T14:12:48.140+0000] {processor.py:840} INFO - DAG(s) 'neuralretail_retrain_pipeline' retrieved from /opt/airflow/dags/dag_retrain_pipeline.py
[2026-06-05T14:12:48.161+0000] {logging_mixin.py:188} INFO - [2026-06-05T14:12:48.161+0000] {dag.py:3096} INFO - Sync 1 DAGs
[2026-06-05T14:12:48.173+0000] {logging_mixin.py:188} INFO - [2026-06-05T14:12:48.172+0000] {dag.py:3954} INFO - Setting next_dagrun for neuralretail_retrain_pipeline to None, run_after=None
[2026-06-05T14:12:48.191+0000] {processor.py:183} INFO - Processing /opt/airflow/dags/dag_retrain_pipeline.py took 0.104 seconds
[2026-06-05T14:13:18.768+0000] {processor.py:161} INFO - Started process (PID=312) to work on /opt/airflow/dags/dag_retrain_pipeline.py
[2026-06-05T14:13:18.770+0000] {processor.py:830} INFO - Processing file /opt/airflow/dags/dag_retrain_pipeline.py for tasks to queue
[2026-06-05T14:13:18.775+0000] {logging_mixin.py:188} INFO - [2026-06-05T14:13:18.774+0000] {dagbag.py:540} INFO - Filling up the DagBag from /opt/airflow/dags/dag_retrain_pipeline.py
[2026-06-05T14:13:18.878+0000] {processor.py:840} INFO - DAG(s) 'neuralretail_retrain_pipeline' retrieved from /opt/airflow/dags/dag_retrain_pipeline.py
[2026-06-05T14:13:18.923+0000] {logging_mixin.py:188} INFO - [2026-06-05T14:13:18.922+0000] {dag.py:3096} INFO - Sync 1 DAGs
[2026-06-05T14:13:18.944+0000] {logging_mixin.py:188} INFO - [2026-06-05T14:13:18.944+0000] {dag.py:3954} INFO - Setting next_dagrun for neuralretail_retrain_pipeline to None, run_after=None
[2026-06-05T14:13:18.965+0000] {processor.py:183} INFO - Processing /opt/airflow/dags/dag_retrain_pipeline.py took 0.203 seconds
[2026-06-05T14:13:49.578+0000] {processor.py:161} INFO - Started process (PID=332) to work on /opt/airflow/dags/dag_retrain_pipeline.py
[2026-06-05T14:13:49.580+0000] {processor.py:830} INFO - Processing file /opt/airflow/dags/dag_retrain_pipeline.py for tasks to queue
[2026-06-05T14:13:49.582+0000] {logging_mixin.py:188} INFO - [2026-06-05T14:13:49.581+0000] {dagbag.py:540} INFO - Filling up the DagBag from /opt/airflow/dags/dag_retrain_pipeline.py
[2026-06-05T14:13:49.622+0000] {processor.py:840} INFO - DAG(s) 'neuralretail_retrain_pipeline' retrieved from /opt/airflow/dags/dag_retrain_pipeline.py
[2026-06-05T14:13:49.649+0000] {logging_mixin.py:188} INFO - [2026-06-05T14:13:49.649+0000] {dag.py:3096} INFO - Sync 1 DAGs
[2026-06-05T14:13:49.665+0000] {logging_mixin.py:188} INFO - [2026-06-05T14:13:49.664+0000] {dag.py:3954} INFO - Setting next_dagrun for neuralretail_retrain_pipeline to None, run_after=None
[2026-06-05T14:13:49.693+0000] {processor.py:183} INFO - Processing /opt/airflow/dags/dag_retrain_pipeline.py took 0.120 seconds
[2026-06-05T14:14:20.413+0000] {processor.py:161} INFO - Started process (PID=352) to work on /opt/airflow/dags/dag_retrain_pipeline.py
[2026-06-05T14:14:20.414+0000] {processor.py:830} INFO - Processing file /opt/airflow/dags/dag_retrain_pipeline.py for tasks to queue
[2026-06-05T14:14:20.420+0000] {logging_mixin.py:188} INFO - [2026-06-05T14:14:20.419+0000] {dagbag.py:540} INFO - Filling up the DagBag from /opt/airflow/dags/dag_retrain_pipeline.py
[2026-06-05T14:14:20.489+0000] {processor.py:840} INFO - DAG(s) 'neuralretail_retrain_pipeline' retrieved from /opt/airflow/dags/dag_retrain_pipeline.py
[2026-06-05T14:14:20.524+0000] {logging_mixin.py:188} INFO - [2026-06-05T14:14:20.524+0000] {dag.py:3096} INFO - Sync 1 DAGs
[2026-06-05T14:14:20.540+0000] {logging_mixin.py:188} INFO - [2026-06-05T14:14:20.539+0000] {dag.py:3954} INFO - Setting next_dagrun for neuralretail_retrain_pipeline to None, run_after=None
[2026-06-05T14:14:20.568+0000] {processor.py:183} INFO - Processing /opt/airflow/dags/dag_retrain_pipeline.py took 0.169 seconds
[2026-06-05T14:14:52.897+0000] {processor.py:161} INFO - Started process (PID=372) to work on /opt/airflow/dags/dag_retrain_pipeline.py
[2026-06-05T14:14:52.934+0000] {processor.py:830} INFO - Processing file /opt/airflow/dags/dag_retrain_pipeline.py for tasks to queue
[2026-06-05T14:14:52.972+0000] {logging_mixin.py:188} INFO - [2026-06-05T14:14:52.971+0000] {dagbag.py:540} INFO - Filling up the DagBag from /opt/airflow/dags/dag_retrain_pipeline.py
[2026-06-05T14:14:53.885+0000] {processor.py:840} INFO - DAG(s) 'neuralretail_retrain_pipeline' retrieved from /opt/airflow/dags/dag_retrain_pipeline.py
[2026-06-05T14:14:53.919+0000] {logging_mixin.py:188} INFO - [2026-06-05T14:14:53.918+0000] {dag.py:3096} INFO - Sync 1 DAGs
[2026-06-05T14:14:53.938+0000] {logging_mixin.py:188} INFO - [2026-06-05T14:14:53.938+0000] {dag.py:3954} INFO - Setting next_dagrun for neuralretail_retrain_pipeline to None, run_after=None
[2026-06-05T14:14:53.986+0000] {processor.py:183} INFO - Processing /opt/airflow/dags/dag_retrain_pipeline.py took 1.099 seconds
[2026-06-05T14:15:24.474+0000] {processor.py:161} INFO - Started process (PID=392) to work on /opt/airflow/dags/dag_retrain_pipeline.py
[2026-06-05T14:15:24.477+0000] {processor.py:830} INFO - Processing file /opt/airflow/dags/dag_retrain_pipeline.py for tasks to queue
[2026-06-05T14:15:24.480+0000] {logging_mixin.py:188} INFO - [2026-06-05T14:15:24.480+0000] {dagbag.py:540} INFO - Filling up the DagBag from /opt/airflow/dags/dag_retrain_pipeline.py
[2026-06-05T14:15:24.535+0000] {processor.py:840} INFO - DAG(s) 'neuralretail_retrain_pipeline' retrieved from /opt/airflow/dags/dag_retrain_pipeline.py
[2026-06-05T14:15:24.569+0000] {logging_mixin.py:188} INFO - [2026-06-05T14:15:24.568+0000] {dag.py:3096} INFO - Sync 1 DAGs
[2026-06-05T14:15:24.587+0000] {logging_mixin.py:188} INFO - [2026-06-05T14:15:24.587+0000] {dag.py:3954} INFO - Setting next_dagrun for neuralretail_retrain_pipeline to None, run_after=None
[2026-06-05T14:15:24.617+0000] {processor.py:183} INFO - Processing /opt/airflow/dags/dag_retrain_pipeline.py took 0.153 seconds
[2026-06-05T14:15:54.783+0000] {processor.py:161} INFO - Started process (PID=412) to work on /opt/airflow/dags/dag_retrain_pipeline.py
[2026-06-05T14:15:54.785+0000] {processor.py:830} INFO - Processing file /opt/airflow/dags/dag_retrain_pipeline.py for tasks to queue
[2026-06-05T14:15:54.787+0000] {logging_mixin.py:188} INFO - [2026-06-05T14:15:54.786+0000] {dagbag.py:540} INFO - Filling up the DagBag from /opt/airflow/dags/dag_retrain_pipeline.py
[2026-06-05T14:15:54.825+0000] {processor.py:840} INFO - DAG(s) 'neuralretail_retrain_pipeline' retrieved from /opt/airflow/dags/dag_retrain_pipeline.py
[2026-06-05T14:15:54.847+0000] {logging_mixin.py:188} INFO - [2026-06-05T14:15:54.847+0000] {dag.py:3096} INFO - Sync 1 DAGs
[2026-06-05T14:15:54.859+0000] {logging_mixin.py:188} INFO - [2026-06-05T14:15:54.858+0000] {dag.py:3954} INFO - Setting next_dagrun for neuralretail_retrain_pipeline to None, run_after=None
[2026-06-05T14:15:54.878+0000] {processor.py:183} INFO - Processing /opt/airflow/dags/dag_retrain_pipeline.py took 0.099 seconds
[2026-06-05T14:16:25.484+0000] {processor.py:161} INFO - Started process (PID=432) to work on /opt/airflow/dags/dag_retrain_pipeline.py
[2026-06-05T14:16:25.487+0000] {processor.py:830} INFO - Processing file /opt/airflow/dags/dag_retrain_pipeline.py for tasks to queue
[2026-06-05T14:16:25.491+0000] {logging_mixin.py:188} INFO - [2026-06-05T14:16:25.490+0000] {dagbag.py:540} INFO - Filling up the DagBag from /opt/airflow/dags/dag_retrain_pipeline.py
[2026-06-05T14:16:25.545+0000] {processor.py:840} INFO - DAG(s) 'neuralretail_retrain_pipeline' retrieved from /opt/airflow/dags/dag_retrain_pipeline.py
[2026-06-05T14:16:25.600+0000] {logging_mixin.py:188} INFO - [2026-06-05T14:16:25.599+0000] {dag.py:3096} INFO - Sync 1 DAGs
[2026-06-05T14:16:25.623+0000] {logging_mixin.py:188} INFO - [2026-06-05T14:16:25.623+0000] {dag.py:3954} INFO - Setting next_dagrun for neuralretail_retrain_pipeline to None, run_after=None
[2026-06-05T14:16:25.662+0000] {processor.py:183} INFO - Processing /opt/airflow/dags/dag_retrain_pipeline.py took 0.189 seconds
[2026-06-05T14:16:55.831+0000] {processor.py:161} INFO - Started process (PID=452) to work on /opt/airflow/dags/dag_retrain_pipeline.py
[2026-06-05T14:16:55.832+0000] {processor.py:830} INFO - Processing file /opt/airflow/dags/dag_retrain_pipeline.py for tasks to queue
[2026-06-05T14:16:55.834+0000] {logging_mixin.py:188} INFO - [2026-06-05T14:16:55.834+0000] {dagbag.py:540} INFO - Filling up the DagBag from /opt/airflow/dags/dag_retrain_pipeline.py
[2026-06-05T14:16:55.866+0000] {processor.py:840} INFO - DAG(s) 'neuralretail_retrain_pipeline' retrieved from /opt/airflow/dags/dag_retrain_pipeline.py
[2026-06-05T14:16:55.892+0000] {logging_mixin.py:188} INFO - [2026-06-05T14:16:55.892+0000] {dag.py:3096} INFO - Sync 1 DAGs
[2026-06-05T14:16:55.904+0000] {logging_mixin.py:188} INFO - [2026-06-05T14:16:55.903+0000] {dag.py:3954} INFO - Setting next_dagrun for neuralretail_retrain_pipeline to None, run_after=None
[2026-06-05T14:16:55.925+0000] {processor.py:183} INFO - Processing /opt/airflow/dags/dag_retrain_pipeline.py took 0.099 seconds
[2026-06-05T14:17:26.210+0000] {processor.py:161} INFO - Started process (PID=472) to work on /opt/airflow/dags/dag_retrain_pipeline.py
[2026-06-05T14:17:26.212+0000] {processor.py:830} INFO - Processing file /opt/airflow/dags/dag_retrain_pipeline.py for tasks to queue
[2026-06-05T14:17:26.215+0000] {logging_mixin.py:188} INFO - [2026-06-05T14:17:26.214+0000] {dagbag.py:540} INFO - Filling up the DagBag from /opt/airflow/dags/dag_retrain_pipeline.py
[2026-06-05T14:17:26.283+0000] {processor.py:840} INFO - DAG(s) 'neuralretail_retrain_pipeline' retrieved from /opt/airflow/dags/dag_retrain_pipeline.py
[2026-06-05T14:17:26.337+0000] {logging_mixin.py:188} INFO - [2026-06-05T14:17:26.337+0000] {dag.py:3096} INFO - Sync 1 DAGs
[2026-06-05T14:17:26.352+0000] {logging_mixin.py:188} INFO - [2026-06-05T14:17:26.352+0000] {dag.py:3954} INFO - Setting next_dagrun for neuralretail_retrain_pipeline to None, run_after=None
[2026-06-05T14:17:26.376+0000] {processor.py:183} INFO - Processing /opt/airflow/dags/dag_retrain_pipeline.py took 0.178 seconds
[2026-06-05T14:17:56.702+0000] {processor.py:161} INFO - Started process (PID=492) to work on /opt/airflow/dags/dag_retrain_pipeline.py
[2026-06-05T14:17:56.706+0000] {processor.py:830} INFO - Processing file /opt/airflow/dags/dag_retrain_pipeline.py for tasks to queue
[2026-06-05T14:17:56.709+0000] {logging_mixin.py:188} INFO - [2026-06-05T14:17:56.709+0000] {dagbag.py:540} INFO - Filling up the DagBag from /opt/airflow/dags/dag_retrain_pipeline.py
[2026-06-05T14:17:56.760+0000] {processor.py:840} INFO - DAG(s) 'neuralretail_retrain_pipeline' retrieved from /opt/airflow/dags/dag_retrain_pipeline.py
[2026-06-05T14:17:56.780+0000] {logging_mixin.py:188} INFO - [2026-06-05T14:17:56.779+0000] {dag.py:3096} INFO - Sync 1 DAGs
[2026-06-05T14:17:56.790+0000] {logging_mixin.py:188} INFO - [2026-06-05T14:17:56.790+0000] {dag.py:3954} INFO - Setting next_dagrun for neuralretail_retrain_pipeline to None, run_after=None
[2026-06-05T14:17:56.807+0000] {processor.py:183} INFO - Processing /opt/airflow/dags/dag_retrain_pipeline.py took 0.110 seconds
[2026-06-05T14:18:27.089+0000] {processor.py:161} INFO - Started process (PID=512) to work on /opt/airflow/dags/dag_retrain_pipeline.py
[2026-06-05T14:18:27.094+0000] {processor.py:830} INFO - Processing file /opt/airflow/dags/dag_retrain_pipeline.py for tasks to queue
[2026-06-05T14:18:27.102+0000] {logging_mixin.py:188} INFO - [2026-06-05T14:18:27.102+0000] {dagbag.py:540} INFO - Filling up the DagBag from /opt/airflow/dags/dag_retrain_pipeline.py
[2026-06-05T14:18:27.194+0000] {processor.py:840} INFO - DAG(s) 'neuralretail_retrain_pipeline' retrieved from /opt/airflow/dags/dag_retrain_pipeline.py
[2026-06-05T14:18:27.224+0000] {logging_mixin.py:188} INFO - [2026-06-05T14:18:27.223+0000] {dag.py:3096} INFO - Sync 1 DAGs
[2026-06-05T14:18:27.242+0000] {logging_mixin.py:188} INFO - [2026-06-05T14:18:27.242+0000] {dag.py:3954} INFO - Setting next_dagrun for neuralretail_retrain_pipeline to None, run_after=None
[2026-06-05T14:18:27.270+0000] {processor.py:183} INFO - Processing /opt/airflow/dags/dag_retrain_pipeline.py took 0.193 seconds
[2026-06-05T14:18:58.264+0000] {processor.py:161} INFO - Started process (PID=532) to work on /opt/airflow/dags/dag_retrain_pipeline.py
[2026-06-05T14:18:58.265+0000] {processor.py:830} INFO - Processing file /opt/airflow/dags/dag_retrain_pipeline.py for tasks to queue
[2026-06-05T14:18:58.268+0000] {logging_mixin.py:188} INFO - [2026-06-05T14:18:58.268+0000] {dagbag.py:540} INFO - Filling up the DagBag from /opt/airflow/dags/dag_retrain_pipeline.py
[2026-06-05T14:18:58.328+0000] {processor.py:840} INFO - DAG(s) 'neuralretail_retrain_pipeline' retrieved from /opt/airflow/dags/dag_retrain_pipeline.py
[2026-06-05T14:18:58.349+0000] {logging_mixin.py:188} INFO - [2026-06-05T14:18:58.348+0000] {dag.py:3096} INFO - Sync 1 DAGs
[2026-06-05T14:18:58.360+0000] {logging_mixin.py:188} INFO - [2026-06-05T14:18:58.360+0000] {dag.py:3954} INFO - Setting next_dagrun for neuralretail_retrain_pipeline to None, run_after=None
[2026-06-05T14:18:58.376+0000] {processor.py:183} INFO - Processing /opt/airflow/dags/dag_retrain_pipeline.py took 0.117 seconds
[2026-06-05T14:19:28.860+0000] {processor.py:161} INFO - Started process (PID=552) to work on /opt/airflow/dags/dag_retrain_pipeline.py
[2026-06-05T14:19:28.864+0000] {processor.py:830} INFO - Processing file /opt/airflow/dags/dag_retrain_pipeline.py for tasks to queue
[2026-06-05T14:19:28.868+0000] {logging_mixin.py:188} INFO - [2026-06-05T14:19:28.867+0000] {dagbag.py:540} INFO - Filling up the DagBag from /opt/airflow/dags/dag_retrain_pipeline.py
[2026-06-05T14:19:29.011+0000] {processor.py:840} INFO - DAG(s) 'neuralretail_retrain_pipeline' retrieved from /opt/airflow/dags/dag_retrain_pipeline.py
[2026-06-05T14:19:29.046+0000] {logging_mixin.py:188} INFO - [2026-06-05T14:19:29.046+0000] {dag.py:3096} INFO - Sync 1 DAGs
[2026-06-05T14:19:29.063+0000] {logging_mixin.py:188} INFO - [2026-06-05T14:19:29.063+0000] {dag.py:3954} INFO - Setting next_dagrun for neuralretail_retrain_pipeline to None, run_after=None
[2026-06-05T14:19:29.223+0000] {processor.py:183} INFO - Processing /opt/airflow/dags/dag_retrain_pipeline.py took 0.372 seconds
[2026-06-05T14:19:59.807+0000] {processor.py:161} INFO - Started process (PID=572) to work on /opt/airflow/dags/dag_retrain_pipeline.py
[2026-06-05T14:19:59.810+0000] {processor.py:830} INFO - Processing file /opt/airflow/dags/dag_retrain_pipeline.py for tasks to queue
[2026-06-05T14:19:59.816+0000] {logging_mixin.py:188} INFO - [2026-06-05T14:19:59.815+0000] {dagbag.py:540} INFO - Filling up the DagBag from /opt/airflow/dags/dag_retrain_pipeline.py
[2026-06-05T14:19:59.915+0000] {processor.py:840} INFO - DAG(s) 'neuralretail_retrain_pipeline' retrieved from /opt/airflow/dags/dag_retrain_pipeline.py
[2026-06-05T14:19:59.943+0000] {logging_mixin.py:188} INFO - [2026-06-05T14:19:59.942+0000] {dag.py:3096} INFO - Sync 1 DAGs
[2026-06-05T14:19:59.957+0000] {logging_mixin.py:188} INFO - [2026-06-05T14:19:59.957+0000] {dag.py:3954} INFO - Setting next_dagrun for neuralretail_retrain_pipeline to None, run_after=None
[2026-06-05T14:19:59.983+0000] {processor.py:183} INFO - Processing /opt/airflow/dags/dag_retrain_pipeline.py took 0.185 seconds
[2026-06-05T14:20:30.238+0000] {processor.py:161} INFO - Started process (PID=592) to work on /opt/airflow/dags/dag_retrain_pipeline.py
[2026-06-05T14:20:30.240+0000] {processor.py:830} INFO - Processing file /opt/airflow/dags/dag_retrain_pipeline.py for tasks to queue
[2026-06-05T14:20:30.245+0000] {logging_mixin.py:188} INFO - [2026-06-05T14:20:30.244+0000] {dagbag.py:540} INFO - Filling up the DagBag from /opt/airflow/dags/dag_retrain_pipeline.py
[2026-06-05T14:20:30.291+0000] {processor.py:840} INFO - DAG(s) 'neuralretail_retrain_pipeline' retrieved from /opt/airflow/dags/dag_retrain_pipeline.py
[2026-06-05T14:20:30.316+0000] {logging_mixin.py:188} INFO - [2026-06-05T14:20:30.316+0000] {dag.py:3096} INFO - Sync 1 DAGs
[2026-06-05T14:20:30.331+0000] {logging_mixin.py:188} INFO - [2026-06-05T14:20:30.331+0000] {dag.py:3954} INFO - Setting next_dagrun for neuralretail_retrain_pipeline to None, run_after=None
[2026-06-05T14:20:30.353+0000] {processor.py:183} INFO - Processing /opt/airflow/dags/dag_retrain_pipeline.py took 0.124 seconds
[2026-06-05T14:21:00.866+0000] {processor.py:161} INFO - Started process (PID=612) to work on /opt/airflow/dags/dag_retrain_pipeline.py
[2026-06-05T14:21:00.867+0000] {processor.py:830} INFO - Processing file /opt/airflow/dags/dag_retrain_pipeline.py for tasks to queue
[2026-06-05T14:21:00.869+0000] {logging_mixin.py:188} INFO - [2026-06-05T14:21:00.869+0000] {dagbag.py:540} INFO - Filling up the DagBag from /opt/airflow/dags/dag_retrain_pipeline.py
[2026-06-05T14:21:00.917+0000] {processor.py:840} INFO - DAG(s) 'neuralretail_retrain_pipeline' retrieved from /opt/airflow/dags/dag_retrain_pipeline.py
[2026-06-05T14:21:00.945+0000] {logging_mixin.py:188} INFO - [2026-06-05T14:21:00.944+0000] {dag.py:3096} INFO - Sync 1 DAGs
[2026-06-05T14:21:00.956+0000] {logging_mixin.py:188} INFO - [2026-06-05T14:21:00.955+0000] {dag.py:3954} INFO - Setting next_dagrun for neuralretail_retrain_pipeline to None, run_after=None
[2026-06-05T14:21:00.977+0000] {processor.py:183} INFO - Processing /opt/airflow/dags/dag_retrain_pipeline.py took 0.117 seconds
[2026-06-05T14:21:31.435+0000] {processor.py:161} INFO - Started process (PID=632) to work on /opt/airflow/dags/dag_retrain_pipeline.py
[2026-06-05T14:21:31.437+0000] {processor.py:830} INFO - Processing file /opt/airflow/dags/dag_retrain_pipeline.py for tasks to queue
[2026-06-05T14:21:31.440+0000] {logging_mixin.py:188} INFO - [2026-06-05T14:21:31.440+0000] {dagbag.py:540} INFO - Filling up the DagBag from /opt/airflow/dags/dag_retrain_pipeline.py
[2026-06-05T14:21:31.497+0000] {processor.py:840} INFO - DAG(s) 'neuralretail_retrain_pipeline' retrieved from /opt/airflow/dags/dag_retrain_pipeline.py
[2026-06-05T14:21:31.527+0000] {logging_mixin.py:188} INFO - [2026-06-05T14:21:31.527+0000] {dag.py:3096} INFO - Sync 1 DAGs
[2026-06-05T14:21:31.539+0000] {logging_mixin.py:188} INFO - [2026-06-05T14:21:31.539+0000] {dag.py:3954} INFO - Setting next_dagrun for neuralretail_retrain_pipeline to None, run_after=None
[2026-06-05T14:21:31.558+0000] {processor.py:183} INFO - Processing /opt/airflow/dags/dag_retrain_pipeline.py took 0.130 seconds
[2026-06-05T14:22:01.833+0000] {processor.py:161} INFO - Started process (PID=652) to work on /opt/airflow/dags/dag_retrain_pipeline.py
[2026-06-05T14:22:01.836+0000] {processor.py:830} INFO - Processing file /opt/airflow/dags/dag_retrain_pipeline.py for tasks to queue
[2026-06-05T14:22:01.840+0000] {logging_mixin.py:188} INFO - [2026-06-05T14:22:01.840+0000] {dagbag.py:540} INFO - Filling up the DagBag from /opt/airflow/dags/dag_retrain_pipeline.py
[2026-06-05T14:22:01.877+0000] {processor.py:840} INFO - DAG(s) 'neuralretail_retrain_pipeline' retrieved from /opt/airflow/dags/dag_retrain_pipeline.py
[2026-06-05T14:22:01.904+0000] {logging_mixin.py:188} INFO - [2026-06-05T14:22:01.904+0000] {dag.py:3096} INFO - Sync 1 DAGs
[2026-06-05T14:22:01.920+0000] {logging_mixin.py:188} INFO - [2026-06-05T14:22:01.919+0000] {dag.py:3954} INFO - Setting next_dagrun for neuralretail_retrain_pipeline to None, run_after=None
[2026-06-05T14:22:01.958+0000] {processor.py:183} INFO - Processing /opt/airflow/dags/dag_retrain_pipeline.py took 0.131 seconds
[2026-06-05T14:22:32.296+0000] {processor.py:161} INFO - Started process (PID=672) to work on /opt/airflow/dags/dag_retrain_pipeline.py
[2026-06-05T14:22:32.297+0000] {processor.py:830} INFO - Processing file /opt/airflow/dags/dag_retrain_pipeline.py for tasks to queue
[2026-06-05T14:22:32.299+0000] {logging_mixin.py:188} INFO - [2026-06-05T14:22:32.298+0000] {dagbag.py:540} INFO - Filling up the DagBag from /opt/airflow/dags/dag_retrain_pipeline.py
[2026-06-05T14:22:32.339+0000] {processor.py:840} INFO - DAG(s) 'neuralretail_retrain_pipeline' retrieved from /opt/airflow/dags/dag_retrain_pipeline.py
[2026-06-05T14:22:32.367+0000] {logging_mixin.py:188} INFO - [2026-06-05T14:22:32.367+0000] {dag.py:3096} INFO - Sync 1 DAGs
[2026-06-05T14:22:32.381+0000] {logging_mixin.py:188} INFO - [2026-06-05T14:22:32.381+0000] {dag.py:3954} INFO - Setting next_dagrun for neuralretail_retrain_pipeline to None, run_after=None
[2026-06-05T14:22:32.404+0000] {processor.py:183} INFO - Processing /opt/airflow/dags/dag_retrain_pipeline.py took 0.113 seconds
[2026-06-05T14:23:03.336+0000] {processor.py:161} INFO - Started process (PID=692) to work on /opt/airflow/dags/dag_retrain_pipeline.py
[2026-06-05T14:23:03.339+0000] {processor.py:830} INFO - Processing file /opt/airflow/dags/dag_retrain_pipeline.py for tasks to queue
[2026-06-05T14:23:03.341+0000] {logging_mixin.py:188} INFO - [2026-06-05T14:23:03.341+0000] {dagbag.py:540} INFO - Filling up the DagBag from /opt/airflow/dags/dag_retrain_pipeline.py
[2026-06-05T14:23:03.419+0000] {processor.py:840} INFO - DAG(s) 'neuralretail_retrain_pipeline' retrieved from /opt/airflow/dags/dag_retrain_pipeline.py
[2026-06-05T14:23:03.453+0000] {logging_mixin.py:188} INFO - [2026-06-05T14:23:03.453+0000] {dag.py:3096} INFO - Sync 1 DAGs
[2026-06-05T14:23:03.470+0000] {logging_mixin.py:188} INFO - [2026-06-05T14:23:03.470+0000] {dag.py:3954} INFO - Setting next_dagrun for neuralretail_retrain_pipeline to None, run_after=None
[2026-06-05T14:23:03.538+0000] {processor.py:183} INFO - Processing /opt/airflow/dags/dag_retrain_pipeline.py took 0.206 seconds
[2026-06-05T14:23:34.041+0000] {processor.py:161} INFO - Started process (PID=712) to work on /opt/airflow/dags/dag_retrain_pipeline.py
[2026-06-05T14:23:34.043+0000] {processor.py:830} INFO - Processing file /opt/airflow/dags/dag_retrain_pipeline.py for tasks to queue
[2026-06-05T14:23:34.046+0000] {logging_mixin.py:188} INFO - [2026-06-05T14:23:34.046+0000] {dagbag.py:540} INFO - Filling up the DagBag from /opt/airflow/dags/dag_retrain_pipeline.py
[2026-06-05T14:23:34.114+0000] {processor.py:840} INFO - DAG(s) 'neuralretail_retrain_pipeline' retrieved from /opt/airflow/dags/dag_retrain_pipeline.py
[2026-06-05T14:23:34.160+0000] {logging_mixin.py:188} INFO - [2026-06-05T14:23:34.160+0000] {dag.py:3096} INFO - Sync 1 DAGs
[2026-06-05T14:23:34.186+0000] {logging_mixin.py:188} INFO - [2026-06-05T14:23:34.186+0000] {dag.py:3954} INFO - Setting next_dagrun for neuralretail_retrain_pipeline to None, run_after=None
[2026-06-05T14:23:34.227+0000] {processor.py:183} INFO - Processing /opt/airflow/dags/dag_retrain_pipeline.py took 0.192 seconds
[2026-06-05T14:24:05.043+0000] {processor.py:161} INFO - Started process (PID=732) to work on /opt/airflow/dags/dag_retrain_pipeline.py
[2026-06-05T14:24:05.046+0000] {processor.py:830} INFO - Processing file /opt/airflow/dags/dag_retrain_pipeline.py for tasks to queue
[2026-06-05T14:24:05.050+0000] {logging_mixin.py:188} INFO - [2026-06-05T14:24:05.049+0000] {dagbag.py:540} INFO - Filling up the DagBag from /opt/airflow/dags/dag_retrain_pipeline.py
[2026-06-05T14:24:05.114+0000] {processor.py:840} INFO - DAG(s) 'neuralretail_retrain_pipeline' retrieved from /opt/airflow/dags/dag_retrain_pipeline.py
[2026-06-05T14:24:05.173+0000] {logging_mixin.py:188} INFO - [2026-06-05T14:24:05.172+0000] {dag.py:3096} INFO - Sync 1 DAGs
[2026-06-05T14:24:05.204+0000] {logging_mixin.py:188} INFO - [2026-06-05T14:24:05.204+0000] {dag.py:3954} INFO - Setting next_dagrun for neuralretail_retrain_pipeline to None, run_after=None
[2026-06-05T14:24:05.250+0000] {processor.py:183} INFO - Processing /opt/airflow/dags/dag_retrain_pipeline.py took 0.217 seconds
[2026-06-05T14:24:35.656+0000] {processor.py:161} INFO - Started process (PID=752) to work on /opt/airflow/dags/dag_retrain_pipeline.py
[2026-06-05T14:24:35.659+0000] {processor.py:830} INFO - Processing file /opt/airflow/dags/dag_retrain_pipeline.py for tasks to queue
[2026-06-05T14:24:35.663+0000] {logging_mixin.py:188} INFO - [2026-06-05T14:24:35.662+0000] {dagbag.py:540} INFO - Filling up the DagBag from /opt/airflow/dags/dag_retrain_pipeline.py
[2026-06-05T14:24:35.717+0000] {processor.py:840} INFO - DAG(s) 'neuralretail_retrain_pipeline' retrieved from /opt/airflow/dags/dag_retrain_pipeline.py
[2026-06-05T14:24:35.752+0000] {logging_mixin.py:188} INFO - [2026-06-05T14:24:35.751+0000] {dag.py:3096} INFO - Sync 1 DAGs
[2026-06-05T14:24:35.772+0000] {logging_mixin.py:188} INFO - [2026-06-05T14:24:35.771+0000] {dag.py:3954} INFO - Setting next_dagrun for neuralretail_retrain_pipeline to None, run_after=None
[2026-06-05T14:24:35.809+0000] {processor.py:183} INFO - Processing /opt/airflow/dags/dag_retrain_pipeline.py took 0.162 seconds
[2026-06-05T14:25:06.863+0000] {processor.py:161} INFO - Started process (PID=772) to work on /opt/airflow/dags/dag_retrain_pipeline.py
[2026-06-05T14:25:06.864+0000] {processor.py:830} INFO - Processing file /opt/airflow/dags/dag_retrain_pipeline.py for tasks to queue
[2026-06-05T14:25:06.866+0000] {logging_mixin.py:188} INFO - [2026-06-05T14:25:06.866+0000] {dagbag.py:540} INFO - Filling up the DagBag from /opt/airflow/dags/dag_retrain_pipeline.py
[2026-06-05T14:25:06.908+0000] {processor.py:840} INFO - DAG(s) 'neuralretail_retrain_pipeline' retrieved from /opt/airflow/dags/dag_retrain_pipeline.py
[2026-06-05T14:25:06.936+0000] {logging_mixin.py:188} INFO - [2026-06-05T14:25:06.935+0000] {dag.py:3096} INFO - Sync 1 DAGs
[2026-06-05T14:25:06.950+0000] {logging_mixin.py:188} INFO - [2026-06-05T14:25:06.950+0000] {dag.py:3954} INFO - Setting next_dagrun for neuralretail_retrain_pipeline to None, run_after=None
[2026-06-05T14:25:06.977+0000] {processor.py:183} INFO - Processing /opt/airflow/dags/dag_retrain_pipeline.py took 0.120 seconds
[2026-06-05T14:25:37.954+0000] {processor.py:161} INFO - Started process (PID=792) to work on /opt/airflow/dags/dag_retrain_pipeline.py
[2026-06-05T14:25:37.959+0000] {processor.py:830} INFO - Processing file /opt/airflow/dags/dag_retrain_pipeline.py for tasks to queue
[2026-06-05T14:25:37.964+0000] {logging_mixin.py:188} INFO - [2026-06-05T14:25:37.964+0000] {dagbag.py:540} INFO - Filling up the DagBag from /opt/airflow/dags/dag_retrain_pipeline.py
[2026-06-05T14:25:38.030+0000] {processor.py:840} INFO - DAG(s) 'neuralretail_retrain_pipeline' retrieved from /opt/airflow/dags/dag_retrain_pipeline.py
[2026-06-05T14:25:38.054+0000] {logging_mixin.py:188} INFO - [2026-06-05T14:25:38.054+0000] {dag.py:3096} INFO - Sync 1 DAGs
[2026-06-05T14:25:38.065+0000] {logging_mixin.py:188} INFO - [2026-06-05T14:25:38.065+0000] {dag.py:3954} INFO - Setting next_dagrun for neuralretail_retrain_pipeline to None, run_after=None
[2026-06-05T14:25:38.086+0000] {processor.py:183} INFO - Processing /opt/airflow/dags/dag_retrain_pipeline.py took 0.140 seconds
[2026-06-05T14:26:08.798+0000] {processor.py:161} INFO - Started process (PID=812) to work on /opt/airflow/dags/dag_retrain_pipeline.py
[2026-06-05T14:26:08.801+0000] {processor.py:830} INFO - Processing file /opt/airflow/dags/dag_retrain_pipeline.py for tasks to queue
[2026-06-05T14:26:08.806+0000] {logging_mixin.py:188} INFO - [2026-06-05T14:26:08.805+0000] {dagbag.py:540} INFO - Filling up the DagBag from /opt/airflow/dags/dag_retrain_pipeline.py
[2026-06-05T14:26:08.875+0000] {processor.py:840} INFO - DAG(s) 'neuralretail_retrain_pipeline' retrieved from /opt/airflow/dags/dag_retrain_pipeline.py
[2026-06-05T14:26:08.917+0000] {logging_mixin.py:188} INFO - [2026-06-05T14:26:08.916+0000] {dag.py:3096} INFO - Sync 1 DAGs
[2026-06-05T14:26:08.936+0000] {logging_mixin.py:188} INFO - [2026-06-05T14:26:08.935+0000] {dag.py:3954} INFO - Setting next_dagrun for neuralretail_retrain_pipeline to None, run_after=None
[2026-06-05T14:26:08.961+0000] {processor.py:183} INFO - Processing /opt/airflow/dags/dag_retrain_pipeline.py took 0.170 seconds
[2026-06-05T14:26:39.177+0000] {processor.py:161} INFO - Started process (PID=832) to work on /opt/airflow/dags/dag_retrain_pipeline.py
[2026-06-05T14:26:39.181+0000] {processor.py:830} INFO - Processing file /opt/airflow/dags/dag_retrain_pipeline.py for tasks to queue
[2026-06-05T14:26:39.186+0000] {logging_mixin.py:188} INFO - [2026-06-05T14:26:39.186+0000] {dagbag.py:540} INFO - Filling up the DagBag from /opt/airflow/dags/dag_retrain_pipeline.py
[2026-06-05T14:26:39.264+0000] {processor.py:840} INFO - DAG(s) 'neuralretail_retrain_pipeline' retrieved from /opt/airflow/dags/dag_retrain_pipeline.py
[2026-06-05T14:26:39.294+0000] {logging_mixin.py:188} INFO - [2026-06-05T14:26:39.294+0000] {dag.py:3096} INFO - Sync 1 DAGs
[2026-06-05T14:26:39.311+0000] {logging_mixin.py:188} INFO - [2026-06-05T14:26:39.311+0000] {dag.py:3954} INFO - Setting next_dagrun for neuralretail_retrain_pipeline to None, run_after=None
[2026-06-05T14:26:39.343+0000] {processor.py:183} INFO - Processing /opt/airflow/dags/dag_retrain_pipeline.py took 0.176 seconds
[2026-06-05T14:27:09.476+0000] {processor.py:161} INFO - Started process (PID=852) to work on /opt/airflow/dags/dag_retrain_pipeline.py
[2026-06-05T14:27:09.477+0000] {processor.py:830} INFO - Processing file /opt/airflow/dags/dag_retrain_pipeline.py for tasks to queue
[2026-06-05T14:27:09.479+0000] {logging_mixin.py:188} INFO - [2026-06-05T14:27:09.479+0000] {dagbag.py:540} INFO - Filling up the DagBag from /opt/airflow/dags/dag_retrain_pipeline.py
[2026-06-05T14:27:09.522+0000] {processor.py:840} INFO - DAG(s) 'neuralretail_retrain_pipeline' retrieved from /opt/airflow/dags/dag_retrain_pipeline.py
[2026-06-05T14:27:09.554+0000] {logging_mixin.py:188} INFO - [2026-06-05T14:27:09.554+0000] {dag.py:3096} INFO - Sync 1 DAGs
[2026-06-05T14:27:09.576+0000] {logging_mixin.py:188} INFO - [2026-06-05T14:27:09.576+0000] {dag.py:3954} INFO - Setting next_dagrun for neuralretail_retrain_pipeline to None, run_after=None
[2026-06-05T14:27:09.599+0000] {processor.py:183} INFO - Processing /opt/airflow/dags/dag_retrain_pipeline.py took 0.128 seconds
[2026-06-05T14:27:40.540+0000] {processor.py:161} INFO - Started process (PID=872) to work on /opt/airflow/dags/dag_retrain_pipeline.py
[2026-06-05T14:27:40.542+0000] {processor.py:830} INFO - Processing file /opt/airflow/dags/dag_retrain_pipeline.py for tasks to queue
[2026-06-05T14:27:40.544+0000] {logging_mixin.py:188} INFO - [2026-06-05T14:27:40.543+0000] {dagbag.py:540} INFO - Filling up the DagBag from /opt/airflow/dags/dag_retrain_pipeline.py
[2026-06-05T14:27:40.595+0000] {processor.py:840} INFO - DAG(s) 'neuralretail_retrain_pipeline' retrieved from /opt/airflow/dags/dag_retrain_pipeline.py
[2026-06-05T14:27:40.629+0000] {logging_mixin.py:188} INFO - [2026-06-05T14:27:40.629+0000] {dag.py:3096} INFO - Sync 1 DAGs
[2026-06-05T14:27:40.640+0000] {logging_mixin.py:188} INFO - [2026-06-05T14:27:40.640+0000] {dag.py:3954} INFO - Setting next_dagrun for neuralretail_retrain_pipeline to None, run_after=None
[2026-06-05T14:27:40.661+0000] {processor.py:183} INFO - Processing /opt/airflow/dags/dag_retrain_pipeline.py took 0.126 seconds
[2026-06-05T14:28:10.763+0000] {processor.py:161} INFO - Started process (PID=892) to work on /opt/airflow/dags/dag_retrain_pipeline.py
[2026-06-05T14:28:10.764+0000] {processor.py:830} INFO - Processing file /opt/airflow/dags/dag_retrain_pipeline.py for tasks to queue
[2026-06-05T14:28:10.767+0000] {logging_mixin.py:188} INFO - [2026-06-05T14:28:10.766+0000] {dagbag.py:540} INFO - Filling up the DagBag from /opt/airflow/dags/dag_retrain_pipeline.py
[2026-06-05T14:28:10.816+0000] {processor.py:840} INFO - DAG(s) 'neuralretail_retrain_pipeline' retrieved from /opt/airflow/dags/dag_retrain_pipeline.py
[2026-06-05T14:28:10.839+0000] {logging_mixin.py:188} INFO - [2026-06-05T14:28:10.839+0000] {dag.py:3096} INFO - Sync 1 DAGs
[2026-06-05T14:28:10.852+0000] {logging_mixin.py:188} INFO - [2026-06-05T14:28:10.852+0000] {dag.py:3954} INFO - Setting next_dagrun for neuralretail_retrain_pipeline to None, run_after=None
[2026-06-05T14:28:10.878+0000] {processor.py:183} INFO - Processing /opt/airflow/dags/dag_retrain_pipeline.py took 0.121 seconds
[2026-06-05T14:28:41.330+0000] {processor.py:161} INFO - Started process (PID=912) to work on /opt/airflow/dags/dag_retrain_pipeline.py
[2026-06-05T14:28:41.333+0000] {processor.py:830} INFO - Processing file /opt/airflow/dags/dag_retrain_pipeline.py for tasks to queue
[2026-06-05T14:28:41.336+0000] {logging_mixin.py:188} INFO - [2026-06-05T14:28:41.336+0000] {dagbag.py:540} INFO - Filling up the DagBag from /opt/airflow/dags/dag_retrain_pipeline.py
[2026-06-05T14:28:41.400+0000] {processor.py:840} INFO - DAG(s) 'neuralretail_retrain_pipeline' retrieved from /opt/airflow/dags/dag_retrain_pipeline.py
[2026-06-05T14:28:41.423+0000] {logging_mixin.py:188} INFO - [2026-06-05T14:28:41.423+0000] {dag.py:3096} INFO - Sync 1 DAGs
[2026-06-05T14:28:41.438+0000] {logging_mixin.py:188} INFO - [2026-06-05T14:28:41.438+0000] {dag.py:3954} INFO - Setting next_dagrun for neuralretail_retrain_pipeline to None, run_after=None
[2026-06-05T14:28:41.458+0000] {processor.py:183} INFO - Processing /opt/airflow/dags/dag_retrain_pipeline.py took 0.135 seconds
[2026-06-05T14:29:11.847+0000] {processor.py:161} INFO - Started process (PID=932) to work on /opt/airflow/dags/dag_retrain_pipeline.py
[2026-06-05T14:29:11.849+0000] {processor.py:830} INFO - Processing file /opt/airflow/dags/dag_retrain_pipeline.py for tasks to queue
[2026-06-05T14:29:11.852+0000] {logging_mixin.py:188} INFO - [2026-06-05T14:29:11.851+0000] {dagbag.py:540} INFO - Filling up the DagBag from /opt/airflow/dags/dag_retrain_pipeline.py
[2026-06-05T14:29:11.908+0000] {processor.py:840} INFO - DAG(s) 'neuralretail_retrain_pipeline' retrieved from /opt/airflow/dags/dag_retrain_pipeline.py
[2026-06-05T14:29:11.940+0000] {logging_mixin.py:188} INFO - [2026-06-05T14:29:11.940+0000] {dag.py:3096} INFO - Sync 1 DAGs
[2026-06-05T14:29:11.961+0000] {logging_mixin.py:188} INFO - [2026-06-05T14:29:11.961+0000] {dag.py:3954} INFO - Setting next_dagrun for neuralretail_retrain_pipeline to None, run_after=None
[2026-06-05T14:29:11.980+0000] {processor.py:183} INFO - Processing /opt/airflow/dags/dag_retrain_pipeline.py took 0.141 seconds
[2026-06-05T14:29:43.038+0000] {processor.py:161} INFO - Started process (PID=952) to work on /opt/airflow/dags/dag_retrain_pipeline.py
[2026-06-05T14:29:43.040+0000] {processor.py:830} INFO - Processing file /opt/airflow/dags/dag_retrain_pipeline.py for tasks to queue
[2026-06-05T14:29:43.042+0000] {logging_mixin.py:188} INFO - [2026-06-05T14:29:43.041+0000] {dagbag.py:540} INFO - Filling up the DagBag from /opt/airflow/dags/dag_retrain_pipeline.py
[2026-06-05T14:29:43.150+0000] {processor.py:840} INFO - DAG(s) 'neuralretail_retrain_pipeline' retrieved from /opt/airflow/dags/dag_retrain_pipeline.py
[2026-06-05T14:29:43.172+0000] {logging_mixin.py:188} INFO - [2026-06-05T14:29:43.172+0000] {dag.py:3096} INFO - Sync 1 DAGs
[2026-06-05T14:29:43.186+0000] {logging_mixin.py:188} INFO - [2026-06-05T14:29:43.186+0000] {dag.py:3954} INFO - Setting next_dagrun for neuralretail_retrain_pipeline to None, run_after=None
[2026-06-05T14:29:43.215+0000] {processor.py:183} INFO - Processing /opt/airflow/dags/dag_retrain_pipeline.py took 0.184 seconds
[2026-06-05T14:30:13.733+0000] {processor.py:161} INFO - Started process (PID=972) to work on /opt/airflow/dags/dag_retrain_pipeline.py
[2026-06-05T14:30:13.735+0000] {processor.py:830} INFO - Processing file /opt/airflow/dags/dag_retrain_pipeline.py for tasks to queue
[2026-06-05T14:30:13.738+0000] {logging_mixin.py:188} INFO - [2026-06-05T14:30:13.738+0000] {dagbag.py:540} INFO - Filling up the DagBag from /opt/airflow/dags/dag_retrain_pipeline.py
[2026-06-05T14:30:13.791+0000] {processor.py:840} INFO - DAG(s) 'neuralretail_retrain_pipeline' retrieved from /opt/airflow/dags/dag_retrain_pipeline.py
[2026-06-05T14:30:13.821+0000] {logging_mixin.py:188} INFO - [2026-06-05T14:30:13.821+0000] {dag.py:3096} INFO - Sync 1 DAGs
[2026-06-05T14:30:13.839+0000] {logging_mixin.py:188} INFO - [2026-06-05T14:30:13.839+0000] {dag.py:3954} INFO - Setting next_dagrun for neuralretail_retrain_pipeline to None, run_after=None
[2026-06-05T14:30:13.991+0000] {processor.py:183} INFO - Processing /opt/airflow/dags/dag_retrain_pipeline.py took 0.263 seconds
[2026-06-05T14:30:44.677+0000] {processor.py:161} INFO - Started process (PID=992) to work on /opt/airflow/dags/dag_retrain_pipeline.py
[2026-06-05T14:30:44.680+0000] {processor.py:830} INFO - Processing file /opt/airflow/dags/dag_retrain_pipeline.py for tasks to queue
[2026-06-05T14:30:44.683+0000] {logging_mixin.py:188} INFO - [2026-06-05T14:30:44.682+0000] {dagbag.py:540} INFO - Filling up the DagBag from /opt/airflow/dags/dag_retrain_pipeline.py
[2026-06-05T14:30:44.970+0000] {processor.py:840} INFO - DAG(s) 'neuralretail_retrain_pipeline' retrieved from /opt/airflow/dags/dag_retrain_pipeline.py
[2026-06-05T14:30:45.000+0000] {logging_mixin.py:188} INFO - [2026-06-05T14:30:44.999+0000] {dag.py:3096} INFO - Sync 1 DAGs
[2026-06-05T14:30:45.015+0000] {logging_mixin.py:188} INFO - [2026-06-05T14:30:45.015+0000] {dag.py:3954} INFO - Setting next_dagrun for neuralretail_retrain_pipeline to None, run_after=None
[2026-06-05T14:30:45.050+0000] {processor.py:183} INFO - Processing /opt/airflow/dags/dag_retrain_pipeline.py took 0.388 seconds
[2026-06-05T14:31:15.668+0000] {processor.py:161} INFO - Started process (PID=1012) to work on /opt/airflow/dags/dag_retrain_pipeline.py
[2026-06-05T14:31:15.690+0000] {processor.py:830} INFO - Processing file /opt/airflow/dags/dag_retrain_pipeline.py for tasks to queue
[2026-06-05T14:31:15.743+0000] {logging_mixin.py:188} INFO - [2026-06-05T14:31:15.743+0000] {dagbag.py:540} INFO - Filling up the DagBag from /opt/airflow/dags/dag_retrain_pipeline.py
[2026-06-05T14:31:15.843+0000] {processor.py:840} INFO - DAG(s) 'neuralretail_retrain_pipeline' retrieved from /opt/airflow/dags/dag_retrain_pipeline.py
[2026-06-05T14:31:15.889+0000] {logging_mixin.py:188} INFO - [2026-06-05T14:31:15.888+0000] {dag.py:3096} INFO - Sync 1 DAGs
[2026-06-05T14:31:15.905+0000] {logging_mixin.py:188} INFO - [2026-06-05T14:31:15.905+0000] {dag.py:3954} INFO - Setting next_dagrun for neuralretail_retrain_pipeline to None, run_after=None
[2026-06-05T14:31:15.931+0000] {processor.py:183} INFO - Processing /opt/airflow/dags/dag_retrain_pipeline.py took 0.270 seconds
[2026-06-05T14:31:46.392+0000] {processor.py:161} INFO - Started process (PID=1032) to work on /opt/airflow/dags/dag_retrain_pipeline.py
[2026-06-05T14:31:46.395+0000] {processor.py:830} INFO - Processing file /opt/airflow/dags/dag_retrain_pipeline.py for tasks to queue
[2026-06-05T14:31:46.400+0000] {logging_mixin.py:188} INFO - [2026-06-05T14:31:46.399+0000] {dagbag.py:540} INFO - Filling up the DagBag from /opt/airflow/dags/dag_retrain_pipeline.py
[2026-06-05T14:31:46.475+0000] {processor.py:840} INFO - DAG(s) 'neuralretail_retrain_pipeline' retrieved from /opt/airflow/dags/dag_retrain_pipeline.py
[2026-06-05T14:31:46.525+0000] {logging_mixin.py:188} INFO - [2026-06-05T14:31:46.525+0000] {dag.py:3096} INFO - Sync 1 DAGs
[2026-06-05T14:31:46.546+0000] {logging_mixin.py:188} INFO - [2026-06-05T14:31:46.545+0000] {dag.py:3954} INFO - Setting next_dagrun for neuralretail_retrain_pipeline to None, run_after=None
[2026-06-05T14:31:46.569+0000] {processor.py:183} INFO - Processing /opt/airflow/dags/dag_retrain_pipeline.py took 0.184 seconds
[2026-06-05T14:32:17.412+0000] {processor.py:161} INFO - Started process (PID=1052) to work on /opt/airflow/dags/dag_retrain_pipeline.py
[2026-06-05T14:32:17.414+0000] {processor.py:830} INFO - Processing file /opt/airflow/dags/dag_retrain_pipeline.py for tasks to queue
[2026-06-05T14:32:17.417+0000] {logging_mixin.py:188} INFO - [2026-06-05T14:32:17.417+0000] {dagbag.py:540} INFO - Filling up the DagBag from /opt/airflow/dags/dag_retrain_pipeline.py
[2026-06-05T14:32:17.574+0000] {processor.py:840} INFO - DAG(s) 'neuralretail_retrain_pipeline' retrieved from /opt/airflow/dags/dag_retrain_pipeline.py
[2026-06-05T14:32:17.609+0000] {logging_mixin.py:188} INFO - [2026-06-05T14:32:17.609+0000] {dag.py:3096} INFO - Sync 1 DAGs
[2026-06-05T14:32:17.626+0000] {logging_mixin.py:188} INFO - [2026-06-05T14:32:17.625+0000] {dag.py:3954} INFO - Setting next_dagrun for neuralretail_retrain_pipeline to None, run_after=None
[2026-06-05T14:32:17.652+0000] {processor.py:183} INFO - Processing /opt/airflow/dags/dag_retrain_pipeline.py took 0.251 seconds
[2026-06-05T14:32:47.870+0000] {processor.py:161} INFO - Started process (PID=1072) to work on /opt/airflow/dags/dag_retrain_pipeline.py
[2026-06-05T14:32:47.872+0000] {processor.py:830} INFO - Processing file /opt/airflow/dags/dag_retrain_pipeline.py for tasks to queue
[2026-06-05T14:32:47.874+0000] {logging_mixin.py:188} INFO - [2026-06-05T14:32:47.874+0000] {dagbag.py:540} INFO - Filling up the DagBag from /opt/airflow/dags/dag_retrain_pipeline.py
[2026-06-05T14:32:47.919+0000] {processor.py:840} INFO - DAG(s) 'neuralretail_retrain_pipeline' retrieved from /opt/airflow/dags/dag_retrain_pipeline.py
[2026-06-05T14:32:47.939+0000] {logging_mixin.py:188} INFO - [2026-06-05T14:32:47.939+0000] {dag.py:3096} INFO - Sync 1 DAGs
[2026-06-05T14:32:47.950+0000] {logging_mixin.py:188} INFO - [2026-06-05T14:32:47.950+0000] {dag.py:3954} INFO - Setting next_dagrun for neuralretail_retrain_pipeline to None, run_after=None
[2026-06-05T14:32:47.968+0000] {processor.py:183} INFO - Processing /opt/airflow/dags/dag_retrain_pipeline.py took 0.103 seconds
[2026-06-05T14:33:18.436+0000] {processor.py:161} INFO - Started process (PID=1092) to work on /opt/airflow/dags/dag_retrain_pipeline.py
[2026-06-05T14:33:18.437+0000] {processor.py:830} INFO - Processing file /opt/airflow/dags/dag_retrain_pipeline.py for tasks to queue
[2026-06-05T14:33:18.439+0000] {logging_mixin.py:188} INFO - [2026-06-05T14:33:18.439+0000] {dagbag.py:540} INFO - Filling up the DagBag from /opt/airflow/dags/dag_retrain_pipeline.py
[2026-06-05T14:33:18.486+0000] {processor.py:840} INFO - DAG(s) 'neuralretail_retrain_pipeline' retrieved from /opt/airflow/dags/dag_retrain_pipeline.py
[2026-06-05T14:33:18.511+0000] {logging_mixin.py:188} INFO - [2026-06-05T14:33:18.511+0000] {dag.py:3096} INFO - Sync 1 DAGs
[2026-06-05T14:33:18.523+0000] {logging_mixin.py:188} INFO - [2026-06-05T14:33:18.522+0000] {dag.py:3954} INFO - Setting next_dagrun for neuralretail_retrain_pipeline to None, run_after=None
[2026-06-05T14:33:18.546+0000] {processor.py:183} INFO - Processing /opt/airflow/dags/dag_retrain_pipeline.py took 0.115 seconds
[2026-06-05T14:33:49.022+0000] {processor.py:161} INFO - Started process (PID=1112) to work on /opt/airflow/dags/dag_retrain_pipeline.py
[2026-06-05T14:33:49.025+0000] {processor.py:830} INFO - Processing file /opt/airflow/dags/dag_retrain_pipeline.py for tasks to queue
[2026-06-05T14:33:49.028+0000] {logging_mixin.py:188} INFO - [2026-06-05T14:33:49.027+0000] {dagbag.py:540} INFO - Filling up the DagBag from /opt/airflow/dags/dag_retrain_pipeline.py
[2026-06-05T14:33:49.122+0000] {processor.py:840} INFO - DAG(s) 'neuralretail_retrain_pipeline' retrieved from /opt/airflow/dags/dag_retrain_pipeline.py
[2026-06-05T14:33:49.147+0000] {logging_mixin.py:188} INFO - [2026-06-05T14:33:49.146+0000] {dag.py:3096} INFO - Sync 1 DAGs
[2026-06-05T14:33:49.159+0000] {logging_mixin.py:188} INFO - [2026-06-05T14:33:49.158+0000] {dag.py:3954} INFO - Setting next_dagrun for neuralretail_retrain_pipeline to None, run_after=None
[2026-06-05T14:33:49.179+0000] {processor.py:183} INFO - Processing /opt/airflow/dags/dag_retrain_pipeline.py took 0.166 seconds
[2026-06-05T14:34:19.368+0000] {processor.py:161} INFO - Started process (PID=1132) to work on /opt/airflow/dags/dag_retrain_pipeline.py
[2026-06-05T14:34:19.370+0000] {processor.py:830} INFO - Processing file /opt/airflow/dags/dag_retrain_pipeline.py for tasks to queue
[2026-06-05T14:34:19.373+0000] {logging_mixin.py:188} INFO - [2026-06-05T14:34:19.373+0000] {dagbag.py:540} INFO - Filling up the DagBag from /opt/airflow/dags/dag_retrain_pipeline.py
[2026-06-05T14:34:19.458+0000] {processor.py:840} INFO - DAG(s) 'neuralretail_retrain_pipeline' retrieved from /opt/airflow/dags/dag_retrain_pipeline.py
[2026-06-05T14:34:19.486+0000] {logging_mixin.py:188} INFO - [2026-06-05T14:34:19.486+0000] {dag.py:3096} INFO - Sync 1 DAGs
[2026-06-05T14:34:19.498+0000] {logging_mixin.py:188} INFO - [2026-06-05T14:34:19.498+0000] {dag.py:3954} INFO - Setting next_dagrun for neuralretail_retrain_pipeline to None, run_after=None
[2026-06-05T14:34:19.521+0000] {processor.py:183} INFO - Processing /opt/airflow/dags/dag_retrain_pipeline.py took 0.162 seconds
[2026-06-05T14:34:49.968+0000] {processor.py:161} INFO - Started process (PID=1152) to work on /opt/airflow/dags/dag_retrain_pipeline.py
[2026-06-05T14:34:49.970+0000] {processor.py:830} INFO - Processing file /opt/airflow/dags/dag_retrain_pipeline.py for tasks to queue
[2026-06-05T14:34:49.972+0000] {logging_mixin.py:188} INFO - [2026-06-05T14:34:49.971+0000] {dagbag.py:540} INFO - Filling up the DagBag from /opt/airflow/dags/dag_retrain_pipeline.py
[2026-06-05T14:34:50.033+0000] {processor.py:840} INFO - DAG(s) 'neuralretail_retrain_pipeline' retrieved from /opt/airflow/dags/dag_retrain_pipeline.py
[2026-06-05T14:34:50.064+0000] {logging_mixin.py:188} INFO - [2026-06-05T14:34:50.063+0000] {dag.py:3096} INFO - Sync 1 DAGs
[2026-06-05T14:34:50.082+0000] {logging_mixin.py:188} INFO - [2026-06-05T14:34:50.082+0000] {dag.py:3954} INFO - Setting next_dagrun for neuralretail_retrain_pipeline to None, run_after=None
[2026-06-05T14:34:50.116+0000] {processor.py:183} INFO - Processing /opt/airflow/dags/dag_retrain_pipeline.py took 0.153 seconds
[2026-06-05T14:35:21.050+0000] {processor.py:161} INFO - Started process (PID=1172) to work on /opt/airflow/dags/dag_retrain_pipeline.py
[2026-06-05T14:35:21.052+0000] {processor.py:830} INFO - Processing file /opt/airflow/dags/dag_retrain_pipeline.py for tasks to queue
[2026-06-05T14:35:21.056+0000] {logging_mixin.py:188} INFO - [2026-06-05T14:35:21.055+0000] {dagbag.py:540} INFO - Filling up the DagBag from /opt/airflow/dags/dag_retrain_pipeline.py
[2026-06-05T14:35:21.104+0000] {processor.py:840} INFO - DAG(s) 'neuralretail_retrain_pipeline' retrieved from /opt/airflow/dags/dag_retrain_pipeline.py
[2026-06-05T14:35:21.128+0000] {logging_mixin.py:188} INFO - [2026-06-05T14:35:21.128+0000] {dag.py:3096} INFO - Sync 1 DAGs
[2026-06-05T14:35:21.142+0000] {logging_mixin.py:188} INFO - [2026-06-05T14:35:21.142+0000] {dag.py:3954} INFO - Setting next_dagrun for neuralretail_retrain_pipeline to None, run_after=None
[2026-06-05T14:35:21.165+0000] {processor.py:183} INFO - Processing /opt/airflow/dags/dag_retrain_pipeline.py took 0.123 seconds
[2026-06-05T14:35:51.549+0000] {processor.py:161} INFO - Started process (PID=1192) to work on /opt/airflow/dags/dag_retrain_pipeline.py
[2026-06-05T14:35:51.551+0000] {processor.py:830} INFO - Processing file /opt/airflow/dags/dag_retrain_pipeline.py for tasks to queue
[2026-06-05T14:35:51.554+0000] {logging_mixin.py:188} INFO - [2026-06-05T14:35:51.553+0000] {dagbag.py:540} INFO - Filling up the DagBag from /opt/airflow/dags/dag_retrain_pipeline.py
[2026-06-05T14:35:51.604+0000] {processor.py:840} INFO - DAG(s) 'neuralretail_retrain_pipeline' retrieved from /opt/airflow/dags/dag_retrain_pipeline.py
[2026-06-05T14:35:51.624+0000] {logging_mixin.py:188} INFO - [2026-06-05T14:35:51.624+0000] {dag.py:3096} INFO - Sync 1 DAGs
[2026-06-05T14:35:51.635+0000] {logging_mixin.py:188} INFO - [2026-06-05T14:35:51.635+0000] {dag.py:3954} INFO - Setting next_dagrun for neuralretail_retrain_pipeline to None, run_after=None
[2026-06-05T14:35:51.674+0000] {processor.py:183} INFO - Processing /opt/airflow/dags/dag_retrain_pipeline.py took 0.131 seconds
[2026-06-05T14:36:22.643+0000] {processor.py:161} INFO - Started process (PID=1212) to work on /opt/airflow/dags/dag_retrain_pipeline.py
[2026-06-05T14:36:22.644+0000] {processor.py:830} INFO - Processing file /opt/airflow/dags/dag_retrain_pipeline.py for tasks to queue
[2026-06-05T14:36:22.645+0000] {logging_mixin.py:188} INFO - [2026-06-05T14:36:22.645+0000] {dagbag.py:540} INFO - Filling up the DagBag from /opt/airflow/dags/dag_retrain_pipeline.py
[2026-06-05T14:36:22.681+0000] {processor.py:840} INFO - DAG(s) 'neuralretail_retrain_pipeline' retrieved from /opt/airflow/dags/dag_retrain_pipeline.py
[2026-06-05T14:36:22.709+0000] {logging_mixin.py:188} INFO - [2026-06-05T14:36:22.708+0000] {dag.py:3096} INFO - Sync 1 DAGs
[2026-06-05T14:36:22.719+0000] {logging_mixin.py:188} INFO - [2026-06-05T14:36:22.719+0000] {dag.py:3954} INFO - Setting next_dagrun for neuralretail_retrain_pipeline to None, run_after=None
[2026-06-05T14:36:22.738+0000] {processor.py:183} INFO - Processing /opt/airflow/dags/dag_retrain_pipeline.py took 0.100 seconds
[2026-06-05T14:36:53.208+0000] {processor.py:161} INFO - Started process (PID=1232) to work on /opt/airflow/dags/dag_retrain_pipeline.py
[2026-06-05T14:36:53.210+0000] {processor.py:830} INFO - Processing file /opt/airflow/dags/dag_retrain_pipeline.py for tasks to queue
[2026-06-05T14:36:53.212+0000] {logging_mixin.py:188} INFO - [2026-06-05T14:36:53.211+0000] {dagbag.py:540} INFO - Filling up the DagBag from /opt/airflow/dags/dag_retrain_pipeline.py
[2026-06-05T14:36:53.296+0000] {processor.py:840} INFO - DAG(s) 'neuralretail_retrain_pipeline' retrieved from /opt/airflow/dags/dag_retrain_pipeline.py
[2026-06-05T14:36:53.322+0000] {logging_mixin.py:188} INFO - [2026-06-05T14:36:53.321+0000] {dag.py:3096} INFO - Sync 1 DAGs
[2026-06-05T14:36:53.336+0000] {logging_mixin.py:188} INFO - [2026-06-05T14:36:53.336+0000] {dag.py:3954} INFO - Setting next_dagrun for neuralretail_retrain_pipeline to None, run_after=None
[2026-06-05T14:36:53.363+0000] {processor.py:183} INFO - Processing /opt/airflow/dags/dag_retrain_pipeline.py took 0.160 seconds
[2026-06-05T14:37:23.659+0000] {processor.py:161} INFO - Started process (PID=1252) to work on /opt/airflow/dags/dag_retrain_pipeline.py
[2026-06-05T14:37:23.661+0000] {processor.py:830} INFO - Processing file /opt/airflow/dags/dag_retrain_pipeline.py for tasks to queue
[2026-06-05T14:37:23.663+0000] {logging_mixin.py:188} INFO - [2026-06-05T14:37:23.663+0000] {dagbag.py:540} INFO - Filling up the DagBag from /opt/airflow/dags/dag_retrain_pipeline.py
[2026-06-05T14:37:23.720+0000] {processor.py:840} INFO - DAG(s) 'neuralretail_retrain_pipeline' retrieved from /opt/airflow/dags/dag_retrain_pipeline.py
[2026-06-05T14:37:23.757+0000] {logging_mixin.py:188} INFO - [2026-06-05T14:37:23.756+0000] {dag.py:3096} INFO - Sync 1 DAGs
[2026-06-05T14:37:23.779+0000] {logging_mixin.py:188} INFO - [2026-06-05T14:37:23.779+0000] {dag.py:3954} INFO - Setting next_dagrun for neuralretail_retrain_pipeline to None, run_after=None
[2026-06-05T14:37:23.810+0000] {processor.py:183} INFO - Processing /opt/airflow/dags/dag_retrain_pipeline.py took 0.158 seconds
[2026-06-05T14:37:54.014+0000] {processor.py:161} INFO - Started process (PID=1272) to work on /opt/airflow/dags/dag_retrain_pipeline.py
[2026-06-05T14:37:54.015+0000] {processor.py:830} INFO - Processing file /opt/airflow/dags/dag_retrain_pipeline.py for tasks to queue
[2026-06-05T14:37:54.018+0000] {logging_mixin.py:188} INFO - [2026-06-05T14:37:54.018+0000] {dagbag.py:540} INFO - Filling up the DagBag from /opt/airflow/dags/dag_retrain_pipeline.py
[2026-06-05T14:37:54.061+0000] {processor.py:840} INFO - DAG(s) 'neuralretail_retrain_pipeline' retrieved from /opt/airflow/dags/dag_retrain_pipeline.py
[2026-06-05T14:37:54.083+0000] {logging_mixin.py:188} INFO - [2026-06-05T14:37:54.083+0000] {dag.py:3096} INFO - Sync 1 DAGs
[2026-06-05T14:37:54.093+0000] {logging_mixin.py:188} INFO - [2026-06-05T14:37:54.093+0000] {dag.py:3954} INFO - Setting next_dagrun for neuralretail_retrain_pipeline to None, run_after=None
[2026-06-05T14:37:54.112+0000] {processor.py:183} INFO - Processing /opt/airflow/dags/dag_retrain_pipeline.py took 0.103 seconds
[2026-06-05T14:38:24.397+0000] {processor.py:161} INFO - Started process (PID=1292) to work on /opt/airflow/dags/dag_retrain_pipeline.py
[2026-06-05T14:38:24.398+0000] {processor.py:830} INFO - Processing file /opt/airflow/dags/dag_retrain_pipeline.py for tasks to queue
[2026-06-05T14:38:24.400+0000] {logging_mixin.py:188} INFO - [2026-06-05T14:38:24.400+0000] {dagbag.py:540} INFO - Filling up the DagBag from /opt/airflow/dags/dag_retrain_pipeline.py
[2026-06-05T14:38:24.462+0000] {processor.py:840} INFO - DAG(s) 'neuralretail_retrain_pipeline' retrieved from /opt/airflow/dags/dag_retrain_pipeline.py
[2026-06-05T14:38:24.502+0000] {logging_mixin.py:188} INFO - [2026-06-05T14:38:24.502+0000] {dag.py:3096} INFO - Sync 1 DAGs
[2026-06-05T14:38:24.517+0000] {logging_mixin.py:188} INFO - [2026-06-05T14:38:24.516+0000] {dag.py:3954} INFO - Setting next_dagrun for neuralretail_retrain_pipeline to None, run_after=None
[2026-06-05T14:38:24.550+0000] {processor.py:183} INFO - Processing /opt/airflow/dags/dag_retrain_pipeline.py took 0.170 seconds
