[2026-06-05T14:09:44.841+0000] {processor.py:161} INFO - Started process (PID=175) to work on /opt/airflow/dags/dag_drift_monitoring.py
[2026-06-05T14:09:44.842+0000] {processor.py:830} INFO - Processing file /opt/airflow/dags/dag_drift_monitoring.py for tasks to queue
[2026-06-05T14:09:44.844+0000] {logging_mixin.py:188} INFO - [2026-06-05T14:09:44.843+0000] {dagbag.py:540} INFO - Filling up the DagBag from /opt/airflow/dags/dag_drift_monitoring.py
[2026-06-05T14:09:44.906+0000] {processor.py:840} INFO - DAG(s) 'neuralretail_drift_monitoring' retrieved from /opt/airflow/dags/dag_drift_monitoring.py
[2026-06-05T14:09:45.013+0000] {logging_mixin.py:188} INFO - [2026-06-05T14:09:45.013+0000] {dag.py:3096} INFO - Sync 1 DAGs
[2026-06-05T14:09:45.031+0000] {logging_mixin.py:188} INFO - [2026-06-05T14:09:45.030+0000] {dag.py:3954} INFO - Setting next_dagrun for neuralretail_drift_monitoring to 2026-06-04 08:00:00+00:00, run_after=2026-06-05 08:00:00+00:00
[2026-06-05T14:09:45.047+0000] {processor.py:183} INFO - Processing /opt/airflow/dags/dag_drift_monitoring.py took 0.211 seconds
[2026-06-05T14:10:15.321+0000] {processor.py:161} INFO - Started process (PID=195) to work on /opt/airflow/dags/dag_drift_monitoring.py
[2026-06-05T14:10:15.323+0000] {processor.py:830} INFO - Processing file /opt/airflow/dags/dag_drift_monitoring.py for tasks to queue
[2026-06-05T14:10:15.327+0000] {logging_mixin.py:188} INFO - [2026-06-05T14:10:15.326+0000] {dagbag.py:540} INFO - Filling up the DagBag from /opt/airflow/dags/dag_drift_monitoring.py
[2026-06-05T14:10:15.381+0000] {processor.py:840} INFO - DAG(s) 'neuralretail_drift_monitoring' retrieved from /opt/airflow/dags/dag_drift_monitoring.py
[2026-06-05T14:10:15.408+0000] {logging_mixin.py:188} INFO - [2026-06-05T14:10:15.408+0000] {dag.py:3096} INFO - Sync 1 DAGs
[2026-06-05T14:10:15.436+0000] {logging_mixin.py:188} INFO - [2026-06-05T14:10:15.436+0000] {dag.py:3954} INFO - Setting next_dagrun for neuralretail_drift_monitoring to 2026-06-04 08:00:00+00:00, run_after=2026-06-05 08:00:00+00:00
[2026-06-05T14:10:15.458+0000] {processor.py:183} INFO - Processing /opt/airflow/dags/dag_drift_monitoring.py took 0.146 seconds
[2026-06-05T14:10:45.807+0000] {processor.py:161} INFO - Started process (PID=215) to work on /opt/airflow/dags/dag_drift_monitoring.py
[2026-06-05T14:10:45.809+0000] {processor.py:830} INFO - Processing file /opt/airflow/dags/dag_drift_monitoring.py for tasks to queue
[2026-06-05T14:10:45.813+0000] {logging_mixin.py:188} INFO - [2026-06-05T14:10:45.812+0000] {dagbag.py:540} INFO - Filling up the DagBag from /opt/airflow/dags/dag_drift_monitoring.py
[2026-06-05T14:10:45.897+0000] {processor.py:840} INFO - DAG(s) 'neuralretail_drift_monitoring' retrieved from /opt/airflow/dags/dag_drift_monitoring.py
[2026-06-05T14:10:45.922+0000] {logging_mixin.py:188} INFO - [2026-06-05T14:10:45.921+0000] {dag.py:3096} INFO - Sync 1 DAGs
[2026-06-05T14:10:45.948+0000] {logging_mixin.py:188} INFO - [2026-06-05T14:10:45.947+0000] {dag.py:3954} INFO - Setting next_dagrun for neuralretail_drift_monitoring to 2026-06-04 08:00:00+00:00, run_after=2026-06-05 08:00:00+00:00
[2026-06-05T14:10:46.011+0000] {processor.py:183} INFO - Processing /opt/airflow/dags/dag_drift_monitoring.py took 0.213 seconds
[2026-06-05T14:11:16.557+0000] {processor.py:161} INFO - Started process (PID=235) to work on /opt/airflow/dags/dag_drift_monitoring.py
[2026-06-05T14:11:16.559+0000] {processor.py:830} INFO - Processing file /opt/airflow/dags/dag_drift_monitoring.py for tasks to queue
[2026-06-05T14:11:16.561+0000] {logging_mixin.py:188} INFO - [2026-06-05T14:11:16.560+0000] {dagbag.py:540} INFO - Filling up the DagBag from /opt/airflow/dags/dag_drift_monitoring.py
[2026-06-05T14:11:16.659+0000] {processor.py:840} INFO - DAG(s) 'neuralretail_drift_monitoring' retrieved from /opt/airflow/dags/dag_drift_monitoring.py
[2026-06-05T14:11:16.699+0000] {logging_mixin.py:188} INFO - [2026-06-05T14:11:16.698+0000] {dag.py:3096} INFO - Sync 1 DAGs
[2026-06-05T14:11:16.731+0000] {logging_mixin.py:188} INFO - [2026-06-05T14:11:16.731+0000] {dag.py:3954} INFO - Setting next_dagrun for neuralretail_drift_monitoring to 2026-06-04 08:00:00+00:00, run_after=2026-06-05 08:00:00+00:00
[2026-06-05T14:11:16.760+0000] {processor.py:183} INFO - Processing /opt/airflow/dags/dag_drift_monitoring.py took 0.210 seconds
[2026-06-05T14:11:47.105+0000] {processor.py:161} INFO - Started process (PID=255) to work on /opt/airflow/dags/dag_drift_monitoring.py
[2026-06-05T14:11:47.108+0000] {processor.py:830} INFO - Processing file /opt/airflow/dags/dag_drift_monitoring.py for tasks to queue
[2026-06-05T14:11:47.117+0000] {logging_mixin.py:188} INFO - [2026-06-05T14:11:47.116+0000] {dagbag.py:540} INFO - Filling up the DagBag from /opt/airflow/dags/dag_drift_monitoring.py
[2026-06-05T14:11:47.238+0000] {processor.py:840} INFO - DAG(s) 'neuralretail_drift_monitoring' retrieved from /opt/airflow/dags/dag_drift_monitoring.py
[2026-06-05T14:11:47.276+0000] {logging_mixin.py:188} INFO - [2026-06-05T14:11:47.276+0000] {dag.py:3096} INFO - Sync 1 DAGs
[2026-06-05T14:11:47.310+0000] {logging_mixin.py:188} INFO - [2026-06-05T14:11:47.310+0000] {dag.py:3954} INFO - Setting next_dagrun for neuralretail_drift_monitoring to 2026-06-04 08:00:00+00:00, run_after=2026-06-05 08:00:00+00:00
[2026-06-05T14:11:47.342+0000] {processor.py:183} INFO - Processing /opt/airflow/dags/dag_drift_monitoring.py took 0.257 seconds
[2026-06-05T14:12:17.744+0000] {processor.py:161} INFO - Started process (PID=275) to work on /opt/airflow/dags/dag_drift_monitoring.py
[2026-06-05T14:12:17.747+0000] {processor.py:830} INFO - Processing file /opt/airflow/dags/dag_drift_monitoring.py for tasks to queue
[2026-06-05T14:12:17.751+0000] {logging_mixin.py:188} INFO - [2026-06-05T14:12:17.751+0000] {dagbag.py:540} INFO - Filling up the DagBag from /opt/airflow/dags/dag_drift_monitoring.py
[2026-06-05T14:12:17.845+0000] {processor.py:840} INFO - DAG(s) 'neuralretail_drift_monitoring' retrieved from /opt/airflow/dags/dag_drift_monitoring.py
[2026-06-05T14:12:17.886+0000] {logging_mixin.py:188} INFO - [2026-06-05T14:12:17.886+0000] {dag.py:3096} INFO - Sync 1 DAGs
[2026-06-05T14:12:17.912+0000] {logging_mixin.py:188} INFO - [2026-06-05T14:12:17.911+0000] {dag.py:3954} INFO - Setting next_dagrun for neuralretail_drift_monitoring to 2026-06-04 08:00:00+00:00, run_after=2026-06-05 08:00:00+00:00
[2026-06-05T14:12:17.937+0000] {processor.py:183} INFO - Processing /opt/airflow/dags/dag_drift_monitoring.py took 0.199 seconds
[2026-06-05T14:12:48.117+0000] {processor.py:161} INFO - Started process (PID=295) to work on /opt/airflow/dags/dag_drift_monitoring.py
[2026-06-05T14:12:48.119+0000] {processor.py:830} INFO - Processing file /opt/airflow/dags/dag_drift_monitoring.py for tasks to queue
[2026-06-05T14:12:48.123+0000] {logging_mixin.py:188} INFO - [2026-06-05T14:12:48.122+0000] {dagbag.py:540} INFO - Filling up the DagBag from /opt/airflow/dags/dag_drift_monitoring.py
[2026-06-05T14:12:48.158+0000] {processor.py:840} INFO - DAG(s) 'neuralretail_drift_monitoring' retrieved from /opt/airflow/dags/dag_drift_monitoring.py
[2026-06-05T14:12:48.177+0000] {logging_mixin.py:188} INFO - [2026-06-05T14:12:48.177+0000] {dag.py:3096} INFO - Sync 1 DAGs
[2026-06-05T14:12:48.195+0000] {logging_mixin.py:188} INFO - [2026-06-05T14:12:48.194+0000] {dag.py:3954} INFO - Setting next_dagrun for neuralretail_drift_monitoring to 2026-06-04 08:00:00+00:00, run_after=2026-06-05 08:00:00+00:00
[2026-06-05T14:12:48.212+0000] {processor.py:183} INFO - Processing /opt/airflow/dags/dag_drift_monitoring.py took 0.108 seconds
[2026-06-05T14:13:18.804+0000] {processor.py:161} INFO - Started process (PID=315) to work on /opt/airflow/dags/dag_drift_monitoring.py
[2026-06-05T14:13:18.806+0000] {processor.py:830} INFO - Processing file /opt/airflow/dags/dag_drift_monitoring.py for tasks to queue
[2026-06-05T14:13:18.814+0000] {logging_mixin.py:188} INFO - [2026-06-05T14:13:18.813+0000] {dagbag.py:540} INFO - Filling up the DagBag from /opt/airflow/dags/dag_drift_monitoring.py
[2026-06-05T14:13:18.947+0000] {processor.py:840} INFO - DAG(s) 'neuralretail_drift_monitoring' retrieved from /opt/airflow/dags/dag_drift_monitoring.py
[2026-06-05T14:13:18.971+0000] {logging_mixin.py:188} INFO - [2026-06-05T14:13:18.971+0000] {dag.py:3096} INFO - Sync 1 DAGs
[2026-06-05T14:13:18.991+0000] {logging_mixin.py:188} INFO - [2026-06-05T14:13:18.990+0000] {dag.py:3954} INFO - Setting next_dagrun for neuralretail_drift_monitoring to 2026-06-04 08:00:00+00:00, run_after=2026-06-05 08:00:00+00:00
[2026-06-05T14:13:19.011+0000] {processor.py:183} INFO - Processing /opt/airflow/dags/dag_drift_monitoring.py took 0.222 seconds
[2026-06-05T14:13:49.589+0000] {processor.py:161} INFO - Started process (PID=335) to work on /opt/airflow/dags/dag_drift_monitoring.py
[2026-06-05T14:13:49.590+0000] {processor.py:830} INFO - Processing file /opt/airflow/dags/dag_drift_monitoring.py for tasks to queue
[2026-06-05T14:13:49.593+0000] {logging_mixin.py:188} INFO - [2026-06-05T14:13:49.593+0000] {dagbag.py:540} INFO - Filling up the DagBag from /opt/airflow/dags/dag_drift_monitoring.py
[2026-06-05T14:13:49.630+0000] {processor.py:840} INFO - DAG(s) 'neuralretail_drift_monitoring' retrieved from /opt/airflow/dags/dag_drift_monitoring.py
[2026-06-05T14:13:49.657+0000] {logging_mixin.py:188} INFO - [2026-06-05T14:13:49.657+0000] {dag.py:3096} INFO - Sync 1 DAGs
[2026-06-05T14:13:49.682+0000] {logging_mixin.py:188} INFO - [2026-06-05T14:13:49.682+0000] {dag.py:3954} INFO - Setting next_dagrun for neuralretail_drift_monitoring to 2026-06-04 08:00:00+00:00, run_after=2026-06-05 08:00:00+00:00
[2026-06-05T14:13:49.708+0000] {processor.py:183} INFO - Processing /opt/airflow/dags/dag_drift_monitoring.py took 0.124 seconds
[2026-06-05T14:14:20.460+0000] {processor.py:161} INFO - Started process (PID=355) to work on /opt/airflow/dags/dag_drift_monitoring.py
[2026-06-05T14:14:20.463+0000] {processor.py:830} INFO - Processing file /opt/airflow/dags/dag_drift_monitoring.py for tasks to queue
[2026-06-05T14:14:20.467+0000] {logging_mixin.py:188} INFO - [2026-06-05T14:14:20.466+0000] {dagbag.py:540} INFO - Filling up the DagBag from /opt/airflow/dags/dag_drift_monitoring.py
[2026-06-05T14:14:20.523+0000] {processor.py:840} INFO - DAG(s) 'neuralretail_drift_monitoring' retrieved from /opt/airflow/dags/dag_drift_monitoring.py
[2026-06-05T14:14:20.560+0000] {logging_mixin.py:188} INFO - [2026-06-05T14:14:20.559+0000] {dag.py:3096} INFO - Sync 1 DAGs
[2026-06-05T14:14:20.579+0000] {logging_mixin.py:188} INFO - [2026-06-05T14:14:20.579+0000] {dag.py:3954} INFO - Setting next_dagrun for neuralretail_drift_monitoring to 2026-06-04 08:00:00+00:00, run_after=2026-06-05 08:00:00+00:00
[2026-06-05T14:14:20.597+0000] {processor.py:183} INFO - Processing /opt/airflow/dags/dag_drift_monitoring.py took 0.144 seconds
[2026-06-05T14:14:53.064+0000] {processor.py:161} INFO - Started process (PID=375) to work on /opt/airflow/dags/dag_drift_monitoring.py
[2026-06-05T14:14:53.109+0000] {processor.py:830} INFO - Processing file /opt/airflow/dags/dag_drift_monitoring.py for tasks to queue
[2026-06-05T14:14:53.126+0000] {logging_mixin.py:188} INFO - [2026-06-05T14:14:53.126+0000] {dagbag.py:540} INFO - Filling up the DagBag from /opt/airflow/dags/dag_drift_monitoring.py
[2026-06-05T14:14:53.937+0000] {processor.py:840} INFO - DAG(s) 'neuralretail_drift_monitoring' retrieved from /opt/airflow/dags/dag_drift_monitoring.py
[2026-06-05T14:14:53.971+0000] {logging_mixin.py:188} INFO - [2026-06-05T14:14:53.971+0000] {dag.py:3096} INFO - Sync 1 DAGs
[2026-06-05T14:14:54.007+0000] {logging_mixin.py:188} INFO - [2026-06-05T14:14:54.007+0000] {dag.py:3954} INFO - Setting next_dagrun for neuralretail_drift_monitoring to 2026-06-04 08:00:00+00:00, run_after=2026-06-05 08:00:00+00:00
[2026-06-05T14:14:54.059+0000] {processor.py:183} INFO - Processing /opt/airflow/dags/dag_drift_monitoring.py took 1.001 seconds
[2026-06-05T14:15:24.487+0000] {processor.py:161} INFO - Started process (PID=395) to work on /opt/airflow/dags/dag_drift_monitoring.py
[2026-06-05T14:15:24.488+0000] {processor.py:830} INFO - Processing file /opt/airflow/dags/dag_drift_monitoring.py for tasks to queue
[2026-06-05T14:15:24.493+0000] {logging_mixin.py:188} INFO - [2026-06-05T14:15:24.491+0000] {dagbag.py:540} INFO - Filling up the DagBag from /opt/airflow/dags/dag_drift_monitoring.py
[2026-06-05T14:15:24.550+0000] {processor.py:840} INFO - DAG(s) 'neuralretail_drift_monitoring' retrieved from /opt/airflow/dags/dag_drift_monitoring.py
[2026-06-05T14:15:24.583+0000] {logging_mixin.py:188} INFO - [2026-06-05T14:15:24.583+0000] {dag.py:3096} INFO - Sync 1 DAGs
[2026-06-05T14:15:24.611+0000] {logging_mixin.py:188} INFO - [2026-06-05T14:15:24.611+0000] {dag.py:3954} INFO - Setting next_dagrun for neuralretail_drift_monitoring to 2026-06-04 08:00:00+00:00, run_after=2026-06-05 08:00:00+00:00
[2026-06-05T14:15:24.652+0000] {processor.py:183} INFO - Processing /opt/airflow/dags/dag_drift_monitoring.py took 0.171 seconds
[2026-06-05T14:15:54.976+0000] {processor.py:161} INFO - Started process (PID=417) to work on /opt/airflow/dags/dag_drift_monitoring.py
[2026-06-05T14:15:54.977+0000] {processor.py:830} INFO - Processing file /opt/airflow/dags/dag_drift_monitoring.py for tasks to queue
[2026-06-05T14:15:54.981+0000] {logging_mixin.py:188} INFO - [2026-06-05T14:15:54.980+0000] {dagbag.py:540} INFO - Filling up the DagBag from /opt/airflow/dags/dag_drift_monitoring.py
[2026-06-05T14:15:55.037+0000] {processor.py:840} INFO - DAG(s) 'neuralretail_drift_monitoring' retrieved from /opt/airflow/dags/dag_drift_monitoring.py
[2026-06-05T14:15:55.063+0000] {logging_mixin.py:188} INFO - [2026-06-05T14:15:55.063+0000] {dag.py:3096} INFO - Sync 1 DAGs
[2026-06-05T14:15:55.094+0000] {logging_mixin.py:188} INFO - [2026-06-05T14:15:55.094+0000] {dag.py:3954} INFO - Setting next_dagrun for neuralretail_drift_monitoring to 2026-06-04 08:00:00+00:00, run_after=2026-06-05 08:00:00+00:00
[2026-06-05T14:15:55.118+0000] {processor.py:183} INFO - Processing /opt/airflow/dags/dag_drift_monitoring.py took 0.150 seconds
[2026-06-05T14:16:25.507+0000] {processor.py:161} INFO - Started process (PID=435) to work on /opt/airflow/dags/dag_drift_monitoring.py
[2026-06-05T14:16:25.510+0000] {processor.py:830} INFO - Processing file /opt/airflow/dags/dag_drift_monitoring.py for tasks to queue
[2026-06-05T14:16:25.513+0000] {logging_mixin.py:188} INFO - [2026-06-05T14:16:25.513+0000] {dagbag.py:540} INFO - Filling up the DagBag from /opt/airflow/dags/dag_drift_monitoring.py
[2026-06-05T14:16:25.584+0000] {processor.py:840} INFO - DAG(s) 'neuralretail_drift_monitoring' retrieved from /opt/airflow/dags/dag_drift_monitoring.py
[2026-06-05T14:16:25.628+0000] {logging_mixin.py:188} INFO - [2026-06-05T14:16:25.628+0000] {dag.py:3096} INFO - Sync 1 DAGs
[2026-06-05T14:16:25.671+0000] {logging_mixin.py:188} INFO - [2026-06-05T14:16:25.671+0000] {dag.py:3954} INFO - Setting next_dagrun for neuralretail_drift_monitoring to 2026-06-04 08:00:00+00:00, run_after=2026-06-05 08:00:00+00:00
[2026-06-05T14:16:25.707+0000] {processor.py:183} INFO - Processing /opt/airflow/dags/dag_drift_monitoring.py took 0.212 seconds
[2026-06-05T14:16:55.839+0000] {processor.py:161} INFO - Started process (PID=455) to work on /opt/airflow/dags/dag_drift_monitoring.py
[2026-06-05T14:16:55.840+0000] {processor.py:830} INFO - Processing file /opt/airflow/dags/dag_drift_monitoring.py for tasks to queue
[2026-06-05T14:16:55.841+0000] {logging_mixin.py:188} INFO - [2026-06-05T14:16:55.841+0000] {dagbag.py:540} INFO - Filling up the DagBag from /opt/airflow/dags/dag_drift_monitoring.py
[2026-06-05T14:16:55.871+0000] {processor.py:840} INFO - DAG(s) 'neuralretail_drift_monitoring' retrieved from /opt/airflow/dags/dag_drift_monitoring.py
[2026-06-05T14:16:55.896+0000] {logging_mixin.py:188} INFO - [2026-06-05T14:16:55.895+0000] {dag.py:3096} INFO - Sync 1 DAGs
[2026-06-05T14:16:55.920+0000] {logging_mixin.py:188} INFO - [2026-06-05T14:16:55.920+0000] {dag.py:3954} INFO - Setting next_dagrun for neuralretail_drift_monitoring to 2026-06-04 08:00:00+00:00, run_after=2026-06-05 08:00:00+00:00
[2026-06-05T14:16:55.940+0000] {processor.py:183} INFO - Processing /opt/airflow/dags/dag_drift_monitoring.py took 0.106 seconds
[2026-06-05T14:17:26.243+0000] {processor.py:161} INFO - Started process (PID=475) to work on /opt/airflow/dags/dag_drift_monitoring.py
[2026-06-05T14:17:26.244+0000] {processor.py:830} INFO - Processing file /opt/airflow/dags/dag_drift_monitoring.py for tasks to queue
[2026-06-05T14:17:26.247+0000] {logging_mixin.py:188} INFO - [2026-06-05T14:17:26.247+0000] {dagbag.py:540} INFO - Filling up the DagBag from /opt/airflow/dags/dag_drift_monitoring.py
[2026-06-05T14:17:26.337+0000] {processor.py:840} INFO - DAG(s) 'neuralretail_drift_monitoring' retrieved from /opt/airflow/dags/dag_drift_monitoring.py
[2026-06-05T14:17:26.362+0000] {logging_mixin.py:188} INFO - [2026-06-05T14:17:26.362+0000] {dag.py:3096} INFO - Sync 1 DAGs
[2026-06-05T14:17:26.382+0000] {logging_mixin.py:188} INFO - [2026-06-05T14:17:26.382+0000] {dag.py:3954} INFO - Setting next_dagrun for neuralretail_drift_monitoring to 2026-06-04 08:00:00+00:00, run_after=2026-06-05 08:00:00+00:00
[2026-06-05T14:17:26.429+0000] {processor.py:183} INFO - Processing /opt/airflow/dags/dag_drift_monitoring.py took 0.198 seconds
[2026-06-05T14:17:56.716+0000] {processor.py:161} INFO - Started process (PID=495) to work on /opt/airflow/dags/dag_drift_monitoring.py
[2026-06-05T14:17:56.718+0000] {processor.py:830} INFO - Processing file /opt/airflow/dags/dag_drift_monitoring.py for tasks to queue
[2026-06-05T14:17:56.722+0000] {logging_mixin.py:188} INFO - [2026-06-05T14:17:56.721+0000] {dagbag.py:540} INFO - Filling up the DagBag from /opt/airflow/dags/dag_drift_monitoring.py
[2026-06-05T14:17:56.768+0000] {processor.py:840} INFO - DAG(s) 'neuralretail_drift_monitoring' retrieved from /opt/airflow/dags/dag_drift_monitoring.py
[2026-06-05T14:17:56.787+0000] {logging_mixin.py:188} INFO - [2026-06-05T14:17:56.787+0000] {dag.py:3096} INFO - Sync 1 DAGs
[2026-06-05T14:17:56.804+0000] {logging_mixin.py:188} INFO - [2026-06-05T14:17:56.804+0000] {dag.py:3954} INFO - Setting next_dagrun for neuralretail_drift_monitoring to 2026-06-04 08:00:00+00:00, run_after=2026-06-05 08:00:00+00:00
[2026-06-05T14:17:56.821+0000] {processor.py:183} INFO - Processing /opt/airflow/dags/dag_drift_monitoring.py took 0.113 seconds
[2026-06-05T14:18:27.138+0000] {processor.py:161} INFO - Started process (PID=515) to work on /opt/airflow/dags/dag_drift_monitoring.py
[2026-06-05T14:18:27.140+0000] {processor.py:830} INFO - Processing file /opt/airflow/dags/dag_drift_monitoring.py for tasks to queue
[2026-06-05T14:18:27.146+0000] {logging_mixin.py:188} INFO - [2026-06-05T14:18:27.144+0000] {dagbag.py:540} INFO - Filling up the DagBag from /opt/airflow/dags/dag_drift_monitoring.py
[2026-06-05T14:18:27.216+0000] {processor.py:840} INFO - DAG(s) 'neuralretail_drift_monitoring' retrieved from /opt/airflow/dags/dag_drift_monitoring.py
[2026-06-05T14:18:27.247+0000] {logging_mixin.py:188} INFO - [2026-06-05T14:18:27.247+0000] {dag.py:3096} INFO - Sync 1 DAGs
[2026-06-05T14:18:27.274+0000] {logging_mixin.py:188} INFO - [2026-06-05T14:18:27.274+0000] {dag.py:3954} INFO - Setting next_dagrun for neuralretail_drift_monitoring to 2026-06-04 08:00:00+00:00, run_after=2026-06-05 08:00:00+00:00
[2026-06-05T14:18:27.300+0000] {processor.py:183} INFO - Processing /opt/airflow/dags/dag_drift_monitoring.py took 0.172 seconds
[2026-06-05T14:18:58.286+0000] {processor.py:161} INFO - Started process (PID=535) to work on /opt/airflow/dags/dag_drift_monitoring.py
[2026-06-05T14:18:58.288+0000] {processor.py:830} INFO - Processing file /opt/airflow/dags/dag_drift_monitoring.py for tasks to queue
[2026-06-05T14:18:58.292+0000] {logging_mixin.py:188} INFO - [2026-06-05T14:18:58.292+0000] {dagbag.py:540} INFO - Filling up the DagBag from /opt/airflow/dags/dag_drift_monitoring.py
[2026-06-05T14:18:58.354+0000] {processor.py:840} INFO - DAG(s) 'neuralretail_drift_monitoring' retrieved from /opt/airflow/dags/dag_drift_monitoring.py
[2026-06-05T14:18:58.376+0000] {logging_mixin.py:188} INFO - [2026-06-05T14:18:58.376+0000] {dag.py:3096} INFO - Sync 1 DAGs
[2026-06-05T14:18:58.392+0000] {logging_mixin.py:188} INFO - [2026-06-05T14:18:58.392+0000] {dag.py:3954} INFO - Setting next_dagrun for neuralretail_drift_monitoring to 2026-06-04 08:00:00+00:00, run_after=2026-06-05 08:00:00+00:00
[2026-06-05T14:18:58.416+0000] {processor.py:183} INFO - Processing /opt/airflow/dags/dag_drift_monitoring.py took 0.136 seconds
[2026-06-05T14:19:28.887+0000] {processor.py:161} INFO - Started process (PID=555) to work on /opt/airflow/dags/dag_drift_monitoring.py
[2026-06-05T14:19:28.894+0000] {processor.py:830} INFO - Processing file /opt/airflow/dags/dag_drift_monitoring.py for tasks to queue
[2026-06-05T14:19:28.899+0000] {logging_mixin.py:188} INFO - [2026-06-05T14:19:28.897+0000] {dagbag.py:540} INFO - Filling up the DagBag from /opt/airflow/dags/dag_drift_monitoring.py
[2026-06-05T14:19:29.031+0000] {processor.py:840} INFO - DAG(s) 'neuralretail_drift_monitoring' retrieved from /opt/airflow/dags/dag_drift_monitoring.py
[2026-06-05T14:19:29.060+0000] {logging_mixin.py:188} INFO - [2026-06-05T14:19:29.060+0000] {dag.py:3096} INFO - Sync 1 DAGs
[2026-06-05T14:19:29.094+0000] {logging_mixin.py:188} INFO - [2026-06-05T14:19:29.093+0000] {dag.py:3954} INFO - Setting next_dagrun for neuralretail_drift_monitoring to 2026-06-04 08:00:00+00:00, run_after=2026-06-05 08:00:00+00:00
[2026-06-05T14:19:29.223+0000] {processor.py:183} INFO - Processing /opt/airflow/dags/dag_drift_monitoring.py took 0.356 seconds
[2026-06-05T14:19:59.858+0000] {processor.py:161} INFO - Started process (PID=575) to work on /opt/airflow/dags/dag_drift_monitoring.py
[2026-06-05T14:19:59.864+0000] {processor.py:830} INFO - Processing file /opt/airflow/dags/dag_drift_monitoring.py for tasks to queue
[2026-06-05T14:19:59.868+0000] {logging_mixin.py:188} INFO - [2026-06-05T14:19:59.868+0000] {dagbag.py:540} INFO - Filling up the DagBag from /opt/airflow/dags/dag_drift_monitoring.py
[2026-06-05T14:19:59.928+0000] {processor.py:840} INFO - DAG(s) 'neuralretail_drift_monitoring' retrieved from /opt/airflow/dags/dag_drift_monitoring.py
[2026-06-05T14:19:59.955+0000] {logging_mixin.py:188} INFO - [2026-06-05T14:19:59.954+0000] {dag.py:3096} INFO - Sync 1 DAGs
[2026-06-05T14:19:59.979+0000] {logging_mixin.py:188} INFO - [2026-06-05T14:19:59.978+0000] {dag.py:3954} INFO - Setting next_dagrun for neuralretail_drift_monitoring to 2026-06-04 08:00:00+00:00, run_after=2026-06-05 08:00:00+00:00
[2026-06-05T14:19:59.999+0000] {processor.py:183} INFO - Processing /opt/airflow/dags/dag_drift_monitoring.py took 0.151 seconds
[2026-06-05T14:20:30.258+0000] {processor.py:161} INFO - Started process (PID=595) to work on /opt/airflow/dags/dag_drift_monitoring.py
[2026-06-05T14:20:30.259+0000] {processor.py:830} INFO - Processing file /opt/airflow/dags/dag_drift_monitoring.py for tasks to queue
[2026-06-05T14:20:30.263+0000] {logging_mixin.py:188} INFO - [2026-06-05T14:20:30.263+0000] {dagbag.py:540} INFO - Filling up the DagBag from /opt/airflow/dags/dag_drift_monitoring.py
[2026-06-05T14:20:30.300+0000] {processor.py:840} INFO - DAG(s) 'neuralretail_drift_monitoring' retrieved from /opt/airflow/dags/dag_drift_monitoring.py
[2026-06-05T14:20:30.324+0000] {logging_mixin.py:188} INFO - [2026-06-05T14:20:30.324+0000] {dag.py:3096} INFO - Sync 1 DAGs
[2026-06-05T14:20:30.346+0000] {logging_mixin.py:188} INFO - [2026-06-05T14:20:30.346+0000] {dag.py:3954} INFO - Setting next_dagrun for neuralretail_drift_monitoring to 2026-06-04 08:00:00+00:00, run_after=2026-06-05 08:00:00+00:00
[2026-06-05T14:20:30.368+0000] {processor.py:183} INFO - Processing /opt/airflow/dags/dag_drift_monitoring.py took 0.117 seconds
[2026-06-05T14:21:00.876+0000] {processor.py:161} INFO - Started process (PID=615) to work on /opt/airflow/dags/dag_drift_monitoring.py
[2026-06-05T14:21:00.877+0000] {processor.py:830} INFO - Processing file /opt/airflow/dags/dag_drift_monitoring.py for tasks to queue
[2026-06-05T14:21:00.879+0000] {logging_mixin.py:188} INFO - [2026-06-05T14:21:00.879+0000] {dagbag.py:540} INFO - Filling up the DagBag from /opt/airflow/dags/dag_drift_monitoring.py
[2026-06-05T14:21:00.931+0000] {processor.py:840} INFO - DAG(s) 'neuralretail_drift_monitoring' retrieved from /opt/airflow/dags/dag_drift_monitoring.py
[2026-06-05T14:21:00.954+0000] {logging_mixin.py:188} INFO - [2026-06-05T14:21:00.953+0000] {dag.py:3096} INFO - Sync 1 DAGs
[2026-06-05T14:21:00.974+0000] {logging_mixin.py:188} INFO - [2026-06-05T14:21:00.973+0000] {dag.py:3954} INFO - Setting next_dagrun for neuralretail_drift_monitoring to 2026-06-04 08:00:00+00:00, run_after=2026-06-05 08:00:00+00:00
[2026-06-05T14:21:00.999+0000] {processor.py:183} INFO - Processing /opt/airflow/dags/dag_drift_monitoring.py took 0.127 seconds
[2026-06-05T14:21:31.443+0000] {processor.py:161} INFO - Started process (PID=635) to work on /opt/airflow/dags/dag_drift_monitoring.py
[2026-06-05T14:21:31.444+0000] {processor.py:830} INFO - Processing file /opt/airflow/dags/dag_drift_monitoring.py for tasks to queue
[2026-06-05T14:21:31.449+0000] {logging_mixin.py:188} INFO - [2026-06-05T14:21:31.448+0000] {dagbag.py:540} INFO - Filling up the DagBag from /opt/airflow/dags/dag_drift_monitoring.py
[2026-06-05T14:21:31.505+0000] {processor.py:840} INFO - DAG(s) 'neuralretail_drift_monitoring' retrieved from /opt/airflow/dags/dag_drift_monitoring.py
[2026-06-05T14:21:31.531+0000] {logging_mixin.py:188} INFO - [2026-06-05T14:21:31.531+0000] {dag.py:3096} INFO - Sync 1 DAGs
[2026-06-05T14:21:31.551+0000] {logging_mixin.py:188} INFO - [2026-06-05T14:21:31.551+0000] {dag.py:3954} INFO - Setting next_dagrun for neuralretail_drift_monitoring to 2026-06-04 08:00:00+00:00, run_after=2026-06-05 08:00:00+00:00
[2026-06-05T14:21:31.572+0000] {processor.py:183} INFO - Processing /opt/airflow/dags/dag_drift_monitoring.py took 0.135 seconds
[2026-06-05T14:22:01.845+0000] {processor.py:161} INFO - Started process (PID=655) to work on /opt/airflow/dags/dag_drift_monitoring.py
[2026-06-05T14:22:01.847+0000] {processor.py:830} INFO - Processing file /opt/airflow/dags/dag_drift_monitoring.py for tasks to queue
[2026-06-05T14:22:01.849+0000] {logging_mixin.py:188} INFO - [2026-06-05T14:22:01.849+0000] {dagbag.py:540} INFO - Filling up the DagBag from /opt/airflow/dags/dag_drift_monitoring.py
[2026-06-05T14:22:01.885+0000] {processor.py:840} INFO - DAG(s) 'neuralretail_drift_monitoring' retrieved from /opt/airflow/dags/dag_drift_monitoring.py
[2026-06-05T14:22:01.911+0000] {logging_mixin.py:188} INFO - [2026-06-05T14:22:01.911+0000] {dag.py:3096} INFO - Sync 1 DAGs
[2026-06-05T14:22:01.938+0000] {logging_mixin.py:188} INFO - [2026-06-05T14:22:01.938+0000] {dag.py:3954} INFO - Setting next_dagrun for neuralretail_drift_monitoring to 2026-06-04 08:00:00+00:00, run_after=2026-06-05 08:00:00+00:00
[2026-06-05T14:22:01.962+0000] {processor.py:183} INFO - Processing /opt/airflow/dags/dag_drift_monitoring.py took 0.124 seconds
[2026-06-05T14:22:32.302+0000] {processor.py:161} INFO - Started process (PID=675) to work on /opt/airflow/dags/dag_drift_monitoring.py
[2026-06-05T14:22:32.303+0000] {processor.py:830} INFO - Processing file /opt/airflow/dags/dag_drift_monitoring.py for tasks to queue
[2026-06-05T14:22:32.307+0000] {logging_mixin.py:188} INFO - [2026-06-05T14:22:32.306+0000] {dagbag.py:540} INFO - Filling up the DagBag from /opt/airflow/dags/dag_drift_monitoring.py
[2026-06-05T14:22:32.347+0000] {processor.py:840} INFO - DAG(s) 'neuralretail_drift_monitoring' retrieved from /opt/airflow/dags/dag_drift_monitoring.py
[2026-06-05T14:22:32.377+0000] {logging_mixin.py:188} INFO - [2026-06-05T14:22:32.377+0000] {dag.py:3096} INFO - Sync 1 DAGs
[2026-06-05T14:22:32.399+0000] {logging_mixin.py:188} INFO - [2026-06-05T14:22:32.399+0000] {dag.py:3954} INFO - Setting next_dagrun for neuralretail_drift_monitoring to 2026-06-04 08:00:00+00:00, run_after=2026-06-05 08:00:00+00:00
[2026-06-05T14:22:32.420+0000] {processor.py:183} INFO - Processing /opt/airflow/dags/dag_drift_monitoring.py took 0.124 seconds
[2026-06-05T14:23:03.363+0000] {processor.py:161} INFO - Started process (PID=695) to work on /opt/airflow/dags/dag_drift_monitoring.py
[2026-06-05T14:23:03.365+0000] {processor.py:830} INFO - Processing file /opt/airflow/dags/dag_drift_monitoring.py for tasks to queue
[2026-06-05T14:23:03.368+0000] {logging_mixin.py:188} INFO - [2026-06-05T14:23:03.367+0000] {dagbag.py:540} INFO - Filling up the DagBag from /opt/airflow/dags/dag_drift_monitoring.py
[2026-06-05T14:23:03.457+0000] {processor.py:840} INFO - DAG(s) 'neuralretail_drift_monitoring' retrieved from /opt/airflow/dags/dag_drift_monitoring.py
[2026-06-05T14:23:03.483+0000] {logging_mixin.py:188} INFO - [2026-06-05T14:23:03.483+0000] {dag.py:3096} INFO - Sync 1 DAGs
[2026-06-05T14:23:03.506+0000] {logging_mixin.py:188} INFO - [2026-06-05T14:23:03.506+0000] {dag.py:3954} INFO - Setting next_dagrun for neuralretail_drift_monitoring to 2026-06-04 08:00:00+00:00, run_after=2026-06-05 08:00:00+00:00
[2026-06-05T14:23:03.557+0000] {processor.py:183} INFO - Processing /opt/airflow/dags/dag_drift_monitoring.py took 0.203 seconds
[2026-06-05T14:23:34.044+0000] {processor.py:161} INFO - Started process (PID=715) to work on /opt/airflow/dags/dag_drift_monitoring.py
[2026-06-05T14:23:34.046+0000] {processor.py:830} INFO - Processing file /opt/airflow/dags/dag_drift_monitoring.py for tasks to queue
[2026-06-05T14:23:34.049+0000] {logging_mixin.py:188} INFO - [2026-06-05T14:23:34.048+0000] {dagbag.py:540} INFO - Filling up the DagBag from /opt/airflow/dags/dag_drift_monitoring.py
[2026-06-05T14:23:34.126+0000] {processor.py:840} INFO - DAG(s) 'neuralretail_drift_monitoring' retrieved from /opt/airflow/dags/dag_drift_monitoring.py
[2026-06-05T14:23:34.170+0000] {logging_mixin.py:188} INFO - [2026-06-05T14:23:34.169+0000] {dag.py:3096} INFO - Sync 1 DAGs
[2026-06-05T14:23:34.208+0000] {logging_mixin.py:188} INFO - [2026-06-05T14:23:34.208+0000] {dag.py:3954} INFO - Setting next_dagrun for neuralretail_drift_monitoring to 2026-06-04 08:00:00+00:00, run_after=2026-06-05 08:00:00+00:00
[2026-06-05T14:23:34.262+0000] {processor.py:183} INFO - Processing /opt/airflow/dags/dag_drift_monitoring.py took 0.223 seconds
[2026-06-05T14:24:05.060+0000] {processor.py:161} INFO - Started process (PID=735) to work on /opt/airflow/dags/dag_drift_monitoring.py
[2026-06-05T14:24:05.062+0000] {processor.py:830} INFO - Processing file /opt/airflow/dags/dag_drift_monitoring.py for tasks to queue
[2026-06-05T14:24:05.066+0000] {logging_mixin.py:188} INFO - [2026-06-05T14:24:05.065+0000] {dagbag.py:540} INFO - Filling up the DagBag from /opt/airflow/dags/dag_drift_monitoring.py
[2026-06-05T14:24:05.132+0000] {processor.py:840} INFO - DAG(s) 'neuralretail_drift_monitoring' retrieved from /opt/airflow/dags/dag_drift_monitoring.py
[2026-06-05T14:24:05.186+0000] {logging_mixin.py:188} INFO - [2026-06-05T14:24:05.185+0000] {dag.py:3096} INFO - Sync 1 DAGs
[2026-06-05T14:24:05.239+0000] {logging_mixin.py:188} INFO - [2026-06-05T14:24:05.238+0000] {dag.py:3954} INFO - Setting next_dagrun for neuralretail_drift_monitoring to 2026-06-04 08:00:00+00:00, run_after=2026-06-05 08:00:00+00:00
[2026-06-05T14:24:05.284+0000] {processor.py:183} INFO - Processing /opt/airflow/dags/dag_drift_monitoring.py took 0.235 seconds
[2026-06-05T14:24:35.676+0000] {processor.py:161} INFO - Started process (PID=755) to work on /opt/airflow/dags/dag_drift_monitoring.py
[2026-06-05T14:24:35.678+0000] {processor.py:830} INFO - Processing file /opt/airflow/dags/dag_drift_monitoring.py for tasks to queue
[2026-06-05T14:24:35.682+0000] {logging_mixin.py:188} INFO - [2026-06-05T14:24:35.681+0000] {dagbag.py:540} INFO - Filling up the DagBag from /opt/airflow/dags/dag_drift_monitoring.py
[2026-06-05T14:24:35.736+0000] {processor.py:840} INFO - DAG(s) 'neuralretail_drift_monitoring' retrieved from /opt/airflow/dags/dag_drift_monitoring.py
[2026-06-05T14:24:35.775+0000] {logging_mixin.py:188} INFO - [2026-06-05T14:24:35.774+0000] {dag.py:3096} INFO - Sync 1 DAGs
[2026-06-05T14:24:35.810+0000] {logging_mixin.py:188} INFO - [2026-06-05T14:24:35.810+0000] {dag.py:3954} INFO - Setting next_dagrun for neuralretail_drift_monitoring to 2026-06-04 08:00:00+00:00, run_after=2026-06-05 08:00:00+00:00
[2026-06-05T14:24:35.840+0000] {processor.py:183} INFO - Processing /opt/airflow/dags/dag_drift_monitoring.py took 0.172 seconds
[2026-06-05T14:25:06.875+0000] {processor.py:161} INFO - Started process (PID=775) to work on /opt/airflow/dags/dag_drift_monitoring.py
[2026-06-05T14:25:06.877+0000] {processor.py:830} INFO - Processing file /opt/airflow/dags/dag_drift_monitoring.py for tasks to queue
[2026-06-05T14:25:06.880+0000] {logging_mixin.py:188} INFO - [2026-06-05T14:25:06.879+0000] {dagbag.py:540} INFO - Filling up the DagBag from /opt/airflow/dags/dag_drift_monitoring.py
[2026-06-05T14:25:06.932+0000] {processor.py:840} INFO - DAG(s) 'neuralretail_drift_monitoring' retrieved from /opt/airflow/dags/dag_drift_monitoring.py
[2026-06-05T14:25:06.960+0000] {logging_mixin.py:188} INFO - [2026-06-05T14:25:06.960+0000] {dag.py:3096} INFO - Sync 1 DAGs
[2026-06-05T14:25:06.985+0000] {logging_mixin.py:188} INFO - [2026-06-05T14:25:06.985+0000] {dag.py:3954} INFO - Setting next_dagrun for neuralretail_drift_monitoring to 2026-06-04 08:00:00+00:00, run_after=2026-06-05 08:00:00+00:00
[2026-06-05T14:25:07.012+0000] {processor.py:183} INFO - Processing /opt/airflow/dags/dag_drift_monitoring.py took 0.143 seconds
[2026-06-05T14:25:37.982+0000] {processor.py:161} INFO - Started process (PID=795) to work on /opt/airflow/dags/dag_drift_monitoring.py
[2026-06-05T14:25:37.984+0000] {processor.py:830} INFO - Processing file /opt/airflow/dags/dag_drift_monitoring.py for tasks to queue
[2026-06-05T14:25:37.988+0000] {logging_mixin.py:188} INFO - [2026-06-05T14:25:37.987+0000] {dagbag.py:540} INFO - Filling up the DagBag from /opt/airflow/dags/dag_drift_monitoring.py
[2026-06-05T14:25:38.040+0000] {processor.py:840} INFO - DAG(s) 'neuralretail_drift_monitoring' retrieved from /opt/airflow/dags/dag_drift_monitoring.py
[2026-06-05T14:25:38.063+0000] {logging_mixin.py:188} INFO - [2026-06-05T14:25:38.063+0000] {dag.py:3096} INFO - Sync 1 DAGs
[2026-06-05T14:25:38.085+0000] {logging_mixin.py:188} INFO - [2026-06-05T14:25:38.085+0000] {dag.py:3954} INFO - Setting next_dagrun for neuralretail_drift_monitoring to 2026-06-04 08:00:00+00:00, run_after=2026-06-05 08:00:00+00:00
[2026-06-05T14:25:38.105+0000] {processor.py:183} INFO - Processing /opt/airflow/dags/dag_drift_monitoring.py took 0.130 seconds
[2026-06-05T14:26:08.818+0000] {processor.py:161} INFO - Started process (PID=815) to work on /opt/airflow/dags/dag_drift_monitoring.py
[2026-06-05T14:26:08.821+0000] {processor.py:830} INFO - Processing file /opt/airflow/dags/dag_drift_monitoring.py for tasks to queue
[2026-06-05T14:26:08.825+0000] {logging_mixin.py:188} INFO - [2026-06-05T14:26:08.825+0000] {dagbag.py:540} INFO - Filling up the DagBag from /opt/airflow/dags/dag_drift_monitoring.py
[2026-06-05T14:26:08.900+0000] {processor.py:840} INFO - DAG(s) 'neuralretail_drift_monitoring' retrieved from /opt/airflow/dags/dag_drift_monitoring.py
[2026-06-05T14:26:08.936+0000] {logging_mixin.py:188} INFO - [2026-06-05T14:26:08.936+0000] {dag.py:3096} INFO - Sync 1 DAGs
[2026-06-05T14:26:08.963+0000] {logging_mixin.py:188} INFO - [2026-06-05T14:26:08.963+0000] {dag.py:3954} INFO - Setting next_dagrun for neuralretail_drift_monitoring to 2026-06-04 08:00:00+00:00, run_after=2026-06-05 08:00:00+00:00
[2026-06-05T14:26:08.986+0000] {processor.py:183} INFO - Processing /opt/airflow/dags/dag_drift_monitoring.py took 0.175 seconds
[2026-06-05T14:26:39.228+0000] {processor.py:161} INFO - Started process (PID=835) to work on /opt/airflow/dags/dag_drift_monitoring.py
[2026-06-05T14:26:39.229+0000] {processor.py:830} INFO - Processing file /opt/airflow/dags/dag_drift_monitoring.py for tasks to queue
[2026-06-05T14:26:39.231+0000] {logging_mixin.py:188} INFO - [2026-06-05T14:26:39.231+0000] {dagbag.py:540} INFO - Filling up the DagBag from /opt/airflow/dags/dag_drift_monitoring.py
[2026-06-05T14:26:39.280+0000] {processor.py:840} INFO - DAG(s) 'neuralretail_drift_monitoring' retrieved from /opt/airflow/dags/dag_drift_monitoring.py
[2026-06-05T14:26:39.310+0000] {logging_mixin.py:188} INFO - [2026-06-05T14:26:39.310+0000] {dag.py:3096} INFO - Sync 1 DAGs
[2026-06-05T14:26:39.351+0000] {logging_mixin.py:188} INFO - [2026-06-05T14:26:39.350+0000] {dag.py:3954} INFO - Setting next_dagrun for neuralretail_drift_monitoring to 2026-06-04 08:00:00+00:00, run_after=2026-06-05 08:00:00+00:00
[2026-06-05T14:26:39.383+0000] {processor.py:183} INFO - Processing /opt/airflow/dags/dag_drift_monitoring.py took 0.163 seconds
[2026-06-05T14:27:09.481+0000] {processor.py:161} INFO - Started process (PID=855) to work on /opt/airflow/dags/dag_drift_monitoring.py
[2026-06-05T14:27:09.482+0000] {processor.py:830} INFO - Processing file /opt/airflow/dags/dag_drift_monitoring.py for tasks to queue
[2026-06-05T14:27:09.483+0000] {logging_mixin.py:188} INFO - [2026-06-05T14:27:09.483+0000] {dagbag.py:540} INFO - Filling up the DagBag from /opt/airflow/dags/dag_drift_monitoring.py
[2026-06-05T14:27:09.526+0000] {processor.py:840} INFO - DAG(s) 'neuralretail_drift_monitoring' retrieved from /opt/airflow/dags/dag_drift_monitoring.py
[2026-06-05T14:27:09.558+0000] {logging_mixin.py:188} INFO - [2026-06-05T14:27:09.558+0000] {dag.py:3096} INFO - Sync 1 DAGs
[2026-06-05T14:27:09.588+0000] {logging_mixin.py:188} INFO - [2026-06-05T14:27:09.588+0000] {dag.py:3954} INFO - Setting next_dagrun for neuralretail_drift_monitoring to 2026-06-04 08:00:00+00:00, run_after=2026-06-05 08:00:00+00:00
[2026-06-05T14:27:09.608+0000] {processor.py:183} INFO - Processing /opt/airflow/dags/dag_drift_monitoring.py took 0.132 seconds
[2026-06-05T14:27:40.557+0000] {processor.py:161} INFO - Started process (PID=875) to work on /opt/airflow/dags/dag_drift_monitoring.py
[2026-06-05T14:27:40.559+0000] {processor.py:830} INFO - Processing file /opt/airflow/dags/dag_drift_monitoring.py for tasks to queue
[2026-06-05T14:27:40.560+0000] {logging_mixin.py:188} INFO - [2026-06-05T14:27:40.560+0000] {dagbag.py:540} INFO - Filling up the DagBag from /opt/airflow/dags/dag_drift_monitoring.py
[2026-06-05T14:27:40.617+0000] {processor.py:840} INFO - DAG(s) 'neuralretail_drift_monitoring' retrieved from /opt/airflow/dags/dag_drift_monitoring.py
[2026-06-05T14:27:40.642+0000] {logging_mixin.py:188} INFO - [2026-06-05T14:27:40.642+0000] {dag.py:3096} INFO - Sync 1 DAGs
[2026-06-05T14:27:40.665+0000] {logging_mixin.py:188} INFO - [2026-06-05T14:27:40.664+0000] {dag.py:3954} INFO - Setting next_dagrun for neuralretail_drift_monitoring to 2026-06-04 08:00:00+00:00, run_after=2026-06-05 08:00:00+00:00
[2026-06-05T14:27:40.694+0000] {processor.py:183} INFO - Processing /opt/airflow/dags/dag_drift_monitoring.py took 0.143 seconds
[2026-06-05T14:28:10.988+0000] {processor.py:161} INFO - Started process (PID=897) to work on /opt/airflow/dags/dag_drift_monitoring.py
[2026-06-05T14:28:10.989+0000] {processor.py:830} INFO - Processing file /opt/airflow/dags/dag_drift_monitoring.py for tasks to queue
[2026-06-05T14:28:10.992+0000] {logging_mixin.py:188} INFO - [2026-06-05T14:28:10.991+0000] {dagbag.py:540} INFO - Filling up the DagBag from /opt/airflow/dags/dag_drift_monitoring.py
[2026-06-05T14:28:11.041+0000] {processor.py:840} INFO - DAG(s) 'neuralretail_drift_monitoring' retrieved from /opt/airflow/dags/dag_drift_monitoring.py
[2026-06-05T14:28:11.068+0000] {logging_mixin.py:188} INFO - [2026-06-05T14:28:11.067+0000] {dag.py:3096} INFO - Sync 1 DAGs
[2026-06-05T14:28:11.088+0000] {logging_mixin.py:188} INFO - [2026-06-05T14:28:11.088+0000] {dag.py:3954} INFO - Setting next_dagrun for neuralretail_drift_monitoring to 2026-06-04 08:00:00+00:00, run_after=2026-06-05 08:00:00+00:00
[2026-06-05T14:28:11.119+0000] {processor.py:183} INFO - Processing /opt/airflow/dags/dag_drift_monitoring.py took 0.136 seconds
[2026-06-05T14:28:41.350+0000] {processor.py:161} INFO - Started process (PID=915) to work on /opt/airflow/dags/dag_drift_monitoring.py
[2026-06-05T14:28:41.352+0000] {processor.py:830} INFO - Processing file /opt/airflow/dags/dag_drift_monitoring.py for tasks to queue
[2026-06-05T14:28:41.355+0000] {logging_mixin.py:188} INFO - [2026-06-05T14:28:41.354+0000] {dagbag.py:540} INFO - Filling up the DagBag from /opt/airflow/dags/dag_drift_monitoring.py
[2026-06-05T14:28:41.418+0000] {processor.py:840} INFO - DAG(s) 'neuralretail_drift_monitoring' retrieved from /opt/airflow/dags/dag_drift_monitoring.py
[2026-06-05T14:28:41.441+0000] {logging_mixin.py:188} INFO - [2026-06-05T14:28:41.441+0000] {dag.py:3096} INFO - Sync 1 DAGs
[2026-06-05T14:28:41.460+0000] {logging_mixin.py:188} INFO - [2026-06-05T14:28:41.460+0000] {dag.py:3954} INFO - Setting next_dagrun for neuralretail_drift_monitoring to 2026-06-04 08:00:00+00:00, run_after=2026-06-05 08:00:00+00:00
[2026-06-05T14:28:42.279+0000] {processor.py:183} INFO - Processing /opt/airflow/dags/dag_drift_monitoring.py took 0.936 seconds
[2026-06-05T14:29:12.861+0000] {processor.py:161} INFO - Started process (PID=937) to work on /opt/airflow/dags/dag_drift_monitoring.py
[2026-06-05T14:29:12.862+0000] {processor.py:830} INFO - Processing file /opt/airflow/dags/dag_drift_monitoring.py for tasks to queue
[2026-06-05T14:29:12.864+0000] {logging_mixin.py:188} INFO - [2026-06-05T14:29:12.864+0000] {dagbag.py:540} INFO - Filling up the DagBag from /opt/airflow/dags/dag_drift_monitoring.py
[2026-06-05T14:29:12.901+0000] {processor.py:840} INFO - DAG(s) 'neuralretail_drift_monitoring' retrieved from /opt/airflow/dags/dag_drift_monitoring.py
[2026-06-05T14:29:12.934+0000] {logging_mixin.py:188} INFO - [2026-06-05T14:29:12.934+0000] {dag.py:3096} INFO - Sync 1 DAGs
[2026-06-05T14:29:12.959+0000] {logging_mixin.py:188} INFO - [2026-06-05T14:29:12.959+0000] {dag.py:3954} INFO - Setting next_dagrun for neuralretail_drift_monitoring to 2026-06-04 08:00:00+00:00, run_after=2026-06-05 08:00:00+00:00
[2026-06-05T14:29:12.985+0000] {processor.py:183} INFO - Processing /opt/airflow/dags/dag_drift_monitoring.py took 0.129 seconds
[2026-06-05T14:29:43.374+0000] {processor.py:161} INFO - Started process (PID=957) to work on /opt/airflow/dags/dag_drift_monitoring.py
[2026-06-05T14:29:43.377+0000] {processor.py:830} INFO - Processing file /opt/airflow/dags/dag_drift_monitoring.py for tasks to queue
[2026-06-05T14:29:43.384+0000] {logging_mixin.py:188} INFO - [2026-06-05T14:29:43.383+0000] {dagbag.py:540} INFO - Filling up the DagBag from /opt/airflow/dags/dag_drift_monitoring.py
[2026-06-05T14:29:43.496+0000] {processor.py:840} INFO - DAG(s) 'neuralretail_drift_monitoring' retrieved from /opt/airflow/dags/dag_drift_monitoring.py
[2026-06-05T14:29:43.539+0000] {logging_mixin.py:188} INFO - [2026-06-05T14:29:43.539+0000] {dag.py:3096} INFO - Sync 1 DAGs
[2026-06-05T14:29:43.588+0000] {logging_mixin.py:188} INFO - [2026-06-05T14:29:43.587+0000] {dag.py:3954} INFO - Setting next_dagrun for neuralretail_drift_monitoring to 2026-06-04 08:00:00+00:00, run_after=2026-06-05 08:00:00+00:00
[2026-06-05T14:29:43.645+0000] {processor.py:183} INFO - Processing /opt/airflow/dags/dag_drift_monitoring.py took 0.291 seconds
[2026-06-05T14:30:14.145+0000] {processor.py:161} INFO - Started process (PID=977) to work on /opt/airflow/dags/dag_drift_monitoring.py
[2026-06-05T14:30:14.146+0000] {processor.py:830} INFO - Processing file /opt/airflow/dags/dag_drift_monitoring.py for tasks to queue
[2026-06-05T14:30:14.148+0000] {logging_mixin.py:188} INFO - [2026-06-05T14:30:14.148+0000] {dagbag.py:540} INFO - Filling up the DagBag from /opt/airflow/dags/dag_drift_monitoring.py
[2026-06-05T14:30:14.213+0000] {processor.py:840} INFO - DAG(s) 'neuralretail_drift_monitoring' retrieved from /opt/airflow/dags/dag_drift_monitoring.py
[2026-06-05T14:30:14.240+0000] {logging_mixin.py:188} INFO - [2026-06-05T14:30:14.239+0000] {dag.py:3096} INFO - Sync 1 DAGs
[2026-06-05T14:30:14.377+0000] {logging_mixin.py:188} INFO - [2026-06-05T14:30:14.377+0000] {dag.py:3954} INFO - Setting next_dagrun for neuralretail_drift_monitoring to 2026-06-04 08:00:00+00:00, run_after=2026-06-05 08:00:00+00:00
[2026-06-05T14:30:14.407+0000] {processor.py:183} INFO - Processing /opt/airflow/dags/dag_drift_monitoring.py took 0.268 seconds
[2026-06-05T14:30:44.931+0000] {processor.py:161} INFO - Started process (PID=995) to work on /opt/airflow/dags/dag_drift_monitoring.py
[2026-06-05T14:30:44.933+0000] {processor.py:830} INFO - Processing file /opt/airflow/dags/dag_drift_monitoring.py for tasks to queue
[2026-06-05T14:30:44.940+0000] {logging_mixin.py:188} INFO - [2026-06-05T14:30:44.939+0000] {dagbag.py:540} INFO - Filling up the DagBag from /opt/airflow/dags/dag_drift_monitoring.py
[2026-06-05T14:30:45.043+0000] {processor.py:840} INFO - DAG(s) 'neuralretail_drift_monitoring' retrieved from /opt/airflow/dags/dag_drift_monitoring.py
[2026-06-05T14:30:45.070+0000] {logging_mixin.py:188} INFO - [2026-06-05T14:30:45.070+0000] {dag.py:3096} INFO - Sync 1 DAGs
[2026-06-05T14:30:45.108+0000] {logging_mixin.py:188} INFO - [2026-06-05T14:30:45.108+0000] {dag.py:3954} INFO - Setting next_dagrun for neuralretail_drift_monitoring to 2026-06-04 08:00:00+00:00, run_after=2026-06-05 08:00:00+00:00
[2026-06-05T14:30:45.158+0000] {processor.py:183} INFO - Processing /opt/airflow/dags/dag_drift_monitoring.py took 0.244 seconds
[2026-06-05T14:31:15.774+0000] {processor.py:161} INFO - Started process (PID=1015) to work on /opt/airflow/dags/dag_drift_monitoring.py
[2026-06-05T14:31:15.776+0000] {processor.py:830} INFO - Processing file /opt/airflow/dags/dag_drift_monitoring.py for tasks to queue
[2026-06-05T14:31:15.780+0000] {logging_mixin.py:188} INFO - [2026-06-05T14:31:15.779+0000] {dagbag.py:540} INFO - Filling up the DagBag from /opt/airflow/dags/dag_drift_monitoring.py
[2026-06-05T14:31:15.874+0000] {processor.py:840} INFO - DAG(s) 'neuralretail_drift_monitoring' retrieved from /opt/airflow/dags/dag_drift_monitoring.py
[2026-06-05T14:31:15.910+0000] {logging_mixin.py:188} INFO - [2026-06-05T14:31:15.910+0000] {dag.py:3096} INFO - Sync 1 DAGs
[2026-06-05T14:31:15.934+0000] {logging_mixin.py:188} INFO - [2026-06-05T14:31:15.934+0000] {dag.py:3954} INFO - Setting next_dagrun for neuralretail_drift_monitoring to 2026-06-04 08:00:00+00:00, run_after=2026-06-05 08:00:00+00:00
[2026-06-05T14:31:15.957+0000] {processor.py:183} INFO - Processing /opt/airflow/dags/dag_drift_monitoring.py took 0.193 seconds
[2026-06-05T14:31:46.422+0000] {processor.py:161} INFO - Started process (PID=1035) to work on /opt/airflow/dags/dag_drift_monitoring.py
[2026-06-05T14:31:46.426+0000] {processor.py:830} INFO - Processing file /opt/airflow/dags/dag_drift_monitoring.py for tasks to queue
[2026-06-05T14:31:46.431+0000] {logging_mixin.py:188} INFO - [2026-06-05T14:31:46.431+0000] {dagbag.py:540} INFO - Filling up the DagBag from /opt/airflow/dags/dag_drift_monitoring.py
[2026-06-05T14:31:46.532+0000] {processor.py:840} INFO - DAG(s) 'neuralretail_drift_monitoring' retrieved from /opt/airflow/dags/dag_drift_monitoring.py
[2026-06-05T14:31:46.562+0000] {logging_mixin.py:188} INFO - [2026-06-05T14:31:46.561+0000] {dag.py:3096} INFO - Sync 1 DAGs
[2026-06-05T14:31:46.584+0000] {logging_mixin.py:188} INFO - [2026-06-05T14:31:46.583+0000] {dag.py:3954} INFO - Setting next_dagrun for neuralretail_drift_monitoring to 2026-06-04 08:00:00+00:00, run_after=2026-06-05 08:00:00+00:00
[2026-06-05T14:31:46.607+0000] {processor.py:183} INFO - Processing /opt/airflow/dags/dag_drift_monitoring.py took 0.196 seconds
[2026-06-05T14:32:17.428+0000] {processor.py:161} INFO - Started process (PID=1055) to work on /opt/airflow/dags/dag_drift_monitoring.py
[2026-06-05T14:32:17.431+0000] {processor.py:830} INFO - Processing file /opt/airflow/dags/dag_drift_monitoring.py for tasks to queue
[2026-06-05T14:32:17.436+0000] {logging_mixin.py:188} INFO - [2026-06-05T14:32:17.436+0000] {dagbag.py:540} INFO - Filling up the DagBag from /opt/airflow/dags/dag_drift_monitoring.py
[2026-06-05T14:32:17.595+0000] {processor.py:840} INFO - DAG(s) 'neuralretail_drift_monitoring' retrieved from /opt/airflow/dags/dag_drift_monitoring.py
[2026-06-05T14:32:17.626+0000] {logging_mixin.py:188} INFO - [2026-06-05T14:32:17.626+0000] {dag.py:3096} INFO - Sync 1 DAGs
[2026-06-05T14:32:17.652+0000] {logging_mixin.py:188} INFO - [2026-06-05T14:32:17.652+0000] {dag.py:3954} INFO - Setting next_dagrun for neuralretail_drift_monitoring to 2026-06-04 08:00:00+00:00, run_after=2026-06-05 08:00:00+00:00
[2026-06-05T14:32:17.673+0000] {processor.py:183} INFO - Processing /opt/airflow/dags/dag_drift_monitoring.py took 0.257 seconds
[2026-06-05T14:32:47.886+0000] {processor.py:161} INFO - Started process (PID=1075) to work on /opt/airflow/dags/dag_drift_monitoring.py
[2026-06-05T14:32:47.887+0000] {processor.py:830} INFO - Processing file /opt/airflow/dags/dag_drift_monitoring.py for tasks to queue
[2026-06-05T14:32:47.889+0000] {logging_mixin.py:188} INFO - [2026-06-05T14:32:47.889+0000] {dagbag.py:540} INFO - Filling up the DagBag from /opt/airflow/dags/dag_drift_monitoring.py
[2026-06-05T14:32:47.928+0000] {processor.py:840} INFO - DAG(s) 'neuralretail_drift_monitoring' retrieved from /opt/airflow/dags/dag_drift_monitoring.py
[2026-06-05T14:32:47.950+0000] {logging_mixin.py:188} INFO - [2026-06-05T14:32:47.949+0000] {dag.py:3096} INFO - Sync 1 DAGs
[2026-06-05T14:32:47.968+0000] {logging_mixin.py:188} INFO - [2026-06-05T14:32:47.968+0000] {dag.py:3954} INFO - Setting next_dagrun for neuralretail_drift_monitoring to 2026-06-04 08:00:00+00:00, run_after=2026-06-05 08:00:00+00:00
[2026-06-05T14:32:47.986+0000] {processor.py:183} INFO - Processing /opt/airflow/dags/dag_drift_monitoring.py took 0.105 seconds
[2026-06-05T14:33:18.445+0000] {processor.py:161} INFO - Started process (PID=1095) to work on /opt/airflow/dags/dag_drift_monitoring.py
[2026-06-05T14:33:18.446+0000] {processor.py:830} INFO - Processing file /opt/airflow/dags/dag_drift_monitoring.py for tasks to queue
[2026-06-05T14:33:18.448+0000] {logging_mixin.py:188} INFO - [2026-06-05T14:33:18.448+0000] {dagbag.py:540} INFO - Filling up the DagBag from /opt/airflow/dags/dag_drift_monitoring.py
[2026-06-05T14:33:18.502+0000] {processor.py:840} INFO - DAG(s) 'neuralretail_drift_monitoring' retrieved from /opt/airflow/dags/dag_drift_monitoring.py
[2026-06-05T14:33:18.521+0000] {logging_mixin.py:188} INFO - [2026-06-05T14:33:18.521+0000] {dag.py:3096} INFO - Sync 1 DAGs
[2026-06-05T14:33:18.541+0000] {logging_mixin.py:188} INFO - [2026-06-05T14:33:18.541+0000] {dag.py:3954} INFO - Setting next_dagrun for neuralretail_drift_monitoring to 2026-06-04 08:00:00+00:00, run_after=2026-06-05 08:00:00+00:00
[2026-06-05T14:33:18.568+0000] {processor.py:183} INFO - Processing /opt/airflow/dags/dag_drift_monitoring.py took 0.127 seconds
[2026-06-05T14:33:49.042+0000] {processor.py:161} INFO - Started process (PID=1115) to work on /opt/airflow/dags/dag_drift_monitoring.py
[2026-06-05T14:33:49.057+0000] {processor.py:830} INFO - Processing file /opt/airflow/dags/dag_drift_monitoring.py for tasks to queue
[2026-06-05T14:33:49.065+0000] {logging_mixin.py:188} INFO - [2026-06-05T14:33:49.064+0000] {dagbag.py:540} INFO - Filling up the DagBag from /opt/airflow/dags/dag_drift_monitoring.py
[2026-06-05T14:33:49.129+0000] {processor.py:840} INFO - DAG(s) 'neuralretail_drift_monitoring' retrieved from /opt/airflow/dags/dag_drift_monitoring.py
[2026-06-05T14:33:49.153+0000] {logging_mixin.py:188} INFO - [2026-06-05T14:33:49.153+0000] {dag.py:3096} INFO - Sync 1 DAGs
[2026-06-05T14:33:49.174+0000] {logging_mixin.py:188} INFO - [2026-06-05T14:33:49.174+0000] {dag.py:3954} INFO - Setting next_dagrun for neuralretail_drift_monitoring to 2026-06-04 08:00:00+00:00, run_after=2026-06-05 08:00:00+00:00
[2026-06-05T14:33:49.194+0000] {processor.py:183} INFO - Processing /opt/airflow/dags/dag_drift_monitoring.py took 0.159 seconds
[2026-06-05T14:34:19.388+0000] {processor.py:161} INFO - Started process (PID=1135) to work on /opt/airflow/dags/dag_drift_monitoring.py
[2026-06-05T14:34:19.391+0000] {processor.py:830} INFO - Processing file /opt/airflow/dags/dag_drift_monitoring.py for tasks to queue
[2026-06-05T14:34:19.396+0000] {logging_mixin.py:188} INFO - [2026-06-05T14:34:19.395+0000] {dagbag.py:540} INFO - Filling up the DagBag from /opt/airflow/dags/dag_drift_monitoring.py
[2026-06-05T14:34:19.480+0000] {processor.py:840} INFO - DAG(s) 'neuralretail_drift_monitoring' retrieved from /opt/airflow/dags/dag_drift_monitoring.py
[2026-06-05T14:34:19.505+0000] {logging_mixin.py:188} INFO - [2026-06-05T14:34:19.504+0000] {dag.py:3096} INFO - Sync 1 DAGs
[2026-06-05T14:34:19.527+0000] {logging_mixin.py:188} INFO - [2026-06-05T14:34:19.526+0000] {dag.py:3954} INFO - Setting next_dagrun for neuralretail_drift_monitoring to 2026-06-04 08:00:00+00:00, run_after=2026-06-05 08:00:00+00:00
[2026-06-05T14:34:19.553+0000] {processor.py:183} INFO - Processing /opt/airflow/dags/dag_drift_monitoring.py took 0.172 seconds
[2026-06-05T14:34:49.984+0000] {processor.py:161} INFO - Started process (PID=1155) to work on /opt/airflow/dags/dag_drift_monitoring.py
[2026-06-05T14:34:49.985+0000] {processor.py:830} INFO - Processing file /opt/airflow/dags/dag_drift_monitoring.py for tasks to queue
[2026-06-05T14:34:49.986+0000] {logging_mixin.py:188} INFO - [2026-06-05T14:34:49.986+0000] {dagbag.py:540} INFO - Filling up the DagBag from /opt/airflow/dags/dag_drift_monitoring.py
[2026-06-05T14:34:50.124+0000] {processor.py:840} INFO - DAG(s) 'neuralretail_drift_monitoring' retrieved from /opt/airflow/dags/dag_drift_monitoring.py
[2026-06-05T14:34:50.152+0000] {logging_mixin.py:188} INFO - [2026-06-05T14:34:50.151+0000] {dag.py:3096} INFO - Sync 1 DAGs
[2026-06-05T14:34:50.169+0000] {logging_mixin.py:188} INFO - [2026-06-05T14:34:50.169+0000] {dag.py:3954} INFO - Setting next_dagrun for neuralretail_drift_monitoring to 2026-06-04 08:00:00+00:00, run_after=2026-06-05 08:00:00+00:00
[2026-06-05T14:34:50.197+0000] {processor.py:183} INFO - Processing /opt/airflow/dags/dag_drift_monitoring.py took 0.219 seconds
[2026-06-05T14:35:21.059+0000] {processor.py:161} INFO - Started process (PID=1175) to work on /opt/airflow/dags/dag_drift_monitoring.py
[2026-06-05T14:35:21.061+0000] {processor.py:830} INFO - Processing file /opt/airflow/dags/dag_drift_monitoring.py for tasks to queue
[2026-06-05T14:35:21.064+0000] {logging_mixin.py:188} INFO - [2026-06-05T14:35:21.063+0000] {dagbag.py:540} INFO - Filling up the DagBag from /opt/airflow/dags/dag_drift_monitoring.py
[2026-06-05T14:35:21.115+0000] {processor.py:840} INFO - DAG(s) 'neuralretail_drift_monitoring' retrieved from /opt/airflow/dags/dag_drift_monitoring.py
[2026-06-05T14:35:21.137+0000] {logging_mixin.py:188} INFO - [2026-06-05T14:35:21.137+0000] {dag.py:3096} INFO - Sync 1 DAGs
[2026-06-05T14:35:21.157+0000] {logging_mixin.py:188} INFO - [2026-06-05T14:35:21.157+0000] {dag.py:3954} INFO - Setting next_dagrun for neuralretail_drift_monitoring to 2026-06-04 08:00:00+00:00, run_after=2026-06-05 08:00:00+00:00
[2026-06-05T14:35:21.176+0000] {processor.py:183} INFO - Processing /opt/airflow/dags/dag_drift_monitoring.py took 0.122 seconds
[2026-06-05T14:35:51.561+0000] {processor.py:161} INFO - Started process (PID=1195) to work on /opt/airflow/dags/dag_drift_monitoring.py
[2026-06-05T14:35:51.563+0000] {processor.py:830} INFO - Processing file /opt/airflow/dags/dag_drift_monitoring.py for tasks to queue
[2026-06-05T14:35:51.565+0000] {logging_mixin.py:188} INFO - [2026-06-05T14:35:51.565+0000] {dagbag.py:540} INFO - Filling up the DagBag from /opt/airflow/dags/dag_drift_monitoring.py
[2026-06-05T14:35:51.619+0000] {processor.py:840} INFO - DAG(s) 'neuralretail_drift_monitoring' retrieved from /opt/airflow/dags/dag_drift_monitoring.py
[2026-06-05T14:35:51.640+0000] {logging_mixin.py:188} INFO - [2026-06-05T14:35:51.639+0000] {dag.py:3096} INFO - Sync 1 DAGs
[2026-06-05T14:35:51.660+0000] {logging_mixin.py:188} INFO - [2026-06-05T14:35:51.660+0000] {dag.py:3954} INFO - Setting next_dagrun for neuralretail_drift_monitoring to 2026-06-04 08:00:00+00:00, run_after=2026-06-05 08:00:00+00:00
[2026-06-05T14:35:51.696+0000] {processor.py:183} INFO - Processing /opt/airflow/dags/dag_drift_monitoring.py took 0.139 seconds
[2026-06-05T14:36:22.652+0000] {processor.py:161} INFO - Started process (PID=1215) to work on /opt/airflow/dags/dag_drift_monitoring.py
[2026-06-05T14:36:22.654+0000] {processor.py:830} INFO - Processing file /opt/airflow/dags/dag_drift_monitoring.py for tasks to queue
[2026-06-05T14:36:22.655+0000] {logging_mixin.py:188} INFO - [2026-06-05T14:36:22.655+0000] {dagbag.py:540} INFO - Filling up the DagBag from /opt/airflow/dags/dag_drift_monitoring.py
[2026-06-05T14:36:22.692+0000] {processor.py:840} INFO - DAG(s) 'neuralretail_drift_monitoring' retrieved from /opt/airflow/dags/dag_drift_monitoring.py
[2026-06-05T14:36:22.719+0000] {logging_mixin.py:188} INFO - [2026-06-05T14:36:22.718+0000] {dag.py:3096} INFO - Sync 1 DAGs
[2026-06-05T14:36:22.737+0000] {logging_mixin.py:188} INFO - [2026-06-05T14:36:22.737+0000] {dag.py:3954} INFO - Setting next_dagrun for neuralretail_drift_monitoring to 2026-06-04 08:00:00+00:00, run_after=2026-06-05 08:00:00+00:00
[2026-06-05T14:36:22.761+0000] {processor.py:183} INFO - Processing /opt/airflow/dags/dag_drift_monitoring.py took 0.113 seconds
[2026-06-05T14:36:53.221+0000] {processor.py:161} INFO - Started process (PID=1235) to work on /opt/airflow/dags/dag_drift_monitoring.py
[2026-06-05T14:36:53.224+0000] {processor.py:830} INFO - Processing file /opt/airflow/dags/dag_drift_monitoring.py for tasks to queue
[2026-06-05T14:36:53.229+0000] {logging_mixin.py:188} INFO - [2026-06-05T14:36:53.228+0000] {dagbag.py:540} INFO - Filling up the DagBag from /opt/airflow/dags/dag_drift_monitoring.py
[2026-06-05T14:36:53.315+0000] {processor.py:840} INFO - DAG(s) 'neuralretail_drift_monitoring' retrieved from /opt/airflow/dags/dag_drift_monitoring.py
[2026-06-05T14:36:53.342+0000] {logging_mixin.py:188} INFO - [2026-06-05T14:36:53.341+0000] {dag.py:3096} INFO - Sync 1 DAGs
[2026-06-05T14:36:53.367+0000] {logging_mixin.py:188} INFO - [2026-06-05T14:36:53.367+0000] {dag.py:3954} INFO - Setting next_dagrun for neuralretail_drift_monitoring to 2026-06-04 08:00:00+00:00, run_after=2026-06-05 08:00:00+00:00
[2026-06-05T14:36:53.392+0000] {processor.py:183} INFO - Processing /opt/airflow/dags/dag_drift_monitoring.py took 0.178 seconds
[2026-06-05T14:37:23.675+0000] {processor.py:161} INFO - Started process (PID=1255) to work on /opt/airflow/dags/dag_drift_monitoring.py
[2026-06-05T14:37:23.677+0000] {processor.py:830} INFO - Processing file /opt/airflow/dags/dag_drift_monitoring.py for tasks to queue
[2026-06-05T14:37:23.679+0000] {logging_mixin.py:188} INFO - [2026-06-05T14:37:23.679+0000] {dagbag.py:540} INFO - Filling up the DagBag from /opt/airflow/dags/dag_drift_monitoring.py
[2026-06-05T14:37:23.764+0000] {processor.py:840} INFO - DAG(s) 'neuralretail_drift_monitoring' retrieved from /opt/airflow/dags/dag_drift_monitoring.py
[2026-06-05T14:37:23.802+0000] {logging_mixin.py:188} INFO - [2026-06-05T14:37:23.802+0000] {dag.py:3096} INFO - Sync 1 DAGs
[2026-06-05T14:37:23.842+0000] {logging_mixin.py:188} INFO - [2026-06-05T14:37:23.841+0000] {dag.py:3954} INFO - Setting next_dagrun for neuralretail_drift_monitoring to 2026-06-04 08:00:00+00:00, run_after=2026-06-05 08:00:00+00:00
[2026-06-05T14:37:23.873+0000] {processor.py:183} INFO - Processing /opt/airflow/dags/dag_drift_monitoring.py took 0.203 seconds
[2026-06-05T14:37:54.023+0000] {processor.py:161} INFO - Started process (PID=1275) to work on /opt/airflow/dags/dag_drift_monitoring.py
[2026-06-05T14:37:54.024+0000] {processor.py:830} INFO - Processing file /opt/airflow/dags/dag_drift_monitoring.py for tasks to queue
[2026-06-05T14:37:54.026+0000] {logging_mixin.py:188} INFO - [2026-06-05T14:37:54.026+0000] {dagbag.py:540} INFO - Filling up the DagBag from /opt/airflow/dags/dag_drift_monitoring.py
[2026-06-05T14:37:54.092+0000] {processor.py:840} INFO - DAG(s) 'neuralretail_drift_monitoring' retrieved from /opt/airflow/dags/dag_drift_monitoring.py
[2026-06-05T14:37:54.114+0000] {logging_mixin.py:188} INFO - [2026-06-05T14:37:54.114+0000] {dag.py:3096} INFO - Sync 1 DAGs
[2026-06-05T14:37:54.136+0000] {logging_mixin.py:188} INFO - [2026-06-05T14:37:54.135+0000] {dag.py:3954} INFO - Setting next_dagrun for neuralretail_drift_monitoring to 2026-06-04 08:00:00+00:00, run_after=2026-06-05 08:00:00+00:00
[2026-06-05T14:37:54.165+0000] {processor.py:183} INFO - Processing /opt/airflow/dags/dag_drift_monitoring.py took 0.147 seconds
[2026-06-05T14:38:24.701+0000] {processor.py:161} INFO - Started process (PID=1297) to work on /opt/airflow/dags/dag_drift_monitoring.py
[2026-06-05T14:38:24.703+0000] {processor.py:830} INFO - Processing file /opt/airflow/dags/dag_drift_monitoring.py for tasks to queue
[2026-06-05T14:38:24.706+0000] {logging_mixin.py:188} INFO - [2026-06-05T14:38:24.706+0000] {dagbag.py:540} INFO - Filling up the DagBag from /opt/airflow/dags/dag_drift_monitoring.py
[2026-06-05T14:38:24.827+0000] {processor.py:840} INFO - DAG(s) 'neuralretail_drift_monitoring' retrieved from /opt/airflow/dags/dag_drift_monitoring.py
[2026-06-05T14:38:24.870+0000] {logging_mixin.py:188} INFO - [2026-06-05T14:38:24.869+0000] {dag.py:3096} INFO - Sync 1 DAGs
[2026-06-05T14:38:24.911+0000] {logging_mixin.py:188} INFO - [2026-06-05T14:38:24.911+0000] {dag.py:3954} INFO - Setting next_dagrun for neuralretail_drift_monitoring to 2026-06-04 08:00:00+00:00, run_after=2026-06-05 08:00:00+00:00
[2026-06-05T14:38:24.955+0000] {processor.py:183} INFO - Processing /opt/airflow/dags/dag_drift_monitoring.py took 0.260 seconds
